#
# There is insufficient memory for the Java Runtime Environment to continue.
# Native memory allocation (malloc) failed to allocate 1320720 bytes. Error detail: Chunk::new
# Possible reasons:
#   The system is out of physical RAM or swap space
#   This process is running with CompressedOops enabled, and the Java Heap may be blocking the growth of the native heap
# Possible solutions:
#   Reduce memory load on the system
#   Increase physical memory or swap space
#   Check if swap backing store is full
#   Decrease Java heap size (-Xmx/-Xms)
#   Decrease number of Java threads
#   Decrease Java thread stack sizes (-Xss)
#   Set larger code cache with -XX:ReservedCodeCacheSize=
#   JVM is running with Unscaled Compressed Oops mode in which the Java heap is
#     placed in the first 4GB address space. The Java Heap base address is the
#     maximum limit for the native heap growth. Please use -XX:HeapBaseMinAddress
#     to set the Java Heap base and to place the Java Heap above 4GB virtual address.
# This output file may be truncated or incomplete.
#
#  Out of Memory Error (arena.cpp:168), pid=15144, tid=9688
#
# JRE version: OpenJDK Runtime Environment Temurin-21.0.11+10 (21.0.11+10) (build 21.0.11+10-LTS)
# Java VM: OpenJDK 64-Bit Server VM Temurin-21.0.11+10 (21.0.11+10-LTS, mixed mode, sharing, tiered, compressed oops, compressed class ptrs, parallel gc, windows-amd64)
# No core dump will be written. Minidumps are not enabled by default on client versions of Windows
#

---------------  S U M M A R Y ------------

Command Line: --add-modules=ALL-SYSTEM --add-opens=java.base/java.util=ALL-UNNAMED --add-opens=java.base/java.lang=ALL-UNNAMED --add-opens=java.base/sun.nio.fs=ALL-UNNAMED -Declipse.application=org.eclipse.jdt.ls.core.id1 -Dosgi.bundles.defaultStartLevel=4 -Declipse.product=org.eclipse.jdt.ls.core.product -Djava.import.generatesMetadataFilesAtProjectRoot=false -DDetectVMInstallationsJob.disabled=true -Dfile.encoding=utf8 -XX:+UseParallelGC -XX:GCTimeRatio=4 -XX:AdaptiveSizePolicyWeight=90 -Dsun.zip.disableMemoryMapping=true -Xmx2G -Xms100m -Xlog:disable -javaagent:c:\Users\DELL\.vscode\extensions\redhat.java-1.55.0-win32-x64\lombok\lombok-1.18.39-4050.jar -XX:+HeapDumpOnOutOfMemoryError -XX:HeapDumpPath=c:\Users\DELL\AppData\Roaming\Code\User\workspaceStorage\9eb14853205e273cbd332edeb5d555d8\redhat.java -Daether.dependencyCollector.impl=bf c:\Users\DELL\.vscode\extensions\redhat.java-1.55.0-win32-x64\server\plugins\org.eclipse.equinox.launcher_1.7.200.v20260619-2039.jar -configuration c:\Users\DELL\AppData\Roaming\Code\User\globalStorage\redhat.java\1.55.0\config_win -data c:\Users\DELL\AppData\Roaming\Code\User\workspaceStorage\9eb14853205e273cbd332edeb5d555d8\redhat.java\jdt_ws --pipe=\\.\pipe\lsp-7ba9ce3518295f3dc301434042d637a4-sock

Host: 11th Gen Intel(R) Core(TM) i7-11370H @ 3.30GHz, 8 cores, 7G,  Windows 11 , 64 bit Build 26100 (10.0.26100.9168)
Time: Mon Aug 31 10:57:23 2026 Sri Lanka Standard Time elapsed time: 11.168372 seconds (0d 0h 0m 11s)

---------------  T H R E A D  ---------------

Current thread (0x000001d2f9a2f0d0):  JavaThread "C2 CompilerThread1" daemon [_thread_in_native, id=9688, stack(0x000000589bf00000,0x000000589c000000) (1024K)]


Current CompileTask:
C2:11168 6409   !   4       org.eclipse.osgi.internal.loader.BundleLoader::findClass0 (490 bytes)

Stack: [0x000000589bf00000,0x000000589c000000]
Native frames: (J=compiled Java code, j=interpreted, Vv=VM code, C=native code)
V  [jvm.dll+0x6d7e19]
V  [jvm.dll+0x8b5096]
V  [jvm.dll+0x8b764e]
V  [jvm.dll+0x8b7d33]
V  [jvm.dll+0x284596]
V  [jvm.dll+0xc685d]
V  [jvm.dll+0xc6da1]
V  [jvm.dll+0x3bed6b]
V  [jvm.dll+0x1e3f42]
V  [jvm.dll+0x24c853]
V  [jvm.dll+0x24bce0]
V  [jvm.dll+0x1cb4ae]
V  [jvm.dll+0x25baad]
V  [jvm.dll+0x25a03a]
V  [jvm.dll+0x3f868e]
V  [jvm.dll+0x85fb0d]
V  [jvm.dll+0x6d664d]
C  [ucrtbase.dll+0x2cd30]
C  [KERNEL32.DLL+0x2ccb7]
C  [ntdll.dll+0xaad6c]


---------------  P R O C E S S  ---------------

Threads class SMR info:
_java_thread_list=0x000001d2fa3dd980, length=51, elements={
0x000001d297c94ec0, 0x000001d2b03f8400, 0x000001d2b03f9700, 0x000001d2b03fb910,
0x000001d2b03fe6f0, 0x000001d2b04048a0, 0x000001d2b0408630, 0x000001d2b042dc90,
0x000001d2f700c850, 0x000001d2f71fc100, 0x000001d2f7349140, 0x000001d2f7b2a2a0,
0x000001d2f7bb2f10, 0x000001d2f781f4e0, 0x000001d2f7c6a390, 0x000001d2f816e2f0,
0x000001d2f83e7b40, 0x000001d2f7e23f70, 0x000001d2f81bb060, 0x000001d2f81ba340,
0x000001d2f81b8f90, 0x000001d2f81b9620, 0x000001d2f81ba9d0, 0x000001d2f81b9cb0,
0x000001d2f81b8270, 0x000001d2f81b8900, 0x000001d2f9a0ffa0, 0x000001d2f9a0f910,
0x000001d2f9a0d1b0, 0x000001d2f9a0d840, 0x000001d2f9a0ebf0, 0x000001d2f9a0cb20,
0x000001d2f9a0f280, 0x000001d2f9a10630, 0x000001d2f9a10cc0, 0x000001d2f9a0ded0,
0x000001d2f9a11350, 0x000001d2f9a0e560, 0x000001d2f9a13420, 0x000001d2f9a119e0,
0x000001d2f9a12070, 0x000001d2f9a14140, 0x000001d2f9a12700, 0x000001d2f9a13ab0,
0x000001d2f9a2f0d0, 0x000001d2fa316410, 0x000001d2fb8ebe00, 0x000001d2fb8ed840,
0x000001d2fb8eded0, 0x000001d2fb8eaa50, 0x000001d2fb8ee560
}

Java Threads: ( => current thread )
  0x000001d297c94ec0 JavaThread "main"                              [_thread_blocked, id=5336, stack(0x0000005899a00000,0x0000005899b00000) (1024K)]
  0x000001d2b03f8400 JavaThread "Reference Handler"          daemon [_thread_blocked, id=5444, stack(0x0000005899e00000,0x0000005899f00000) (1024K)]
  0x000001d2b03f9700 JavaThread "Finalizer"                  daemon [_thread_blocked, id=18548, stack(0x0000005899f00000,0x000000589a000000) (1024K)]
  0x000001d2b03fb910 JavaThread "Signal Dispatcher"          daemon [_thread_blocked, id=11132, stack(0x000000589a000000,0x000000589a100000) (1024K)]
  0x000001d2b03fe6f0 JavaThread "Attach Listener"            daemon [_thread_blocked, id=1208, stack(0x000000589a100000,0x000000589a200000) (1024K)]
  0x000001d2b04048a0 JavaThread "Service Thread"             daemon [_thread_blocked, id=3920, stack(0x000000589a200000,0x000000589a300000) (1024K)]
  0x000001d2b0408630 JavaThread "Monitor Deflation Thread"   daemon [_thread_blocked, id=11500, stack(0x000000589a300000,0x000000589a400000) (1024K)]
  0x000001d2b042dc90 JavaThread "C2 CompilerThread0"         daemon [_thread_in_native, id=13960, stack(0x000000589a400000,0x000000589a500000) (1024K)]
  0x000001d2f700c850 JavaThread "C1 CompilerThread0"         daemon [_thread_blocked, id=21048, stack(0x000000589a500000,0x000000589a600000) (1024K)]
  0x000001d2f71fc100 JavaThread "Common-Cleaner"             daemon [_thread_blocked, id=20096, stack(0x000000589a600000,0x000000589a700000) (1024K)]
  0x000001d2f7349140 JavaThread "Notification Thread"        daemon [_thread_blocked, id=18072, stack(0x000000589a800000,0x000000589a900000) (1024K)]
  0x000001d2f7b2a2a0 JavaThread "Active Thread: Equinox Container: b11b329c-105b-4d4b-b9eb-ef249fb85d34"        [_thread_blocked, id=6032, stack(0x000000589af00000,0x000000589b000000) (1024K)]
  0x000001d2f7bb2f10 JavaThread "Refresh Thread: Equinox Container: b11b329c-105b-4d4b-b9eb-ef249fb85d34" daemon [_thread_blocked, id=21324, stack(0x000000589b100000,0x000000589b200000) (1024K)]
  0x000001d2f781f4e0 JavaThread "Framework Event Dispatcher: Equinox Container: b11b329c-105b-4d4b-b9eb-ef249fb85d34" daemon [_thread_blocked, id=18428, stack(0x000000589b200000,0x000000589b300000) (1024K)]
  0x000001d2f7c6a390 JavaThread "Start Level: Equinox Container: b11b329c-105b-4d4b-b9eb-ef249fb85d34" daemon [_thread_blocked, id=21188, stack(0x000000589b300000,0x000000589b400000) (1024K)]
  0x000001d2f816e2f0 JavaThread "Bundle File Closer"         daemon [_thread_blocked, id=20932, stack(0x000000589b400000,0x000000589b500000) (1024K)]
  0x000001d2f83e7b40 JavaThread "SCR Component Actor"        daemon [_thread_blocked, id=20924, stack(0x000000589a700000,0x000000589a800000) (1024K)]
  0x000001d2f7e23f70 JavaThread "Worker-JM"                         [_thread_blocked, id=1600, stack(0x000000589b500000,0x000000589b600000) (1024K)]
  0x000001d2f81bb060 JavaThread "JNA Cleaner"                daemon [_thread_blocked, id=16096, stack(0x000000589b600000,0x000000589b700000) (1024K)]
  0x000001d2f81ba340 JavaThread "Worker-0"                          [_thread_blocked, id=9432, stack(0x000000589b700000,0x000000589b800000) (1024K)]
  0x000001d2f81b8f90 JavaThread "Worker-1"                          [_thread_blocked, id=1904, stack(0x000000589b800000,0x000000589b900000) (1024K)]
  0x000001d2f81b9620 JavaThread "Java indexing"              daemon [_thread_blocked, id=15080, stack(0x000000589b900000,0x000000589ba00000) (1024K)]
  0x000001d2f81ba9d0 JavaThread "Worker-2"                          [_thread_blocked, id=18896, stack(0x000000589ba00000,0x000000589bb00000) (1024K)]
  0x000001d2f81b9cb0 JavaThread "Worker-3: Initialize workspace"        [_thread_in_Java, id=20532, stack(0x000000589bd00000,0x000000589be00000) (1024K)]
  0x000001d2f81b8270 JavaThread "Worker-4: Initialize Workspace"        [_thread_blocked, id=4156, stack(0x000000589be00000,0x000000589bf00000) (1024K)]
  0x000001d2f81b8900 JavaThread "Thread-1"                   daemon [_thread_in_native, id=3636, stack(0x000000589c000000,0x000000589c100000) (1024K)]
  0x000001d2f9a0ffa0 JavaThread "Thread-2"                   daemon [_thread_in_native, id=19600, stack(0x000000589c100000,0x000000589c200000) (1024K)]
  0x000001d2f9a0f910 JavaThread "Thread-3"                   daemon [_thread_in_native, id=4460, stack(0x000000589c200000,0x000000589c300000) (1024K)]
  0x000001d2f9a0d1b0 JavaThread "Thread-4"                   daemon [_thread_in_native, id=14972, stack(0x000000589c300000,0x000000589c400000) (1024K)]
  0x000001d2f9a0d840 JavaThread "Thread-5"                   daemon [_thread_in_native, id=21412, stack(0x000000589c400000,0x000000589c500000) (1024K)]
  0x000001d2f9a0ebf0 JavaThread "Thread-6"                   daemon [_thread_in_native, id=21004, stack(0x000000589c500000,0x000000589c600000) (1024K)]
  0x000001d2f9a0cb20 JavaThread "Thread-7"                   daemon [_thread_in_native, id=11656, stack(0x000000589c600000,0x000000589c700000) (1024K)]
  0x000001d2f9a0f280 JavaThread "Thread-8"                   daemon [_thread_in_native, id=21472, stack(0x000000589c700000,0x000000589c800000) (1024K)]
  0x000001d2f9a10630 JavaThread "Thread-9"                   daemon [_thread_in_native, id=2780, stack(0x000000589c800000,0x000000589c900000) (1024K)]
  0x000001d2f9a10cc0 JavaThread "pool-2-thread-1"                   [_thread_blocked, id=18820, stack(0x000000589c900000,0x000000589ca00000) (1024K)]
  0x000001d2f9a0ded0 JavaThread "WorkspaceEventsHandler"            [_thread_blocked, id=10524, stack(0x000000589ca00000,0x000000589cb00000) (1024K)]
  0x000001d2f9a11350 JavaThread "pool-1-thread-1"                   [_thread_blocked, id=11680, stack(0x000000589cb00000,0x000000589cc00000) (1024K)]
  0x000001d2f9a0e560 JavaThread "PatternSearchJob-worker-1"  daemon [_thread_blocked, id=21068, stack(0x000000589cc00000,0x000000589cd00000) (1024K)]
  0x000001d2f9a13420 JavaThread "PatternSearchJob-worker-2"  daemon [_thread_blocked, id=10704, stack(0x000000589cd00000,0x000000589ce00000) (1024K)]
  0x000001d2f9a119e0 JavaThread "PatternSearchJob-worker-3"  daemon [_thread_blocked, id=14228, stack(0x000000589ce00000,0x000000589cf00000) (1024K)]
  0x000001d2f9a12070 JavaThread "PatternSearchJob-worker-4"  daemon [_thread_blocked, id=14388, stack(0x000000589cf00000,0x000000589d000000) (1024K)]
  0x000001d2f9a14140 JavaThread "PatternSearchJob-worker-5"  daemon [_thread_blocked, id=584, stack(0x000000589d000000,0x000000589d100000) (1024K)]
  0x000001d2f9a12700 JavaThread "PatternSearchJob-worker-6"  daemon [_thread_blocked, id=2600, stack(0x000000589d100000,0x000000589d200000) (1024K)]
  0x000001d2f9a13ab0 JavaThread "PatternSearchJob-worker-7"  daemon [_thread_blocked, id=4972, stack(0x000000589d200000,0x000000589d300000) (1024K)]
=>0x000001d2f9a2f0d0 JavaThread "C2 CompilerThread1"         daemon [_thread_in_native, id=9688, stack(0x000000589bf00000,0x000000589c000000) (1024K)]
  0x000001d2fa316410 JavaThread "C2 CompilerThread2"         daemon [_thread_in_native, id=4584, stack(0x000000589d400000,0x000000589d500000) (1024K)]
  0x000001d2fb8ebe00 JavaThread "ForkJoinPool.commonPool-worker-1" daemon [_thread_blocked, id=18472, stack(0x000000589d300000,0x000000589d400000) (1024K)]
  0x000001d2fb8ed840 JavaThread "ForkJoinPool.commonPool-worker-2" daemon [_thread_in_vm, id=11036, stack(0x000000589d500000,0x000000589d600000) (1024K)]
  0x000001d2fb8eded0 JavaThread "ForkJoinPool.commonPool-worker-3" daemon [_thread_blocked, id=14192, stack(0x000000589d600000,0x000000589d700000) (1024K)]
  0x000001d2fb8eaa50 JavaThread "ForkJoinPool.commonPool-worker-4" daemon [_thread_blocked, id=20624, stack(0x000000589d700000,0x000000589d800000) (1024K)]
  0x000001d2fb8ee560 JavaThread "ForkJoinPool.commonPool-worker-5" daemon [_thread_blocked, id=19124, stack(0x000000589d800000,0x000000589d900000) (1024K)]
Total: 51

Other Threads:
  0x000001d297d347a0 VMThread "VM Thread"                           [id=14160, stack(0x0000005899d00000,0x0000005899e00000) (1024K)]
  0x000001d297d03d60 WatcherThread "VM Periodic Task Thread"        [id=17160, stack(0x0000005899c00000,0x0000005899d00000) (1024K)]
  0x000001d297cb46e0 WorkerThread "GC Thread#0"                     [id=15156, stack(0x0000005899b00000,0x0000005899c00000) (1024K)]
  0x000001d2f784cda0 WorkerThread "GC Thread#1"                     [id=7104, stack(0x000000589a900000,0x000000589aa00000) (1024K)]
  0x000001d2f784d150 WorkerThread "GC Thread#2"                     [id=14432, stack(0x000000589aa00000,0x000000589ab00000) (1024K)]
  0x000001d2f784d500 WorkerThread "GC Thread#3"                     [id=20636, stack(0x000000589ab00000,0x000000589ac00000) (1024K)]
  0x000001d2f7931020 WorkerThread "GC Thread#4"                     [id=5532, stack(0x000000589ac00000,0x000000589ad00000) (1024K)]
  0x000001d2f79313d0 WorkerThread "GC Thread#5"                     [id=20572, stack(0x000000589ad00000,0x000000589ae00000) (1024K)]
  0x000001d2f7931780 WorkerThread "GC Thread#6"                     [id=5828, stack(0x000000589ae00000,0x000000589af00000) (1024K)]
  0x000001d2f7b18920 WorkerThread "GC Thread#7"                     [id=13952, stack(0x000000589b000000,0x000000589b100000) (1024K)]
Total: 10

Threads with active compile tasks:
C2 CompilerThread0  11210 6739   !   4       org.eclipse.osgi.internal.loader.classpath.ClasspathManager::findLocalClass (210 bytes)
C1 CompilerThread0  11210 6843       3       java.lang.invoke.MethodHandles::insertArguments (98 bytes)
C2 CompilerThread1  11210 6409   !   4       org.eclipse.osgi.internal.loader.BundleLoader::findClass0 (490 bytes)
C2 CompilerThread2  11210 6826   !   4       lombok.patcher.ScriptManager$OurClassFileTransformer::transform (473 bytes)
Total: 4

VM state: not at safepoint (normal execution)

VM Mutex/Monitor currently owned by a thread: None

Heap address: 0x0000000080000000, size: 2048 MB, Compressed Oops mode: 32-bit

CDS archive(s) mapped at: [0x000001d2b1000000-0x000001d2b1ba0000-0x000001d2b1ba0000), size 12189696, SharedBaseAddress: 0x000001d2b1000000, ArchiveRelocationMode: 1.
Compressed class space mapped at: 0x000001d2b2000000-0x000001d2f2000000, reserved size: 1073741824
Narrow klass base: 0x000001d2b1000000, Narrow klass shift: 0, Narrow klass range: 0x100000000

GC Precious Log:
 CardTable entry size: 512
 CPUs: 8 total, 8 available
 Memory: 7930M
 Large Page Support: Disabled
 NUMA Support: Disabled
 Compressed Oops: Enabled (32-bit)
 Alignments: Space 512K, Generation 512K, Heap 2M
 Heap Min Capacity: 100M
 Heap Initial Capacity: 100M
 Heap Max Capacity: 2G
 Pre-touch: Disabled
 Parallel Workers: 8

Heap:
 PSYoungGen      total 23040K, used 19508K [0x00000000d5580000, 0x00000000d7700000, 0x0000000100000000)
  eden space 22016K, 84% used [0x00000000d5580000,0x00000000d67c5320,0x00000000d6b00000)
  from space 1024K, 78% used [0x00000000d7500000,0x00000000d75c8000,0x00000000d7600000)
  to   space 1024K, 0% used [0x00000000d7600000,0x00000000d7600000,0x00000000d7700000)
 ParOldGen       total 68608K, used 36664K [0x0000000080000000, 0x0000000084300000, 0x00000000d5580000)
  object space 68608K, 53% used [0x0000000080000000,0x00000000823ce0e8,0x0000000084300000)
 Metaspace       used 49022K, committed 50432K, reserved 1114112K
  class space    used 5358K, committed 5952K, reserved 1048576K

Card table byte_map: [0x000001d2ab740000,0x000001d2abb50000] _byte_map_base: 0x000001d2ab340000

Marking Bits: (ParMarkBitMap*) 0x00007ffb20384460
 Begin Bits: [0x000001d2abe00000, 0x000001d2ade00000)
 End Bits:   [0x000001d2ade00000, 0x000001d2afe00000)

Polling page: 0x000001d297a20000

Metaspace:

Usage:
  Non-class:     42.64 MB used.
      Class:      5.23 MB used.
       Both:     47.87 MB used.

Virtual space:
  Non-class space:       64.00 MB reserved,      43.44 MB ( 68%) committed,  1 nodes.
      Class space:        1.00 GB reserved,       5.81 MB ( <1%) committed,  1 nodes.
             Both:        1.06 GB reserved,      49.25 MB (  5%) committed. 

Chunk freelists:
   Non-Class:  4.16 MB
       Class:  10.06 MB
        Both:  14.22 MB

MaxMetaspaceSize: unlimited
CompressedClassSpaceSize: 1.00 GB
Initial GC threshold: 21.00 MB
Current GC threshold: 58.38 MB
CDS: on
 - commit_granule_bytes: 65536.
 - commit_granule_words: 8192.
 - virtual_space_node_default_size: 8388608.
 - enlarge_chunks_in_place: 1.
 - use_allocation_guard: 0.


Internal statistics:

num_allocs_failed_limit: 6.
num_arena_births: 1024.
num_arena_deaths: 14.
num_vsnodes_births: 2.
num_vsnodes_deaths: 0.
num_space_committed: 788.
num_space_uncommitted: 0.
num_chunks_returned_to_freelist: 20.
num_chunks_taken_from_freelist: 3329.
num_chunk_merges: 12.
num_chunk_splits: 2017.
num_chunks_enlarged: 1080.
num_inconsistent_stats: 0.

CodeHeap 'non-profiled nmethods': size=120000Kb used=2884Kb max_used=2884Kb free=117115Kb
 bounds [0x000001d2a4020000, 0x000001d2a4300000, 0x000001d2ab550000]
CodeHeap 'profiled nmethods': size=120000Kb used=12429Kb max_used=12429Kb free=107570Kb
 bounds [0x000001d29c550000, 0x000001d29d180000, 0x000001d2a3a80000]
CodeHeap 'non-nmethods': size=5760Kb used=1382Kb max_used=1438Kb free=4377Kb
 bounds [0x000001d2a3a80000, 0x000001d2a3cf0000, 0x000001d2a4020000]
CodeCache: size=245760Kb, used=16695Kb, max_used=16751Kb, free=229062Kb
 total_blobs=6942, nmethods=6270, adapters=578, full_count=0
Compilation: enabled, stopped_count=0, restarted_count=0

Compilation events (20 events):
Event: 11.158 Thread 0x000001d2f700c850 6801       3       com.google.gson.stream.JsonWriter::beforeValue (140 bytes)
Event: 11.159 Thread 0x000001d2f700c850 nmethod 6801 0x000001d29d162c10 code [0x000001d29d162ea0, 0x000001d29d163838]
Event: 11.159 Thread 0x000001d2f700c850 6802       3       java.util.TreeMap::<init> (20 bytes)
Event: 11.159 Thread 0x000001d2f700c850 nmethod 6802 0x000001d29d163b90 code [0x000001d29d163d40, 0x000001d29d163f30]
Event: 11.161 Thread 0x000001d2f700c850 6805  s    3       org.eclipse.jdt.internal.core.search.indexing.IndexManager::computeIndexLocation (116 bytes)
Event: 11.164 Thread 0x000001d2f700c850 nmethod 6805 0x000001d29d164010 code [0x000001d29d164520, 0x000001d29d166830]
Event: 11.164 Thread 0x000001d2f700c850 6809       3       org.eclipse.jdt.core.compiler.CharOperation::prefixEquals (36 bytes)
Event: 11.164 Thread 0x000001d2f700c850 nmethod 6809 0x000001d29d167610 code [0x000001d29d1677e0, 0x000001d29d167a90]
Event: 11.164 Thread 0x000001d2f700c850 6806       3       java.util.concurrent.ForkJoinTask::<init> (5 bytes)
Event: 11.164 Thread 0x000001d2f700c850 nmethod 6806 0x000001d29d167c10 code [0x000001d29d167dc0, 0x000001d29d167f28]
Event: 11.164 Thread 0x000001d2f700c850 6807       3       java.util.concurrent.ThreadLocalRandom::getProbe (13 bytes)
Event: 11.164 Thread 0x000001d2f700c850 nmethod 6807 0x000001d29d168010 code [0x000001d29d1681a0, 0x000001d29d1682b0]
Event: 11.164 Thread 0x000001d2f700c850 6811       3       org.eclipse.jdt.internal.compiler.util.HashtableOfIntValues::get (69 bytes)
Event: 11.165 Thread 0x000001d2f700c850 nmethod 6811 0x000001d29d168390 code [0x000001d29d168580, 0x000001d29d168a08]
Event: 11.165 Thread 0x000001d2f700c850 6813       3       org.eclipse.jdt.internal.compiler.util.HashtableOfObject::get (56 bytes)
Event: 11.165 Thread 0x000001d2f700c850 nmethod 6813 0x000001d29d168d10 code [0x000001d29d168f00, 0x000001d29d169330]
Event: 11.165 Thread 0x000001d2f700c850 6812       3       java.util.concurrent.ForkJoinPool$WorkQueue::casSlotToNull (20 bytes)
Event: 11.165 Thread 0x000001d2f700c850 nmethod 6812 0x000001d29d169590 code [0x000001d29d169720, 0x000001d29d169860]
Event: 11.165 Thread 0x000001d2f700c850 6814   !   3       java.util.concurrent.ForkJoinTask::doExec (37 bytes)
Event: 11.166 Thread 0x000001d2f700c850 nmethod 6814 0x000001d29d169910 code [0x000001d29d169b00, 0x000001d29d169f80]

GC Heap History (20 events):
Event: 7.624 GC heap before
{Heap before GC invocations=14 (full 1):
 PSYoungGen      total 24576K, used 11253K [0x00000000d5580000, 0x00000000d7200000, 0x0000000100000000)
  eden space 22016K, 41% used [0x00000000d5580000,0x00000000d5e63018,0x00000000d6b00000)
  from space 2560K, 84% used [0x00000000d6f80000,0x00000000d719a5b8,0x00000000d7200000)
  to   space 2560K, 0% used [0x00000000d6d00000,0x00000000d6d00000,0x00000000d6f80000)
 ParOldGen       total 68608K, used 17885K [0x0000000080000000, 0x0000000084300000, 0x00000000d5580000)
  object space 68608K, 26% used [0x0000000080000000,0x0000000081177600,0x0000000084300000)
 Metaspace       used 34689K, committed 35840K, reserved 1114112K
  class space    used 3614K, committed 4160K, reserved 1048576K
}
Event: 7.626 GC heap after
{Heap after GC invocations=14 (full 1):
 PSYoungGen      total 22528K, used 384K [0x00000000d5580000, 0x00000000d7000000, 0x0000000100000000)
  eden space 22016K, 0% used [0x00000000d5580000,0x00000000d5580000,0x00000000d6b00000)
  from space 512K, 75% used [0x00000000d6d00000,0x00000000d6d60000,0x00000000d6d80000)
  to   space 1536K, 0% used [0x00000000d6e80000,0x00000000d6e80000,0x00000000d7000000)
 ParOldGen       total 68608K, used 19847K [0x0000000080000000, 0x0000000084300000, 0x00000000d5580000)
  object space 68608K, 28% used [0x0000000080000000,0x0000000081361f48,0x0000000084300000)
 Metaspace       used 34689K, committed 35840K, reserved 1114112K
  class space    used 3614K, committed 4160K, reserved 1048576K
}
Event: 7.626 GC heap before
{Heap before GC invocations=15 (full 2):
 PSYoungGen      total 22528K, used 384K [0x00000000d5580000, 0x00000000d7000000, 0x0000000100000000)
  eden space 22016K, 0% used [0x00000000d5580000,0x00000000d5580000,0x00000000d6b00000)
  from space 512K, 75% used [0x00000000d6d00000,0x00000000d6d60000,0x00000000d6d80000)
  to   space 1536K, 0% used [0x00000000d6e80000,0x00000000d6e80000,0x00000000d7000000)
 ParOldGen       total 68608K, used 19847K [0x0000000080000000, 0x0000000084300000, 0x00000000d5580000)
  object space 68608K, 28% used [0x0000000080000000,0x0000000081361f48,0x0000000084300000)
 Metaspace       used 34689K, committed 35840K, reserved 1114112K
  class space    used 3614K, committed 4160K, reserved 1048576K
}
Event: 7.680 GC heap after
{Heap after GC invocations=15 (full 2):
 PSYoungGen      total 22528K, used 0K [0x00000000d5580000, 0x00000000d7000000, 0x0000000100000000)
  eden space 22016K, 0% used [0x00000000d5580000,0x00000000d5580000,0x00000000d6b00000)
  from space 512K, 0% used [0x00000000d6d00000,0x00000000d6d00000,0x00000000d6d80000)
  to   space 1536K, 0% used [0x00000000d6e80000,0x00000000d6e80000,0x00000000d7000000)
 ParOldGen       total 68608K, used 19195K [0x0000000080000000, 0x0000000084300000, 0x00000000d5580000)
  object space 68608K, 27% used [0x0000000080000000,0x00000000812bed70,0x0000000084300000)
 Metaspace       used 34689K, committed 35840K, reserved 1114112K
  class space    used 3614K, committed 4160K, reserved 1048576K
}
Event: 7.862 GC heap before
{Heap before GC invocations=16 (full 2):
 PSYoungGen      total 22528K, used 22016K [0x00000000d5580000, 0x00000000d7000000, 0x0000000100000000)
  eden space 22016K, 100% used [0x00000000d5580000,0x00000000d6b00000,0x00000000d6b00000)
  from space 512K, 0% used [0x00000000d6d00000,0x00000000d6d00000,0x00000000d6d80000)
  to   space 1536K, 0% used [0x00000000d6e80000,0x00000000d6e80000,0x00000000d7000000)
 ParOldGen       total 68608K, used 19195K [0x0000000080000000, 0x0000000084300000, 0x00000000d5580000)
  object space 68608K, 27% used [0x0000000080000000,0x00000000812bed70,0x0000000084300000)
 Metaspace       used 36651K, committed 37888K, reserved 1114112K
  class space    used 3869K, committed 4416K, reserved 1048576K
}
Event: 7.864 GC heap after
{Heap after GC invocations=16 (full 2):
 PSYoungGen      total 23552K, used 1520K [0x00000000d5580000, 0x00000000d7100000, 0x0000000100000000)
  eden space 22016K, 0% used [0x00000000d5580000,0x00000000d5580000,0x00000000d6b00000)
  from space 1536K, 98% used [0x00000000d6e80000,0x00000000d6ffc010,0x00000000d7000000)
  to   space 3072K, 0% used [0x00000000d6b00000,0x00000000d6b00000,0x00000000d6e00000)
 ParOldGen       total 68608K, used 20003K [0x0000000080000000, 0x0000000084300000, 0x00000000d5580000)
  object space 68608K, 29% used [0x0000000080000000,0x0000000081388d70,0x0000000084300000)
 Metaspace       used 36651K, committed 37888K, reserved 1114112K
  class space    used 3869K, committed 4416K, reserved 1048576K
}
Event: 8.052 GC heap before
{Heap before GC invocations=17 (full 2):
 PSYoungGen      total 23552K, used 23536K [0x00000000d5580000, 0x00000000d7100000, 0x0000000100000000)
  eden space 22016K, 100% used [0x00000000d5580000,0x00000000d6b00000,0x00000000d6b00000)
  from space 1536K, 98% used [0x00000000d6e80000,0x00000000d6ffc010,0x00000000d7000000)
  to   space 3072K, 0% used [0x00000000d6b00000,0x00000000d6b00000,0x00000000d6e00000)
 ParOldGen       total 68608K, used 20003K [0x0000000080000000, 0x0000000084300000, 0x00000000d5580000)
  object space 68608K, 29% used [0x0000000080000000,0x0000000081388d70,0x0000000084300000)
 Metaspace       used 38584K, committed 39872K, reserved 1114112K
  class space    used 4109K, committed 4672K, reserved 1048576K
}
Event: 8.054 GC heap after
{Heap after GC invocations=17 (full 2):
 PSYoungGen      total 23552K, used 1394K [0x00000000d5580000, 0x00000000d6f00000, 0x0000000100000000)
  eden space 22016K, 0% used [0x00000000d5580000,0x00000000d5580000,0x00000000d6b00000)
  from space 1536K, 90% used [0x00000000d6b00000,0x00000000d6c5c970,0x00000000d6c80000)
  to   space 2048K, 0% used [0x00000000d6d00000,0x00000000d6d00000,0x00000000d6f00000)
 ParOldGen       total 68608K, used 21489K [0x0000000080000000, 0x0000000084300000, 0x00000000d5580000)
  object space 68608K, 31% used [0x0000000080000000,0x00000000814fc6a0,0x0000000084300000)
 Metaspace       used 38584K, committed 39872K, reserved 1114112K
  class space    used 4109K, committed 4672K, reserved 1048576K
}
Event: 8.272 GC heap before
{Heap before GC invocations=18 (full 2):
 PSYoungGen      total 23552K, used 23410K [0x00000000d5580000, 0x00000000d6f00000, 0x0000000100000000)
  eden space 22016K, 100% used [0x00000000d5580000,0x00000000d6b00000,0x00000000d6b00000)
  from space 1536K, 90% used [0x00000000d6b00000,0x00000000d6c5c970,0x00000000d6c80000)
  to   space 2048K, 0% used [0x00000000d6d00000,0x00000000d6d00000,0x00000000d6f00000)
 ParOldGen       total 68608K, used 21489K [0x0000000080000000, 0x0000000084300000, 0x00000000d5580000)
  object space 68608K, 31% used [0x0000000080000000,0x00000000814fc6a0,0x0000000084300000)
 Metaspace       used 40678K, committed 41984K, reserved 1114112K
  class space    used 4352K, committed 4928K, reserved 1048576K
}
Event: 8.275 GC heap after
{Heap after GC invocations=18 (full 2):
 PSYoungGen      total 23552K, used 1312K [0x00000000d5580000, 0x00000000d6e80000, 0x0000000100000000)
  eden space 22016K, 0% used [0x00000000d5580000,0x00000000d5580000,0x00000000d6b00000)
  from space 1536K, 85% used [0x00000000d6d00000,0x00000000d6e48000,0x00000000d6e80000)
  to   space 1536K, 0% used [0x00000000d6b00000,0x00000000d6b00000,0x00000000d6c80000)
 ParOldGen       total 68608K, used 22483K [0x0000000080000000, 0x0000000084300000, 0x00000000d5580000)
  object space 68608K, 32% used [0x0000000080000000,0x00000000815f4ff8,0x0000000084300000)
 Metaspace       used 40678K, committed 41984K, reserved 1114112K
  class space    used 4352K, committed 4928K, reserved 1048576K
}
Event: 8.526 GC heap before
{Heap before GC invocations=19 (full 2):
 PSYoungGen      total 23552K, used 23328K [0x00000000d5580000, 0x00000000d6e80000, 0x0000000100000000)
  eden space 22016K, 100% used [0x00000000d5580000,0x00000000d6b00000,0x00000000d6b00000)
  from space 1536K, 85% used [0x00000000d6d00000,0x00000000d6e48000,0x00000000d6e80000)
  to   space 1536K, 0% used [0x00000000d6b00000,0x00000000d6b00000,0x00000000d6c80000)
 ParOldGen       total 68608K, used 22483K [0x0000000080000000, 0x0000000084300000, 0x00000000d5580000)
  object space 68608K, 32% used [0x0000000080000000,0x00000000815f4ff8,0x0000000084300000)
 Metaspace       used 41922K, committed 43136K, reserved 1114112K
  class space    used 4512K, committed 5056K, reserved 1048576K
}
Event: 8.535 GC heap after
{Heap after GC invocations=19 (full 2):
 PSYoungGen      total 23552K, used 1516K [0x00000000d5580000, 0x00000000d8500000, 0x0000000100000000)
  eden space 22016K, 0% used [0x00000000d5580000,0x00000000d5580000,0x00000000d6b00000)
  from space 1536K, 98% used [0x00000000d6b00000,0x00000000d6c7b110,0x00000000d6c80000)
  to   space 13312K, 0% used [0x00000000d7800000,0x00000000d7800000,0x00000000d8500000)
 ParOldGen       total 68608K, used 32514K [0x0000000080000000, 0x0000000084300000, 0x00000000d5580000)
  object space 68608K, 47% used [0x0000000080000000,0x0000000081fc0b58,0x0000000084300000)
 Metaspace       used 41922K, committed 43136K, reserved 1114112K
  class space    used 4512K, committed 5056K, reserved 1048576K
}
Event: 9.090 GC heap before
{Heap before GC invocations=20 (full 2):
 PSYoungGen      total 23552K, used 23532K [0x00000000d5580000, 0x00000000d8500000, 0x0000000100000000)
  eden space 22016K, 100% used [0x00000000d5580000,0x00000000d6b00000,0x00000000d6b00000)
  from space 1536K, 98% used [0x00000000d6b00000,0x00000000d6c7b110,0x00000000d6c80000)
  to   space 13312K, 0% used [0x00000000d7800000,0x00000000d7800000,0x00000000d8500000)
 ParOldGen       total 68608K, used 32514K [0x0000000080000000, 0x0000000084300000, 0x00000000d5580000)
  object space 68608K, 47% used [0x0000000080000000,0x0000000081fc0b58,0x0000000084300000)
 Metaspace       used 44468K, committed 45824K, reserved 1114112K
  class space    used 4865K, committed 5504K, reserved 1048576K
}
Event: 9.093 GC heap after
{Heap after GC invocations=20 (full 2):
 PSYoungGen      total 23552K, used 1536K [0x00000000d5580000, 0x00000000d7980000, 0x0000000100000000)
  eden space 22016K, 0% used [0x00000000d5580000,0x00000000d5580000,0x00000000d6b00000)
  from space 1536K, 100% used [0x00000000d7800000,0x00000000d7980000,0x00000000d7980000)
  to   space 5632K, 0% used [0x00000000d6e80000,0x00000000d6e80000,0x00000000d7400000)
 ParOldGen       total 68608K, used 34022K [0x0000000080000000, 0x0000000084300000, 0x00000000d5580000)
  object space 68608K, 49% used [0x0000000080000000,0x0000000082139828,0x0000000084300000)
 Metaspace       used 44468K, committed 45824K, reserved 1114112K
  class space    used 4865K, committed 5504K, reserved 1048576K
}
Event: 9.624 GC heap before
{Heap before GC invocations=21 (full 2):
 PSYoungGen      total 23552K, used 23551K [0x00000000d5580000, 0x00000000d7980000, 0x0000000100000000)
  eden space 22016K, 99% used [0x00000000d5580000,0x00000000d6afffe0,0x00000000d6b00000)
  from space 1536K, 100% used [0x00000000d7800000,0x00000000d7980000,0x00000000d7980000)
  to   space 5632K, 0% used [0x00000000d6e80000,0x00000000d6e80000,0x00000000d7400000)
 ParOldGen       total 68608K, used 34022K [0x0000000080000000, 0x0000000084300000, 0x00000000d5580000)
  object space 68608K, 49% used [0x0000000080000000,0x0000000082139828,0x0000000084300000)
 Metaspace       used 46961K, committed 48256K, reserved 1114112K
  class space    used 5147K, committed 5760K, reserved 1048576K
}
Event: 9.627 GC heap after
{Heap after GC invocations=21 (full 2):
 PSYoungGen      total 27648K, used 1344K [0x00000000d5580000, 0x00000000d7880000, 0x0000000100000000)
  eden space 22016K, 0% used [0x00000000d5580000,0x00000000d5580000,0x00000000d6b00000)
  from space 5632K, 23% used [0x00000000d6e80000,0x00000000d6fd0010,0x00000000d7400000)
  to   space 2048K, 0% used [0x00000000d7680000,0x00000000d7680000,0x00000000d7880000)
 ParOldGen       total 68608K, used 35398K [0x0000000080000000, 0x0000000084300000, 0x00000000d5580000)
  object space 68608K, 51% used [0x0000000080000000,0x0000000082291848,0x0000000084300000)
 Metaspace       used 46961K, committed 48256K, reserved 1114112K
  class space    used 5147K, committed 5760K, reserved 1048576K
}
Event: 10.564 GC heap before
{Heap before GC invocations=22 (full 2):
 PSYoungGen      total 27648K, used 23360K [0x00000000d5580000, 0x00000000d7880000, 0x0000000100000000)
  eden space 22016K, 100% used [0x00000000d5580000,0x00000000d6b00000,0x00000000d6b00000)
  from space 5632K, 23% used [0x00000000d6e80000,0x00000000d6fd0010,0x00000000d7400000)
  to   space 2048K, 0% used [0x00000000d7680000,0x00000000d7680000,0x00000000d7880000)
 ParOldGen       total 68608K, used 35398K [0x0000000080000000, 0x0000000084300000, 0x00000000d5580000)
  object space 68608K, 51% used [0x0000000080000000,0x0000000082291848,0x0000000084300000)
 Metaspace       used 47024K, committed 48320K, reserved 1114112K
  class space    used 5147K, committed 5760K, reserved 1048576K
}
Event: 10.567 GC heap after
{Heap after GC invocations=22 (full 2):
 PSYoungGen      total 22528K, used 224K [0x00000000d5580000, 0x00000000d7700000, 0x0000000100000000)
  eden space 22016K, 0% used [0x00000000d5580000,0x00000000d5580000,0x00000000d6b00000)
  from space 512K, 43% used [0x00000000d7680000,0x00000000d76b8000,0x00000000d7700000)
  to   space 1024K, 0% used [0x00000000d7500000,0x00000000d7500000,0x00000000d7600000)
 ParOldGen       total 68608K, used 36624K [0x0000000080000000, 0x0000000084300000, 0x00000000d5580000)
  object space 68608K, 53% used [0x0000000080000000,0x00000000823c40e8,0x0000000084300000)
 Metaspace       used 47024K, committed 48320K, reserved 1114112K
  class space    used 5147K, committed 5760K, reserved 1048576K
}
Event: 10.919 GC heap before
{Heap before GC invocations=23 (full 2):
 PSYoungGen      total 22528K, used 22240K [0x00000000d5580000, 0x00000000d7700000, 0x0000000100000000)
  eden space 22016K, 100% used [0x00000000d5580000,0x00000000d6b00000,0x00000000d6b00000)
  from space 512K, 43% used [0x00000000d7680000,0x00000000d76b8000,0x00000000d7700000)
  to   space 1024K, 0% used [0x00000000d7500000,0x00000000d7500000,0x00000000d7600000)
 ParOldGen       total 68608K, used 36624K [0x0000000080000000, 0x0000000084300000, 0x00000000d5580000)
  object space 68608K, 53% used [0x0000000080000000,0x00000000823c40e8,0x0000000084300000)
 Metaspace       used 47398K, committed 48768K, reserved 1114112K
  class space    used 5184K, committed 5824K, reserved 1048576K
}
Event: 10.920 GC heap after
{Heap after GC invocations=23 (full 2):
 PSYoungGen      total 23040K, used 800K [0x00000000d5580000, 0x00000000d7700000, 0x0000000100000000)
  eden space 22016K, 0% used [0x00000000d5580000,0x00000000d5580000,0x00000000d6b00000)
  from space 1024K, 78% used [0x00000000d7500000,0x00000000d75c8000,0x00000000d7600000)
  to   space 1024K, 0% used [0x00000000d7600000,0x00000000d7600000,0x00000000d7700000)
 ParOldGen       total 68608K, used 36664K [0x0000000080000000, 0x0000000084300000, 0x00000000d5580000)
  object space 68608K, 53% used [0x0000000080000000,0x00000000823ce0e8,0x0000000084300000)
 Metaspace       used 47398K, committed 48768K, reserved 1114112K
  class space    used 5184K, committed 5824K, reserved 1048576K
}

Dll operation events (10 events):
Event: 0.013 Loaded shared library c:\Users\DELL\.vscode\extensions\redhat.java-1.55.0-win32-x64\jre\21.0.11-win32-x86_64\bin\java.dll
Event: 0.095 Loaded shared library c:\Users\DELL\.vscode\extensions\redhat.java-1.55.0-win32-x64\jre\21.0.11-win32-x86_64\bin\zip.dll
Event: 0.123 Loaded shared library C:\Users\DELL\.vscode\extensions\redhat.java-1.55.0-win32-x64\jre\21.0.11-win32-x86_64\bin\instrument.dll
Event: 0.129 Loaded shared library C:\Users\DELL\.vscode\extensions\redhat.java-1.55.0-win32-x64\jre\21.0.11-win32-x86_64\bin\net.dll
Event: 0.132 Loaded shared library C:\Users\DELL\.vscode\extensions\redhat.java-1.55.0-win32-x64\jre\21.0.11-win32-x86_64\bin\nio.dll
Event: 0.136 Loaded shared library C:\Users\DELL\.vscode\extensions\redhat.java-1.55.0-win32-x64\jre\21.0.11-win32-x86_64\bin\zip.dll
Event: 0.156 Loaded shared library C:\Users\DELL\.vscode\extensions\redhat.java-1.55.0-win32-x64\jre\21.0.11-win32-x86_64\bin\jimage.dll
Event: 0.242 Loaded shared library c:\Users\DELL\.vscode\extensions\redhat.java-1.55.0-win32-x64\jre\21.0.11-win32-x86_64\bin\verify.dll
Event: 1.477 Loaded shared library C:\Users\DELL\AppData\Roaming\Code\User\globalStorage\redhat.java\1.55.0\config_win\org.eclipse.equinox.launcher\org.eclipse.equinox.launcher.win32.win32.x86_64_1.3.100.v20260613-0559\eclipse_11924.dll
Event: 5.095 Loaded shared library C:\Users\DELL\AppData\Local\Temp\jna-2094529\jna10618155513095689797.dll

Deoptimization events (20 events):
Event: 11.051 Thread 0x000001d2f9a0f280 DEOPT PACKING pc=0x000001d2a42494b8 sp=0x000000589c7fefc0
Event: 11.051 Thread 0x000001d2f9a0f280 DEOPT UNPACKING pc=0x000001d2a3ad6da2 sp=0x000000589c7feec8 mode 2
Event: 11.051 Thread 0x000001d2f9a10630 Uncommon trap: trap_request=0xffffffde fr.pc=0x000001d2a42494b8 relative=0x00000000000005b8
Event: 11.051 Thread 0x000001d2f9a10630 Uncommon trap: reason=class_check action=maybe_recompile pc=0x000001d2a42494b8 method=java.util.HashMap.removeNode(ILjava/lang/Object;Ljava/lang/Object;ZZ)Ljava/util/HashMap$Node; @ 143 c2
Event: 11.051 Thread 0x000001d2f9a10630 DEOPT PACKING pc=0x000001d2a42494b8 sp=0x000000589c8fec40
Event: 11.051 Thread 0x000001d2f9a10630 DEOPT UNPACKING pc=0x000001d2a3ad6da2 sp=0x000000589c8feb48 mode 2
Event: 11.052 Thread 0x000001d2f9a10630 Uncommon trap: trap_request=0xffffffde fr.pc=0x000001d2a4234458 relative=0x00000000000004f8
Event: 11.052 Thread 0x000001d2f9a10630 Uncommon trap: reason=class_check action=maybe_recompile pc=0x000001d2a4234458 method=java.util.HashMap.removeNode(ILjava/lang/Object;Ljava/lang/Object;ZZ)Ljava/util/HashMap$Node; @ 143 c2
Event: 11.052 Thread 0x000001d2f9a10630 DEOPT PACKING pc=0x000001d2a4234458 sp=0x000000589c8feba0
Event: 11.052 Thread 0x000001d2f9a10630 DEOPT UNPACKING pc=0x000001d2a3ad6da2 sp=0x000000589c8feb48 mode 2
Event: 11.058 Thread 0x000001d2fb8ed840 Uncommon trap: trap_request=0xffffff45 fr.pc=0x000001d2a40d1c6c relative=0x000000000000004c
Event: 11.058 Thread 0x000001d2fb8ed840 Uncommon trap: reason=unstable_if action=reinterpret pc=0x000001d2a40d1c6c method=sun.nio.fs.WindowsPathParser.isSlash(C)Z @ 9 c2
Event: 11.059 Thread 0x000001d2fb8ed840 DEOPT PACKING pc=0x000001d2a40d1c6c sp=0x000000589d5fe870
Event: 11.059 Thread 0x000001d2fb8ed840 DEOPT UNPACKING pc=0x000001d2a3ad6da2 sp=0x000000589d5fe7f8 mode 2
Event: 11.079 Thread 0x000001d2f81b9cb0 DEOPT PACKING pc=0x000001d29cecdbbc sp=0x000000589bdf5970
Event: 11.079 Thread 0x000001d2f81b9cb0 DEOPT UNPACKING pc=0x000001d2a3ad78e2 sp=0x000000589bdf4e90 mode 0
Event: 11.162 Thread 0x000001d2fb8ed840 Uncommon trap: trap_request=0xffffff45 fr.pc=0x000001d2a42783e4 relative=0x0000000000000284
Event: 11.162 Thread 0x000001d2fb8ed840 Uncommon trap: reason=unstable_if action=reinterpret pc=0x000001d2a42783e4 method=sun.nio.fs.WindowsPath.compareTo(Ljava/nio/file/Path;)I @ 76 c2
Event: 11.162 Thread 0x000001d2fb8ed840 DEOPT PACKING pc=0x000001d2a42783e4 sp=0x000000589d5fc810
Event: 11.162 Thread 0x000001d2fb8ed840 DEOPT UNPACKING pc=0x000001d2a3ad6da2 sp=0x000000589d5fc778 mode 2

Classes loaded (20 events):
Event: 11.142 Loading class java/nio/channels/ClosedChannelException
Event: 11.142 Loading class java/nio/channels/ClosedChannelException done
Event: 11.142 Loading class java/nio/channels/AsynchronousCloseException done
Event: 11.142 Loading class java/nio/channels/ClosedByInterruptException done
Event: 11.142 Loading class java/nio/file/FileSystemNotFoundException
Event: 11.142 Loading class java/nio/file/FileSystemNotFoundException done
Event: 11.142 Loading class java/nio/file/FileSystemAlreadyExistsException
Event: 11.142 Loading class java/nio/file/FileSystemAlreadyExistsException done
Event: 11.142 Loading class java/nio/file/ProviderNotFoundException
Event: 11.142 Loading class java/nio/file/ProviderNotFoundException done
Event: 11.148 Loading class java/nio/file/spi/FileSystemProvider$1
Event: 11.148 Loading class java/nio/file/spi/FileSystemProvider$1 done
Event: 11.155 Loading class java/nio/file/ProviderMismatchException
Event: 11.155 Loading class java/nio/file/ProviderMismatchException done
Event: 11.157 Loading class jdk/internal/jrtfs/JrtFileSystemProvider
Event: 11.158 Loading class jdk/internal/jrtfs/JrtFileSystemProvider done
Event: 11.159 Loading class jdk/internal/jrtfs/JrtFileSystemProvider$1
Event: 11.160 Loading class jdk/internal/jrtfs/JrtFileSystemProvider$1 done
Event: 11.160 Loading class jdk/internal/jrtfs/JrtFileSystemProvider$JrtFsLoader
Event: 11.160 Loading class jdk/internal/jrtfs/JrtFileSystemProvider$JrtFsLoader done

Classes unloaded (7 events):
Event: 5.914 Thread 0x000001d297d347a0 Unloading class 0x000001d2b21ad400 'java/lang/invoke/LambdaForm$MH+0x000001d2b21ad400'
Event: 5.914 Thread 0x000001d297d347a0 Unloading class 0x000001d2b21ad000 'java/lang/invoke/LambdaForm$MH+0x000001d2b21ad000'
Event: 5.914 Thread 0x000001d297d347a0 Unloading class 0x000001d2b21acc00 'java/lang/invoke/LambdaForm$MH+0x000001d2b21acc00'
Event: 5.914 Thread 0x000001d297d347a0 Unloading class 0x000001d2b21ac800 'java/lang/invoke/LambdaForm$MH+0x000001d2b21ac800'
Event: 5.914 Thread 0x000001d297d347a0 Unloading class 0x000001d2b21ac400 'java/lang/invoke/LambdaForm$BMH+0x000001d2b21ac400'
Event: 5.914 Thread 0x000001d297d347a0 Unloading class 0x000001d2b21ac000 'java/lang/invoke/LambdaForm$DMH+0x000001d2b21ac000'
Event: 5.914 Thread 0x000001d297d347a0 Unloading class 0x000001d2b21aac00 'java/lang/invoke/LambdaForm$DMH+0x000001d2b21aac00'

Classes redefined (0 events):
No events

Internal exceptions (20 events):
Event: 10.893 Thread 0x000001d2f81b8270 Exception <a 'sun/nio/fs/WindowsException'{0x00000000d69fbab8}> (0x00000000d69fbab8) 
thrown [s\src\hotspot\share\prims\jni.cpp, line 520]
Event: 10.893 Thread 0x000001d2f81b8270 Exception <a 'sun/nio/fs/WindowsException'{0x00000000d69ff758}> (0x00000000d69ff758) 
thrown [s\src\hotspot\share\prims\jni.cpp, line 520]
Event: 10.894 Thread 0x000001d2f81b8270 Exception <a 'sun/nio/fs/WindowsException'{0x00000000d6a04488}> (0x00000000d6a04488) 
thrown [s\src\hotspot\share\prims\jni.cpp, line 520]
Event: 10.987 Thread 0x000001d2f81b8270 Exception <a 'sun/nio/fs/WindowsException'{0x00000000d5853a60}> (0x00000000d5853a60) 
thrown [s\src\hotspot\share\prims\jni.cpp, line 520]
Event: 10.987 Thread 0x000001d2f81b8270 Exception <a 'sun/nio/fs/WindowsException'{0x00000000d5858058}> (0x00000000d5858058) 
thrown [s\src\hotspot\share\prims\jni.cpp, line 520]
Event: 10.987 Thread 0x000001d2f81b8270 Exception <a 'sun/nio/fs/WindowsException'{0x00000000d585b850}> (0x00000000d585b850) 
thrown [s\src\hotspot\share\prims\jni.cpp, line 520]
Event: 10.988 Thread 0x000001d2f81b8270 Exception <a 'sun/nio/fs/WindowsException'{0x00000000d585f298}> (0x00000000d585f298) 
thrown [s\src\hotspot\share\prims\jni.cpp, line 520]
Event: 10.989 Thread 0x000001d2f81b8270 Exception <a 'sun/nio/fs/WindowsException'{0x00000000d5862fe8}> (0x00000000d5862fe8) 
thrown [s\src\hotspot\share\prims\jni.cpp, line 520]
Event: 10.989 Thread 0x000001d2f81b8270 Exception <a 'sun/nio/fs/WindowsException'{0x00000000d58674f8}> (0x00000000d58674f8) 
thrown [s\src\hotspot\share\prims\jni.cpp, line 520]
Event: 10.991 Thread 0x000001d2f81b8270 Exception <a 'sun/nio/fs/WindowsException'{0x00000000d586b4a0}> (0x00000000d586b4a0) 
thrown [s\src\hotspot\share\prims\jni.cpp, line 520]
Event: 10.991 Thread 0x000001d2f81b8270 Exception <a 'sun/nio/fs/WindowsException'{0x00000000d586f1b0}> (0x00000000d586f1b0) 
thrown [s\src\hotspot\share\prims\jni.cpp, line 520]
Event: 10.992 Thread 0x000001d2f81b8270 Exception <a 'sun/nio/fs/WindowsException'{0x00000000d5872e80}> (0x00000000d5872e80) 
thrown [s\src\hotspot\share\prims\jni.cpp, line 520]
Event: 10.993 Thread 0x000001d2f81b8270 Exception <a 'sun/nio/fs/WindowsException'{0x00000000d58769d0}> (0x00000000d58769d0) 
thrown [s\src\hotspot\share\prims\jni.cpp, line 520]
Event: 10.993 Thread 0x000001d2f81b8270 Exception <a 'sun/nio/fs/WindowsException'{0x00000000d587a6a0}> (0x00000000d587a6a0) 
thrown [s\src\hotspot\share\prims\jni.cpp, line 520]
Event: 11.031 Thread 0x000001d2f9a11350 Exception <a 'sun/nio/fs/WindowsException'{0x00000000d5a15b50}> (0x00000000d5a15b50) 
thrown [s\src\hotspot\share\prims\jni.cpp, line 520]
Event: 11.031 Thread 0x000001d2f9a11350 Exception <a 'sun/nio/fs/WindowsException'{0x00000000d5a16190}> (0x00000000d5a16190) 
thrown [s\src\hotspot\share\prims\jni.cpp, line 520]
Event: 11.033 Thread 0x000001d2f9a11350 Exception <a 'sun/nio/fs/WindowsException'{0x00000000d5a45c20}> (0x00000000d5a45c20) 
thrown [s\src\hotspot\share\prims\jni.cpp, line 520]
Event: 11.033 Thread 0x000001d2f9a11350 Exception <a 'sun/nio/fs/WindowsException'{0x00000000d5a46260}> (0x00000000d5a46260) 
thrown [s\src\hotspot\share\prims\jni.cpp, line 520]
Event: 11.036 Thread 0x000001d2f9a11350 Exception <a 'java/lang/IncompatibleClassChangeError'{0x00000000d5a77650}: Found class java.lang.Object, but interface was expected> (0x00000000d5a77650) 
thrown [s\src\hotspot\share\interpreter\linkResolver.cpp, line 840]
Event: 11.081 Thread 0x000001d2fb8ed840 Exception <a 'java/lang/NoSuchMethodError'{0x00000000d5e28f68}: 'java.lang.Object java.lang.invoke.DirectMethodHandle$Holder.invokeStaticInit(java.lang.Object, java.lang.Object, java.lang.Object)'> (0x00000000d5e28f68) 
thrown [s\src\hotspot\share\interpreter\linkResolver.cpp, line 773]

ZGC Phase Switch (0 events):
No events

VM Operations (20 events):
Event: 9.090 Executing safepoint VM operation: ParallelGCFailedAllocation (Allocation Failure)
Event: 9.093 Executing safepoint VM operation: ParallelGCFailedAllocation (Allocation Failure) done
Event: 9.624 Executing safepoint VM operation: ParallelGCFailedAllocation (Allocation Failure)
Event: 9.627 Executing safepoint VM operation: ParallelGCFailedAllocation (Allocation Failure) done
Event: 10.564 Executing safepoint VM operation: ParallelGCFailedAllocation (Allocation Failure)
Event: 10.567 Executing safepoint VM operation: ParallelGCFailedAllocation (Allocation Failure) done
Event: 10.793 Executing non-safepoint VM operation: HandshakeAllThreads (Deoptimize)
Event: 10.793 Executing non-safepoint VM operation: HandshakeAllThreads (Deoptimize) done
Event: 10.918 Executing safepoint VM operation: ParallelGCFailedAllocation (Allocation Failure)
Event: 10.920 Executing safepoint VM operation: ParallelGCFailedAllocation (Allocation Failure) done
Event: 11.063 Executing non-safepoint VM operation: HandshakeAllThreads (Deoptimize)
Event: 11.063 Executing non-safepoint VM operation: HandshakeAllThreads (Deoptimize) done
Event: 11.065 Executing non-safepoint VM operation: HandshakeAllThreads (Deoptimize)
Event: 11.065 Executing non-safepoint VM operation: HandshakeAllThreads (Deoptimize) done
Event: 11.136 Executing non-safepoint VM operation: HandshakeAllThreads (Deoptimize)
Event: 11.136 Executing non-safepoint VM operation: HandshakeAllThreads (Deoptimize) done
Event: 11.154 Executing non-safepoint VM operation: HandshakeAllThreads (Deoptimize)
Event: 11.154 Executing non-safepoint VM operation: HandshakeAllThreads (Deoptimize) done
Event: 11.156 Executing non-safepoint VM operation: HandshakeAllThreads (Deoptimize)
Event: 11.156 Executing non-safepoint VM operation: HandshakeAllThreads (Deoptimize) done

Memory protections (0 events):
No events

Nmethod flushes (20 events):
Event: 7.651 Thread 0x000001d297d347a0 flushing  nmethod 0x000001d29cb74310
Event: 7.651 Thread 0x000001d297d347a0 flushing  nmethod 0x000001d29cb74810
Event: 7.651 Thread 0x000001d297d347a0 flushing  nmethod 0x000001d29cb75390
Event: 7.651 Thread 0x000001d297d347a0 flushing  nmethod 0x000001d29cb75790
Event: 7.651 Thread 0x000001d297d347a0 flushing  nmethod 0x000001d29cb76c90
Event: 7.651 Thread 0x000001d297d347a0 flushing  nmethod 0x000001d29cb77690
Event: 7.651 Thread 0x000001d297d347a0 flushing  nmethod 0x000001d29cb78f10
Event: 7.651 Thread 0x000001d297d347a0 flushing  nmethod 0x000001d29cb79410
Event: 7.651 Thread 0x000001d297d347a0 flushing  nmethod 0x000001d29cb95790
Event: 7.651 Thread 0x000001d297d347a0 flushing  nmethod 0x000001d29cb9f790
Event: 7.651 Thread 0x000001d297d347a0 flushing  nmethod 0x000001d29cbb4310
Event: 7.651 Thread 0x000001d297d347a0 flushing  nmethod 0x000001d29cbb5c90
Event: 7.651 Thread 0x000001d297d347a0 flushing  nmethod 0x000001d29cbc8f10
Event: 7.651 Thread 0x000001d297d347a0 flushing  nmethod 0x000001d29cbca610
Event: 7.651 Thread 0x000001d297d347a0 flushing  nmethod 0x000001d29cbffa90
Event: 7.651 Thread 0x000001d297d347a0 flushing  nmethod 0x000001d29cc1d110
Event: 7.651 Thread 0x000001d297d347a0 flushing  nmethod 0x000001d29cc32510
Event: 7.651 Thread 0x000001d297d347a0 flushing  nmethod 0x000001d29cc49310
Event: 7.651 Thread 0x000001d297d347a0 flushing  nmethod 0x000001d29cc6c790
Event: 7.651 Thread 0x000001d297d347a0 flushing  nmethod 0x000001d29cc6cc10

Events (20 events):
Event: 7.755 Thread 0x000001d297c94ec0 Thread added: 0x000001d2f9a10cc0
Event: 8.025 Thread 0x000001d297c94ec0 Thread added: 0x000001d2f9a0ded0
Event: 8.025 Thread 0x000001d297c94ec0 Thread added: 0x000001d2f9a11350
Event: 8.440 Thread 0x000001d2f81b8f90 Thread added: 0x000001d2f9a0e560
Event: 8.440 Thread 0x000001d2f81b8f90 Thread added: 0x000001d2f9a13420
Event: 8.440 Thread 0x000001d2f9a0e560 Thread added: 0x000001d2f9a119e0
Event: 8.441 Thread 0x000001d2f9a13420 Thread added: 0x000001d2f9a12070
Event: 8.441 Thread 0x000001d2f9a119e0 Thread added: 0x000001d2f9a14140
Event: 8.442 Thread 0x000001d2f9a12070 Thread added: 0x000001d2f9a12700
Event: 8.443 Thread 0x000001d2f9a12700 Thread added: 0x000001d2f9a13ab0
Event: 9.508 Thread 0x000001d2f81b8270 Thread added: 0x000001d2fb8eb0e0
Event: 10.589 Thread 0x000001d2f9a2f0d0 Thread exited: 0x000001d2f9a2f0d0
Event: 10.601 Thread 0x000001d2f700c850 Thread added: 0x000001d2f9a2f0d0
Event: 10.611 Thread 0x000001d2f700c850 Thread added: 0x000001d2fa316410
Event: 10.998 Thread 0x000001d2fb8eb0e0 Thread exited: 0x000001d2fb8eb0e0
Event: 11.039 Thread 0x000001d2f9a11350 Thread added: 0x000001d2fb8ebe00
Event: 11.041 Thread 0x000001d2f9a11350 Thread added: 0x000001d2fb8ed840
Event: 11.042 Thread 0x000001d2fb8ed840 Thread added: 0x000001d2fb8eded0
Event: 11.042 Thread 0x000001d2fb8eded0 Thread added: 0x000001d2fb8eaa50
Event: 11.043 Thread 0x000001d2fb8eaa50 Thread added: 0x000001d2fb8ee560


Dynamic libraries:
0x00007ff680670000 - 0x00007ff68067e000 	c:\Users\DELL\.vscode\extensions\redhat.java-1.55.0-win32-x64\jre\21.0.11-win32-x86_64\bin\java.exe
0x00007ffbfb980000 - 0x00007ffbfbbe6000 	C:\WINDOWS\SYSTEM32\ntdll.dll
0x00007ffbfa8b0000 - 0x00007ffbfa979000 	C:\WINDOWS\System32\KERNEL32.DLL
0x00007ffbf9140000 - 0x00007ffbf953f000 	C:\WINDOWS\System32\KERNELBASE.dll
0x00007ffbf9550000 - 0x00007ffbf969c000 	C:\WINDOWS\System32\ucrtbase.dll
0x00007ffbe3db0000 - 0x00007ffbe3dc8000 	c:\Users\DELL\.vscode\extensions\redhat.java-1.55.0-win32-x64\jre\21.0.11-win32-x86_64\bin\jli.dll
0x00007ffbbdca0000 - 0x00007ffbbdcbe000 	c:\Users\DELL\.vscode\extensions\redhat.java-1.55.0-win32-x64\jre\21.0.11-win32-x86_64\bin\VCRUNTIME140.dll
0x00007ffbfa500000 - 0x00007ffbfa6c6000 	C:\WINDOWS\System32\USER32.dll
0x00007ffbda4c0000 - 0x00007ffbda751000 	C:\WINDOWS\WinSxS\amd64_microsoft.windows.common-controls_6595b64144ccf1df_6.0.26100.8972_none_3e0da176e32f9d4b\COMCTL32.dll
0x00007ffbf8e50000 - 0x00007ffbf8e77000 	C:\WINDOWS\System32\win32u.dll
0x00007ffbfb830000 - 0x00007ffbfb8d9000 	C:\WINDOWS\System32\msvcrt.dll
0x00007ffbfaed0000 - 0x00007ffbfaefb000 	C:\WINDOWS\System32\GDI32.dll
0x00007ffbf8b90000 - 0x00007ffbf8cb9000 	C:\WINDOWS\System32\gdi32full.dll
0x00007ffbf8e80000 - 0x00007ffbf8f23000 	C:\WINDOWS\System32\msvcp_win.dll
0x00007ffbf96b0000 - 0x00007ffbf96e2000 	C:\WINDOWS\System32\IMM32.DLL
0x00007ffbe3da0000 - 0x00007ffbe3dac000 	c:\Users\DELL\.vscode\extensions\redhat.java-1.55.0-win32-x64\jre\21.0.11-win32-x86_64\bin\vcruntime140_1.dll
0x00007ffb6f590000 - 0x00007ffb6f61d000 	c:\Users\DELL\.vscode\extensions\redhat.java-1.55.0-win32-x64\jre\21.0.11-win32-x86_64\bin\msvcp140.dll
0x00007ffb1f6c0000 - 0x00007ffb20462000 	c:\Users\DELL\.vscode\extensions\redhat.java-1.55.0-win32-x64\jre\21.0.11-win32-x86_64\bin\server\jvm.dll
0x00007ffbf9b20000 - 0x00007ffbf9bdc000 	C:\WINDOWS\System32\ADVAPI32.dll
0x00007ffbfa980000 - 0x00007ffbfaa2a000 	C:\WINDOWS\System32\sechost.dll
0x00007ffbfac90000 - 0x00007ffbfada8000 	C:\WINDOWS\System32\RPCRT4.dll
0x00007ffbfaa30000 - 0x00007ffbfaab2000 	C:\WINDOWS\System32\WS2_32.dll
0x00007ffbf89f0000 - 0x00007ffbf8a4e000 	C:\WINDOWS\SYSTEM32\POWRPROF.dll
0x00007ffbecd60000 - 0x00007ffbecd6b000 	C:\WINDOWS\SYSTEM32\VERSION.dll
0x00007ffbecf80000 - 0x00007ffbecfb6000 	C:\WINDOWS\SYSTEM32\WINMM.dll
0x00007ffbf89d0000 - 0x00007ffbf89e5000 	C:\WINDOWS\SYSTEM32\UMPDC.dll
0x00007ffbf7880000 - 0x00007ffbf789b000 	C:\WINDOWS\SYSTEM32\kernel.appcore.dll
0x00007ffbbeab0000 - 0x00007ffbbeaba000 	c:\Users\DELL\.vscode\extensions\redhat.java-1.55.0-win32-x64\jre\21.0.11-win32-x86_64\bin\jimage.dll
0x00007ffbf60e0000 - 0x00007ffbf6322000 	C:\WINDOWS\SYSTEM32\DBGHELP.DLL
0x00007ffbfa110000 - 0x00007ffbfa495000 	C:\WINDOWS\System32\combase.dll
0x00007ffbfabb0000 - 0x00007ffbfac89000 	C:\WINDOWS\System32\OLEAUT32.dll
0x00007ffbd7040000 - 0x00007ffbd707b000 	C:\WINDOWS\SYSTEM32\dbgcore.DLL
0x00007ffbf9080000 - 0x00007ffbf912c000 	C:\WINDOWS\System32\bcryptPrimitives.dll
0x00007ffbbd8c0000 - 0x00007ffbbd8cf000 	c:\Users\DELL\.vscode\extensions\redhat.java-1.55.0-win32-x64\jre\21.0.11-win32-x86_64\bin\instrument.dll
0x00007ffbaba10000 - 0x00007ffbaba30000 	c:\Users\DELL\.vscode\extensions\redhat.java-1.55.0-win32-x64\jre\21.0.11-win32-x86_64\bin\java.dll
0x00007ffbfb0a0000 - 0x00007ffbfb828000 	C:\WINDOWS\System32\SHELL32.dll
0x00007ffbf6610000 - 0x00007ffbf6eab000 	C:\WINDOWS\SYSTEM32\windows.storage.dll
0x00007ffbfadd0000 - 0x00007ffbfaec9000 	C:\WINDOWS\System32\SHCORE.dll
0x00007ffbf9ab0000 - 0x00007ffbf9b16000 	C:\WINDOWS\System32\shlwapi.dll
0x00007ffbf8ab0000 - 0x00007ffbf8ad9000 	C:\WINDOWS\SYSTEM32\profapi.dll
0x00007ffbab860000 - 0x00007ffbab878000 	c:\Users\DELL\.vscode\extensions\redhat.java-1.55.0-win32-x64\jre\21.0.11-win32-x86_64\bin\zip.dll
0x00007ffbbbac0000 - 0x00007ffbbbad0000 	C:\Users\DELL\.vscode\extensions\redhat.java-1.55.0-win32-x64\jre\21.0.11-win32-x86_64\bin\net.dll
0x00007ffbf2b90000 - 0x00007ffbf2cb8000 	C:\WINDOWS\SYSTEM32\WINHTTP.dll
0x00007ffbf7e30000 - 0x00007ffbf7e9c000 	C:\WINDOWS\system32\mswsock.dll
0x00007ffbaa600000 - 0x00007ffbaa616000 	C:\Users\DELL\.vscode\extensions\redhat.java-1.55.0-win32-x64\jre\21.0.11-win32-x86_64\bin\nio.dll
0x00007ffbb0930000 - 0x00007ffbb0940000 	c:\Users\DELL\.vscode\extensions\redhat.java-1.55.0-win32-x64\jre\21.0.11-win32-x86_64\bin\verify.dll
0x00007ffb71160000 - 0x00007ffb711a5000 	C:\Users\DELL\AppData\Roaming\Code\User\globalStorage\redhat.java\1.55.0\config_win\org.eclipse.equinox.launcher\org.eclipse.equinox.launcher.win32.win32.x86_64_1.3.100.v20260613-0559\eclipse_11924.dll
0x00007ffbf96f0000 - 0x00007ffbf9889000 	C:\WINDOWS\System32\ole32.dll
0x00007ffbf8120000 - 0x00007ffbf813b000 	C:\WINDOWS\SYSTEM32\CRYPTSP.dll
0x00007ffbf77e0000 - 0x00007ffbf7819000 	C:\WINDOWS\system32\rsaenh.dll
0x00007ffbf7ee0000 - 0x00007ffbf7f12000 	C:\WINDOWS\SYSTEM32\USERENV.dll
0x00007ffbf8a80000 - 0x00007ffbf8aaa000 	C:\WINDOWS\SYSTEM32\bcrypt.dll
0x00007ffbf8140000 - 0x00007ffbf814c000 	C:\WINDOWS\SYSTEM32\CRYPTBASE.dll
0x00007ffbf7360000 - 0x00007ffbf7393000 	C:\WINDOWS\SYSTEM32\IPHLPAPI.DLL
0x00007ffbfb8e0000 - 0x00007ffbfb8ea000 	C:\WINDOWS\System32\NSI.dll
0x00007ffb702d0000 - 0x00007ffb70319000 	C:\Users\DELL\AppData\Local\Temp\jna-2094529\jna10618155513095689797.dll
0x00007ffbfaf90000 - 0x00007ffbfaf98000 	C:\WINDOWS\System32\PSAPI.DLL
0x00007ffbf2d80000 - 0x00007ffbf2d9d000 	C:\WINDOWS\SYSTEM32\dhcpcsvc6.DLL
0x00007ffbf2d50000 - 0x00007ffbf2d75000 	C:\WINDOWS\SYSTEM32\dhcpcsvc.DLL

JVMTI agents:
c:\Users\DELL\.vscode\extensions\redhat.java-1.55.0-win32-x64\lombok\lombok-1.18.39-4050.jar path:c:\Users\DELL\.vscode\extensions\redhat.java-1.55.0-win32-x64\jre\21.0.11-win32-x86_64\bin\instrument.dll, loaded, initialized, instrumentlib options:none

dbghelp: loaded successfully - version: 4.0.5 - missing functions: none
symbol engine: initialized successfully - sym options: 0x614 - pdb path: .;c:\Users\DELL\.vscode\extensions\redhat.java-1.55.0-win32-x64\jre\21.0.11-win32-x86_64\bin;C:\WINDOWS\SYSTEM32;C:\WINDOWS\WinSxS\amd64_microsoft.windows.common-controls_6595b64144ccf1df_6.0.26100.8972_none_3e0da176e32f9d4b;c:\Users\DELL\.vscode\extensions\redhat.java-1.55.0-win32-x64\jre\21.0.11-win32-x86_64\bin\server;C:\Users\DELL\AppData\Roaming\Code\User\globalStorage\redhat.java\1.55.0\config_win\org.eclipse.equinox.launcher\org.eclipse.equinox.launcher.win32.win32.x86_64_1.3.100.v20260613-0559;C:\Users\DELL\AppData\Local\Temp\jna-2094529

VM Arguments:
jvm_args: --add-modules=ALL-SYSTEM --add-opens=java.base/java.util=ALL-UNNAMED --add-opens=java.base/java.lang=ALL-UNNAMED --add-opens=java.base/sun.nio.fs=ALL-UNNAMED -Declipse.application=org.eclipse.jdt.ls.core.id1 -Dosgi.bundles.defaultStartLevel=4 -Declipse.product=org.eclipse.jdt.ls.core.product -Djava.import.generatesMetadataFilesAtProjectRoot=false -DDetectVMInstallationsJob.disabled=true -Dfile.encoding=utf8 -XX:+UseParallelGC -XX:GCTimeRatio=4 -XX:AdaptiveSizePolicyWeight=90 -Dsun.zip.disableMemoryMapping=true -Xmx2G -Xms100m -Xlog:disable -javaagent:c:\Users\DELL\.vscode\extensions\redhat.java-1.55.0-win32-x64\lombok\lombok-1.18.39-4050.jar -XX:+HeapDumpOnOutOfMemoryError -XX:HeapDumpPath=c:\Users\DELL\AppData\Roaming\Code\User\workspaceStorage\9eb14853205e273cbd332edeb5d555d8\redhat.java -Daether.dependencyCollector.impl=bf 
java_command: c:\Users\DELL\.vscode\extensions\redhat.java-1.55.0-win32-x64\server\plugins\org.eclipse.equinox.launcher_1.7.200.v20260619-2039.jar -configuration c:\Users\DELL\AppData\Roaming\Code\User\globalStorage\redhat.java\1.55.0\config_win -data c:\Users\DELL\AppData\Roaming\Code\User\workspaceStorage\9eb14853205e273cbd332edeb5d555d8\redhat.java\jdt_ws --pipe=\\.\pipe\lsp-7ba9ce3518295f3dc301434042d637a4-sock
java_class_path (initial): c:\Users\DELL\.vscode\extensions\redhat.java-1.55.0-win32-x64\server\plugins\org.eclipse.equinox.launcher_1.7.200.v20260619-2039.jar
Launcher Type: SUN_STANDARD

[Global flags]
    uintx AdaptiveSizePolicyWeight                 = 90                                        {product} {command line}
     intx CICompilerCount                          = 4                                         {product} {ergonomic}
    uintx GCTimeRatio                              = 4                                         {product} {command line}
     bool HeapDumpOnOutOfMemoryError               = true                                   {manageable} {command line}
    ccstr HeapDumpPath                             = c:\Users\DELL\AppData\Roaming\Code\User\workspaceStorage\9eb14853205e273cbd332edeb5d555d8\redhat.java         {manageable} {command line}
   size_t InitialHeapSize                          = 104857600                                 {product} {command line}
   size_t MaxHeapSize                              = 2147483648                                {product} {command line}
   size_t MaxNewSize                               = 715653120                                 {product} {ergonomic}
   size_t MinHeapDeltaBytes                        = 524288                                    {product} {ergonomic}
   size_t MinHeapSize                              = 104857600                                 {product} {command line}
   size_t NewSize                                  = 34603008                                  {product} {ergonomic}
    uintx NonNMethodCodeHeapSize                   = 5839372                                {pd product} {ergonomic}
    uintx NonProfiledCodeHeapSize                  = 122909434                              {pd product} {ergonomic}
   size_t OldSize                                  = 70254592                                  {product} {ergonomic}
    uintx ProfiledCodeHeapSize                     = 122909434                              {pd product} {ergonomic}
    uintx ReservedCodeCacheSize                    = 251658240                              {pd product} {ergonomic}
     bool SegmentedCodeCache                       = true                                      {product} {ergonomic}
   size_t SoftMaxHeapSize                          = 2147483648                             {manageable} {ergonomic}
     bool UseCompressedOops                        = true                           {product lp64_product} {ergonomic}
     bool UseLargePagesIndividualAllocation        = false                                  {pd product} {ergonomic}
     bool UseParallelGC                            = true                                      {product} {command line}

Logging:
Log output configuration:
 #0: stdout all=off uptime,level,tags foldmultilines=false
 #1: stderr all=off uptime,level,tags foldmultilines=false

Release file:
JAVA_VERSION="21.0.11" 
MODULES="java.base java.compiler java.datatransfer java.xml java.prefs java.desktop java.instrument java.logging java.management java.security.sasl java.naming java.rmi java.management.rmi java.net.http java.scripting java.security.jgss java.transaction.xa java.sql java.sql.rowset java.xml.crypto java.se java.smartcardio jdk.accessibility jdk.internal.jvmstat jdk.attach jdk.charsets jdk.internal.opt jdk.zipfs jdk.compiler jdk.crypto.ec jdk.crypto.cryptoki jdk.crypto.mscapi jdk.dynalink jdk.internal.ed jdk.editpad jdk.hotspot.agent jdk.httpserver jdk.internal.le jdk.internal.vm.ci jdk.internal.vm.compiler jdk.internal.vm.compiler.management jdk.jartool jdk.javadoc jdk.jcmd jdk.management jdk.management.agent jdk.jconsole jdk.jdeps jdk.jdwp.agent jdk.jdi jdk.jfr jdk.jshell jdk.jsobject jdk.jstatd jdk.localedata jdk.management.jfr jdk.naming.dns jdk.naming.rmi jdk.net jdk.nio.mapmode jdk.random jdk.sctp jdk.security.auth jdk.security.jgss jdk.unsupported jdk.unsupported.desktop jdk.xml.dom" 

Environment Variables:
PATH=D:\flutter\bin;C:\Program Files (x86)\VMware\VMware Workstation\bin\;C:\Program Files\Common Files\Oracle\Java\javapath;C:\WINDOWS\system32;C:\WINDOWS;C:\WINDOWS\System32\Wbem;C:\WINDOWS\System32\WindowsPowerShell\v1.0\;C:\WINDOWS\System32\OpenSSH\;C:\Program Files (x86)\Microsoft SQL Server\100\Tools\Binn\;C:\Program Files\Microsoft SQL Server\100\Tools\Binn\;C:\Program Files\Microsoft SQL Server\100\DTS\Binn\;C:\Program Files\Microsoft SQL Server\150\Tools\Binn\;C:\Program Files\Microsoft SQL Server\Client SDK\ODBC\170\Tools\Binn\;C:\Program Files (x86)\Microsoft SQL Server\150\Tools\Binn\;C:\Program Files\Microsoft SQL Server\150\DTS\Binn\;C:\Program Files (x86)\Microsoft SQL Server\160\DTS\Binn\;C:\Program Files\Git\cmd;C:\ProgramData\chocolatey\bin;C:\Users\DELL\AppData\Local\nvm;C:\Users\nodejs;C:\ProgramData\ComposerSetup\bin;C:\xampp\php;C:\Program Files\Apache Software Foundation\apache-maven-3.9.15\bin;C:\Program Files\Apache Software Foundation\apache-maven-3.9.15\bin;C:\Program Files\dotnet\;C:\Users\DELL\AppData\Local\Programs\Python\Python313\Scripts\;C:\Users\DELL\AppData\Local\Programs\Python\Python313\;C:\Users\DELL\AppData\Local\Programs\Python\Python312\Scripts\;C:\Users\DELL\AppData\Local\Programs\Python\Python312\;C:\Users\DELL\AppData\Local\Microsoft\WindowsApps;C:\Users\DELL\AppData\Local\Programs\Microsoft VS Code\bin;C:\Users\DELL\AppData\Local\GitHubDesktop\bin;C:\Users\DELL\AppData\Roaming\npm;C:\Users\DELL\AppData\Local\nvm;C:\Users\nodejs;C:\Program Files\R\R-4.5.0\bin;C:\php-8.5.1;C:\Users\DELL\AppData\Roaming\Composer\vendor\bin;C:\Program Files\php-8.5.1
USERNAME=DELL
OS=Windows_NT
PROCESSOR_IDENTIFIER=Intel64 Family 6 Model 140 Stepping 1, GenuineIntel
TMP=C:\Users\DELL\AppData\Local\Temp
TEMP=C:\Users\DELL\AppData\Local\Temp




Periodic native trim disabled

---------------  S Y S T E M  ---------------

OS:
 Windows 11 , 64 bit Build 26100 (10.0.26100.9168)
OS uptime: 0 days 2:02 hours
Hyper-V role detected

CPU: total 8 (initial active 8) (4 cores per cpu, 2 threads per core) family 6 model 140 stepping 1 microcode 0xbe, cx8, cmov, fxsr, ht, mmx, 3dnowpref, sse, sse2, sse3, ssse3, sse4.1, sse4.2, popcnt, lzcnt, tsc, tscinvbit, avx, avx2, aes, erms, clmul, bmi1, bmi2, adx, avx512f, avx512dq, avx512cd, avx512bw, avx512vl, sha, fma, vzeroupper, avx512_vpopcntdq, avx512_vpclmulqdq, avx512_vaes, avx512_vnni, clflush, clflushopt, clwb, avx512_vbmi2, avx512_vbmi, hv, rdtscp, rdpid, fsrm, gfni, avx512_bitalg, f16c, cet_ibt, cet_ss, avx512_ifma
Processor Information for the first 8 processors :
  Max Mhz: 2995, Current Mhz: 2995, Mhz Limit: 2995

Memory: 4k page, system-wide physical 7930M (527M free)
TotalPageFile size 19068M (AvailPageFile size 4M)
current process WorkingSet (physical memory assigned to process): 241M, peak: 241M
current process commit charge ("private bytes"): 352M, peak: 366M

vm_info: OpenJDK 64-Bit Server VM (21.0.11+10-LTS) for windows-amd64 JRE (21.0.11+10-LTS), built on 2026-04-21T00:00:00Z by "admin" with MS VC++ 17.12 (VS2022)

END.
