#
# There is insufficient memory for the Java Runtime Environment to continue.
# Native memory allocation (malloc) failed to allocate 1702896 bytes. Error detail: Chunk::new
# Possible reasons:
#   The system is out of physical RAM or swap space
#   This process is running with CompressedOops enabled, and the Java Heap may be blocking the growth of the native heap
# Possible solutions:
#   Reduce memory load on the system
#   Increase physical memory or swap space
#   Check if swap backing store is full
#   Decrease Java heap size (-Xmx/-Xms)
#   Decrease number of Java threads
#   Decrease Java thread stack sizes (-Xss)
#   Set larger code cache with -XX:ReservedCodeCacheSize=
#   JVM is running with Unscaled Compressed Oops mode in which the Java heap is
#     placed in the first 4GB address space. The Java Heap base address is the
#     maximum limit for the native heap growth. Please use -XX:HeapBaseMinAddress
#     to set the Java Heap base and to place the Java Heap above 4GB virtual address.
# This output file may be truncated or incomplete.
#
#  Out of Memory Error (arena.cpp:168), pid=6100, tid=14216
#
# JRE version: OpenJDK Runtime Environment Temurin-21.0.11+10 (21.0.11+10) (build 21.0.11+10-LTS)
# Java VM: OpenJDK 64-Bit Server VM Temurin-21.0.11+10 (21.0.11+10-LTS, mixed mode, sharing, tiered, compressed oops, compressed class ptrs, parallel gc, windows-amd64)
# No core dump will be written. Minidumps are not enabled by default on client versions of Windows
#

---------------  S U M M A R Y ------------

Command Line: --add-modules=ALL-SYSTEM --add-opens=java.base/java.util=ALL-UNNAMED --add-opens=java.base/java.lang=ALL-UNNAMED --add-opens=java.base/sun.nio.fs=ALL-UNNAMED -Declipse.application=org.eclipse.jdt.ls.core.id1 -Dosgi.bundles.defaultStartLevel=4 -Declipse.product=org.eclipse.jdt.ls.core.product -Djava.import.generatesMetadataFilesAtProjectRoot=false -DDetectVMInstallationsJob.disabled=true -Dfile.encoding=utf8 -XX:+UseParallelGC -XX:GCTimeRatio=4 -XX:AdaptiveSizePolicyWeight=90 -Dsun.zip.disableMemoryMapping=true -Xmx2G -Xms100m -Xlog:disable -javaagent:c:\Users\DELL\.vscode\extensions\redhat.java-1.55.0-win32-x64\lombok\lombok-1.18.39-4050.jar -XX:+HeapDumpOnOutOfMemoryError -XX:HeapDumpPath=c:\Users\DELL\AppData\Roaming\Code\User\workspaceStorage\9eb14853205e273cbd332edeb5d555d8\redhat.java -Daether.dependencyCollector.impl=bf c:\Users\DELL\.vscode\extensions\redhat.java-1.55.0-win32-x64\server\plugins\org.eclipse.equinox.launcher_1.7.200.v20260619-2039.jar -configuration c:\Users\DELL\AppData\Roaming\Code\User\globalStorage\redhat.java\1.55.0\config_win -data c:\Users\DELL\AppData\Roaming\Code\User\workspaceStorage\9eb14853205e273cbd332edeb5d555d8\redhat.java\jdt_ws --pipe=\\.\pipe\lsp-0b8ff77199d31cabf5a5e531170bf08a-sock

Host: 11th Gen Intel(R) Core(TM) i7-11370H @ 3.30GHz, 8 cores, 7G,  Windows 11 , 64 bit Build 26100 (10.0.26100.9168)
Time: Mon Aug 24 14:02:04 2026 Sri Lanka Standard Time elapsed time: 13.428059 seconds (0d 0h 0m 13s)

---------------  T H R E A D  ---------------

Current thread (0x00000225e0c46c40):  JavaThread "C2 CompilerThread1" daemon [_thread_in_native, id=14216, stack(0x000000c2a4500000,0x000000c2a4600000) (1024K)]


Current CompileTask:
C2:13428 7488 %     4       org.lombokweb.asm.ClassReader::readCode @ 92 (5117 bytes)

Stack: [0x000000c2a4500000,0x000000c2a4600000]
Native frames: (J=compiled Java code, j=interpreted, Vv=VM code, C=native code)
V  [jvm.dll+0x6d7e19]
V  [jvm.dll+0x8b5096]
V  [jvm.dll+0x8b764e]
V  [jvm.dll+0x8b7d33]
V  [jvm.dll+0x284596]
V  [jvm.dll+0xc685d]
V  [jvm.dll+0xc6da1]
V  [jvm.dll+0x3bed31]
V  [jvm.dll+0x1e4149]
V  [jvm.dll+0x24c853]
V  [jvm.dll+0x24bce0]
V  [jvm.dll+0x1cb4ae]
V  [jvm.dll+0x25baad]
V  [jvm.dll+0x25a03a]
V  [jvm.dll+0x3f868e]
V  [jvm.dll+0x85fb0d]
V  [jvm.dll+0x6d664d]
C  [ucrtbase.dll+0x2cd30]
C  [KERNEL32.DLL+0x2ccb7]
C  [ntdll.dll+0xaad6c]


---------------  P R O C E S S  ---------------

Threads class SMR info:
_java_thread_list=0x00000225e028c7c0, length=44, elements={
0x00000225ff974340, 0x00000225ffa2c970, 0x0000022596b176b0, 0x0000022596b1a480,
0x0000022596b1ab10, 0x0000022596b1bec0, 0x0000022596b1b1a0, 0x0000022596b23800,
0x0000022596b4e7c0, 0x0000022596b1c550, 0x0000022596b1cbe0, 0x0000022596b1b830,
0x0000022596b19df0, 0x0000022596b19760, 0x00000225de9e0cf0, 0x00000225de9e1a10,
0x00000225de9e2dc0, 0x00000225de9e20a0, 0x00000225de9e0660, 0x00000225de9dffd0,
0x00000225de9e4170, 0x00000225de9e4800, 0x00000225de9e2730, 0x00000225de9e1380,
0x00000225de9e4e90, 0x00000225de9e3ae0, 0x00000225de9e5520, 0x00000225de9e5bb0,
0x00000225de9e3450, 0x00000225de9e68d0, 0x00000225de9e6240, 0x00000225de9e75f0,
0x00000225de9e6f60, 0x00000225df4eeb40, 0x00000225df4ede20, 0x00000225df4efef0,
0x00000225df4ed100, 0x00000225df4ee4b0, 0x00000225df4ed790, 0x00000225df4ef1d0,
0x00000225df4ef860, 0x00000225df4eca70, 0x00000225df4f0580, 0x00000225e0c46c40
}

Java Threads: ( => current thread )
  0x00000225ff974340 JavaThread "main"                              [_thread_blocked, id=5276, stack(0x000000c2a2a00000,0x000000c2a2b00000) (1024K)]
  0x00000225ffa2c970 JavaThread "Reference Handler"          daemon [_thread_blocked, id=23540, stack(0x000000c2a2e00000,0x000000c2a2f00000) (1024K)]
  0x0000022596b176b0 JavaThread "Finalizer"                  daemon [_thread_blocked, id=21172, stack(0x000000c2a2f00000,0x000000c2a3000000) (1024K)]
  0x0000022596b1a480 JavaThread "Signal Dispatcher"          daemon [_thread_blocked, id=21264, stack(0x000000c2a3000000,0x000000c2a3100000) (1024K)]
  0x0000022596b1ab10 JavaThread "Attach Listener"            daemon [_thread_blocked, id=23768, stack(0x000000c2a3100000,0x000000c2a3200000) (1024K)]
  0x0000022596b1bec0 JavaThread "Service Thread"             daemon [_thread_blocked, id=22448, stack(0x000000c2a3200000,0x000000c2a3300000) (1024K)]
  0x0000022596b1b1a0 JavaThread "Monitor Deflation Thread"   daemon [_thread_blocked, id=24056, stack(0x000000c2a3300000,0x000000c2a3400000) (1024K)]
  0x0000022596b23800 JavaThread "C2 CompilerThread0"         daemon [_thread_in_vm, id=23920, stack(0x000000c2a3400000,0x000000c2a3500000) (1024K)]
  0x0000022596b4e7c0 JavaThread "C1 CompilerThread0"         daemon [_thread_blocked, id=13120, stack(0x000000c2a3500000,0x000000c2a3600000) (1024K)]
  0x0000022596b1c550 JavaThread "Common-Cleaner"             daemon [_thread_blocked, id=3180, stack(0x000000c2a3700000,0x000000c2a3800000) (1024K)]
  0x0000022596b1cbe0 JavaThread "Notification Thread"        daemon [_thread_blocked, id=22836, stack(0x000000c2a3800000,0x000000c2a3900000) (1024K)]
  0x0000022596b1b830 JavaThread "Active Thread: Equinox Container: b66310b6-e932-4b22-a66f-2ef3c2cb0548"        [_thread_blocked, id=16116, stack(0x000000c2a3f00000,0x000000c2a4000000) (1024K)]
  0x0000022596b19df0 JavaThread "Refresh Thread: Equinox Container: b66310b6-e932-4b22-a66f-2ef3c2cb0548" daemon [_thread_blocked, id=22488, stack(0x000000c2a4100000,0x000000c2a4200000) (1024K)]
  0x0000022596b19760 JavaThread "Framework Event Dispatcher: Equinox Container: b66310b6-e932-4b22-a66f-2ef3c2cb0548" daemon [_thread_blocked, id=4400, stack(0x000000c2a4200000,0x000000c2a4300000) (1024K)]
  0x00000225de9e0cf0 JavaThread "Start Level: Equinox Container: b66310b6-e932-4b22-a66f-2ef3c2cb0548" daemon [_thread_blocked, id=1740, stack(0x000000c2a4300000,0x000000c2a4400000) (1024K)]
  0x00000225de9e1a10 JavaThread "Bundle File Closer"         daemon [_thread_blocked, id=5272, stack(0x000000c2a4400000,0x000000c2a4500000) (1024K)]
  0x00000225de9e2dc0 JavaThread "SCR Component Actor"        daemon [_thread_blocked, id=22084, stack(0x000000c2a3600000,0x000000c2a3700000) (1024K)]
  0x00000225de9e20a0 JavaThread "Worker-JM"                         [_thread_blocked, id=11500, stack(0x000000c2a4600000,0x000000c2a4700000) (1024K)]
  0x00000225de9e0660 JavaThread "JNA Cleaner"                daemon [_thread_blocked, id=21396, stack(0x000000c2a4700000,0x000000c2a4800000) (1024K)]
  0x00000225de9dffd0 JavaThread "Worker-0"                          [_thread_blocked, id=3996, stack(0x000000c2a4800000,0x000000c2a4900000) (1024K)]
  0x00000225de9e4170 JavaThread "Worker-1"                          [_thread_blocked, id=22128, stack(0x000000c2a4900000,0x000000c2a4a00000) (1024K)]
  0x00000225de9e4800 JavaThread "Worker-2: Initialize workspace"        [_thread_blocked, id=19260, stack(0x000000c2a4a00000,0x000000c2a4b00000) (1024K)]
  0x00000225de9e2730 JavaThread "Java indexing"              daemon [_thread_blocked, id=5916, stack(0x000000c2a4b00000,0x000000c2a4c00000) (1024K)]
  0x00000225de9e1380 JavaThread "Worker-3: Initialize Workspace"        [_thread_blocked, id=20512, stack(0x000000c2a4e00000,0x000000c2a4f00000) (1024K)]
  0x00000225de9e4e90 JavaThread "Thread-1"                   daemon [_thread_in_native, id=11460, stack(0x000000c2a4f00000,0x000000c2a5000000) (1024K)]
  0x00000225de9e3ae0 JavaThread "Thread-2"                   daemon [_thread_in_native, id=11484, stack(0x000000c2a5000000,0x000000c2a5100000) (1024K)]
  0x00000225de9e5520 JavaThread "Thread-3"                   daemon [_thread_in_native, id=20552, stack(0x000000c2a5100000,0x000000c2a5200000) (1024K)]
  0x00000225de9e5bb0 JavaThread "Thread-4"                   daemon [_thread_in_native, id=16928, stack(0x000000c2a5200000,0x000000c2a5300000) (1024K)]
  0x00000225de9e3450 JavaThread "Thread-5"                   daemon [_thread_in_native, id=21364, stack(0x000000c2a5300000,0x000000c2a5400000) (1024K)]
  0x00000225de9e68d0 JavaThread "Thread-6"                   daemon [_thread_in_native, id=20036, stack(0x000000c2a5400000,0x000000c2a5500000) (1024K)]
  0x00000225de9e6240 JavaThread "Thread-7"                   daemon [_thread_in_native, id=7996, stack(0x000000c2a5500000,0x000000c2a5600000) (1024K)]
  0x00000225de9e75f0 JavaThread "Thread-8"                   daemon [_thread_in_native, id=8220, stack(0x000000c2a5600000,0x000000c2a5700000) (1024K)]
  0x00000225de9e6f60 JavaThread "Thread-9"                   daemon [_thread_in_native, id=22020, stack(0x000000c2a5700000,0x000000c2a5800000) (1024K)]
  0x00000225df4eeb40 JavaThread "pool-2-thread-1"                   [_thread_blocked, id=15812, stack(0x000000c2a5800000,0x000000c2a5900000) (1024K)]
  0x00000225df4ede20 JavaThread "WorkspaceEventsHandler"            [_thread_blocked, id=2408, stack(0x000000c2a5900000,0x000000c2a5a00000) (1024K)]
  0x00000225df4efef0 JavaThread "pool-1-thread-1"                   [_thread_in_native, id=21540, stack(0x000000c2a5a00000,0x000000c2a5b00000) (1024K)]
  0x00000225df4ed100 JavaThread "PatternSearchJob-worker-1"  daemon [_thread_blocked, id=23328, stack(0x000000c2a5b00000,0x000000c2a5c00000) (1024K)]
  0x00000225df4ee4b0 JavaThread "PatternSearchJob-worker-2"  daemon [_thread_blocked, id=6596, stack(0x000000c2a5c00000,0x000000c2a5d00000) (1024K)]
  0x00000225df4ed790 JavaThread "PatternSearchJob-worker-3"  daemon [_thread_blocked, id=11604, stack(0x000000c2a5d00000,0x000000c2a5e00000) (1024K)]
  0x00000225df4ef1d0 JavaThread "PatternSearchJob-worker-4"  daemon [_thread_blocked, id=14164, stack(0x000000c2a5e00000,0x000000c2a5f00000) (1024K)]
  0x00000225df4ef860 JavaThread "PatternSearchJob-worker-5"  daemon [_thread_blocked, id=4396, stack(0x000000c2a5f00000,0x000000c2a6000000) (1024K)]
  0x00000225df4eca70 JavaThread "PatternSearchJob-worker-6"  daemon [_thread_blocked, id=18992, stack(0x000000c2a6000000,0x000000c2a6100000) (1024K)]
  0x00000225df4f0580 JavaThread "PatternSearchJob-worker-7"  daemon [_thread_blocked, id=21212, stack(0x000000c2a6100000,0x000000c2a6200000) (1024K)]
=>0x00000225e0c46c40 JavaThread "C2 CompilerThread1"         daemon [_thread_in_native, id=14216, stack(0x000000c2a4500000,0x000000c2a4600000) (1024K)]
Total: 44

Other Threads:
  0x00000225ffa12b30 VMThread "VM Thread"                           [id=22116, stack(0x000000c2a2d00000,0x000000c2a2e00000) (1024K)]
  0x0000022596a2c950 WatcherThread "VM Periodic Task Thread"        [id=2444, stack(0x000000c2a2c00000,0x000000c2a2d00000) (1024K)]
  0x00000225ff9919b0 WorkerThread "GC Thread#0"                     [id=3468, stack(0x000000c2a2b00000,0x000000c2a2c00000) (1024K)]
  0x00000225de535af0 WorkerThread "GC Thread#1"                     [id=8744, stack(0x000000c2a3900000,0x000000c2a3a00000) (1024K)]
  0x00000225de535ea0 WorkerThread "GC Thread#2"                     [id=23208, stack(0x000000c2a3a00000,0x000000c2a3b00000) (1024K)]
  0x00000225de534fe0 WorkerThread "GC Thread#3"                     [id=14084, stack(0x000000c2a3b00000,0x000000c2a3c00000) (1024K)]
  0x00000225de535390 WorkerThread "GC Thread#4"                     [id=15160, stack(0x000000c2a3c00000,0x000000c2a3d00000) (1024K)]
  0x00000225de535740 WorkerThread "GC Thread#5"                     [id=23404, stack(0x000000c2a3d00000,0x000000c2a3e00000) (1024K)]
  0x00000225de536250 WorkerThread "GC Thread#6"                     [id=19204, stack(0x000000c2a3e00000,0x000000c2a3f00000) (1024K)]
  0x00000225de72d970 WorkerThread "GC Thread#7"                     [id=12840, stack(0x000000c2a4000000,0x000000c2a4100000) (1024K)]
Total: 10

Threads with active compile tasks:
C2 CompilerThread0  13477 7531   !   4       org.eclipse.osgi.internal.loader.BundleLoader::findRequiredSource (283 bytes)
C1 CompilerThread0  13477 7533       3       java.io.Reader::<init> (27 bytes)
C2 CompilerThread1  13477 7488 %     4       org.lombokweb.asm.ClassReader::readCode @ 92 (5117 bytes)
Total: 3

VM state: not at safepoint (normal execution)

VM Mutex/Monitor currently owned by a thread: None

Heap address: 0x0000000080000000, size: 2048 MB, Compressed Oops mode: 32-bit

CDS archive(s) mapped at: [0x0000022597000000-0x0000022597ba0000-0x0000022597ba0000), size 12189696, SharedBaseAddress: 0x0000022597000000, ArchiveRelocationMode: 1.
Compressed class space mapped at: 0x0000022598000000-0x00000225d8000000, reserved size: 1073741824
Narrow klass base: 0x0000022597000000, Narrow klass shift: 0, Narrow klass range: 0x100000000

GC Precious Log:
 CardTable entry size: 512
 CPUs: 8 total, 8 available
 Memory: 7930M
 Large Page Support: Disabled
 NUMA Support: Disabled
 Compressed Oops: Enabled (32-bit)
 Alignments: Space 512K, Generation 512K, Heap 2M
 Heap Min Capacity: 100M
 Heap Initial Capacity: 100M
 Heap Max Capacity: 2G
 Pre-touch: Disabled
 Parallel Workers: 8

Heap:
 PSYoungGen      total 13312K, used 2975K [0x00000000d5580000, 0x00000000d6500000, 0x0000000100000000)
  eden space 12800K, 19% used [0x00000000d5580000,0x00000000d57efc60,0x00000000d6200000)
  from space 512K, 93% used [0x00000000d6480000,0x00000000d64f8010,0x00000000d6500000)
  to   space 1024K, 0% used [0x00000000d6300000,0x00000000d6300000,0x00000000d6400000)
 ParOldGen       total 68608K, used 52877K [0x0000000080000000, 0x0000000084300000, 0x00000000d5580000)
  object space 68608K, 77% used [0x0000000080000000,0x00000000833a34d0,0x0000000084300000)
 Metaspace       used 55494K, committed 56896K, reserved 1114112K
  class space    used 6009K, committed 6656K, reserved 1048576K

Card table byte_map: [0x0000022592140000,0x0000022592550000] _byte_map_base: 0x0000022591d40000

Marking Bits: (ParMarkBitMap*) 0x00007ff982d64460
 Begin Bits: [0x0000022592550000, 0x0000022594550000)
 End Bits:   [0x0000022594550000, 0x0000022596550000)

Polling page: 0x00000225fdf40000

Metaspace:

Usage:
  Non-class:     48.33 MB used.
      Class:      5.87 MB used.
       Both:     54.19 MB used.

Virtual space:
  Non-class space:       64.00 MB reserved,      49.06 MB ( 77%) committed,  1 nodes.
      Class space:        1.00 GB reserved,       6.50 MB ( <1%) committed,  1 nodes.
             Both:        1.06 GB reserved,      55.56 MB (  5%) committed. 

Chunk freelists:
   Non-Class:  14.83 MB
       Class:  9.35 MB
        Both:  24.18 MB

MaxMetaspaceSize: unlimited
CompressedClassSpaceSize: 1.00 GB
Initial GC threshold: 21.00 MB
Current GC threshold: 58.38 MB
CDS: on
 - commit_granule_bytes: 65536.
 - commit_granule_words: 8192.
 - virtual_space_node_default_size: 8388608.
 - enlarge_chunks_in_place: 1.
 - use_allocation_guard: 0.


Internal statistics:

num_allocs_failed_limit: 6.
num_arena_births: 1052.
num_arena_deaths: 14.
num_vsnodes_births: 2.
num_vsnodes_deaths: 0.
num_space_committed: 889.
num_space_uncommitted: 0.
num_chunks_returned_to_freelist: 20.
num_chunks_taken_from_freelist: 3570.
num_chunk_merges: 12.
num_chunk_splits: 2238.
num_chunks_enlarged: 1296.
num_inconsistent_stats: 0.

CodeHeap 'non-profiled nmethods': size=120000Kb used=4057Kb max_used=4057Kb free=115942Kb
 bounds [0x000002258ac10000, 0x000002258b010000, 0x0000022592140000]
CodeHeap 'profiled nmethods': size=120000Kb used=15084Kb max_used=15084Kb free=104915Kb
 bounds [0x0000022583140000, 0x0000022584000000, 0x000002258a670000]
CodeHeap 'non-nmethods': size=5760Kb used=1407Kb max_used=1437Kb free=4352Kb
 bounds [0x000002258a670000, 0x000002258a8e0000, 0x000002258ac10000]
CodeCache: size=245760Kb, used=20548Kb, max_used=20578Kb, free=225209Kb
 total_blobs=7664, nmethods=6958, adapters=611, full_count=0
Compilation: enabled, stopped_count=0, restarted_count=0

Compilation events (20 events):
Event: 13.125 Thread 0x0000022596b4e7c0 7518       1       lombok.eclipse.EclipseNode::getAst (5 bytes)
Event: 13.125 Thread 0x0000022596b4e7c0 nmethod 7518 0x000002258aff9910 code [0x000002258aff9aa0, 0x000002258aff9b68]
Event: 13.125 Thread 0x0000022596b4e7c0 7510       3       org.eclipse.jdt.internal.compiler.parser.Scanner::getNextToken (176 bytes)
Event: 13.128 Thread 0x0000022596b4e7c0 nmethod 7510 0x0000022583ff3e90 code [0x0000022583ff4120, 0x0000022583ff4ee0]
Event: 13.128 Thread 0x0000022596b4e7c0 7512       3       org.eclipse.jdt.internal.compiler.parser.Scanner::addTokenToLookBack (137 bytes)
Event: 13.130 Thread 0x0000022596b4e7c0 nmethod 7512 0x0000022583ff5110 code [0x0000022583ff5320, 0x0000022583ff5bd0]
Event: 13.130 Thread 0x0000022596b4e7c0 7509       1       org.eclipse.jdt.internal.compiler.impl.JavaFeature::getCompliance (5 bytes)
Event: 13.130 Thread 0x0000022596b4e7c0 nmethod 7509 0x000002258aff9c10 code [0x000002258aff9da0, 0x000002258aff9e68]
Event: 13.130 Thread 0x0000022596b4e7c0 7523  s    1       java.util.Vector::size (5 bytes)
Event: 13.130 Thread 0x0000022596b4e7c0 nmethod 7523 0x000002258aff9f10 code [0x000002258affa0a0, 0x000002258affa228]
Event: 13.130 Thread 0x0000022596b4e7c0 7522       1       lombok.eclipse.EclipseAST::isCompleteParse (5 bytes)
Event: 13.130 Thread 0x0000022596b4e7c0 nmethod 7522 0x000002258affa290 code [0x000002258affa420, 0x000002258affa4f0]
Event: 13.141 Thread 0x0000022596b4e7c0 7524       3       org.eclipse.jdt.internal.core.JavaElement::hashCode (28 bytes)
Event: 13.142 Thread 0x0000022596b4e7c0 nmethod 7524 0x0000022583ff5e90 code [0x0000022583ff6040, 0x0000022583ff6288]
Event: 13.156 Thread 0x0000022596b4e7c0 7525       1       org.eclipse.jdt.internal.core.OpenableElementInfo::getChildren (5 bytes)
Event: 13.156 Thread 0x0000022596b4e7c0 nmethod 7525 0x000002258affa590 code [0x000002258affa720, 0x000002258affa7e8]
Event: 13.156 Thread 0x0000022596b4e7c0 7526       3       org.eclipse.jdt.internal.core.JavaModelCache::putInfo (218 bytes)
Event: 13.158 Thread 0x0000022596b4e7c0 nmethod 7526 0x0000022583ff6310 code [0x0000022583ff66a0, 0x0000022583ff81d8]
Event: 13.182 Thread 0x0000022596b4e7c0 7527       3       lombok.launch.ShadowClassLoader::partOfShadow (46 bytes)
Event: 13.183 Thread 0x0000022596b4e7c0 nmethod 7527 0x0000022583ff8710 code [0x0000022583ff8900, 0x0000022583ff8ce8]

GC Heap History (20 events):
Event: 11.238 GC heap before
{Heap before GC invocations=37 (full 2):
 PSYoungGen      total 13824K, used 13824K [0x00000000d5580000, 0x00000000d6800000, 0x0000000100000000)
  eden space 12800K, 100% used [0x00000000d5580000,0x00000000d6200000,0x00000000d6200000)
  from space 1024K, 100% used [0x00000000d6600000,0x00000000d6700000,0x00000000d6700000)
  to   space 3072K, 0% used [0x00000000d6200000,0x00000000d6200000,0x00000000d6500000)
 ParOldGen       total 68608K, used 45805K [0x0000000080000000, 0x0000000084300000, 0x00000000d5580000)
  object space 68608K, 66% used [0x0000000080000000,0x0000000082cbb480,0x0000000084300000)
 Metaspace       used 49476K, committed 50816K, reserved 1114112K
  class space    used 5393K, committed 6016K, reserved 1048576K
}
Event: 11.242 GC heap after
{Heap after GC invocations=37 (full 2):
 PSYoungGen      total 14336K, used 1376K [0x00000000d5580000, 0x00000000d6680000, 0x0000000100000000)
  eden space 12800K, 0% used [0x00000000d5580000,0x00000000d5580000,0x00000000d6200000)
  from space 1536K, 89% used [0x00000000d6200000,0x00000000d6358010,0x00000000d6380000)
  to   space 2048K, 0% used [0x00000000d6480000,0x00000000d6480000,0x00000000d6680000)
 ParOldGen       total 68608K, used 46837K [0x0000000080000000, 0x0000000084300000, 0x00000000d5580000)
  object space 68608K, 68% used [0x0000000080000000,0x0000000082dbd480,0x0000000084300000)
 Metaspace       used 49476K, committed 50816K, reserved 1114112K
  class space    used 5393K, committed 6016K, reserved 1048576K
}
Event: 11.337 GC heap before
{Heap before GC invocations=38 (full 2):
 PSYoungGen      total 14336K, used 14176K [0x00000000d5580000, 0x00000000d6680000, 0x0000000100000000)
  eden space 12800K, 100% used [0x00000000d5580000,0x00000000d6200000,0x00000000d6200000)
  from space 1536K, 89% used [0x00000000d6200000,0x00000000d6358010,0x00000000d6380000)
  to   space 2048K, 0% used [0x00000000d6480000,0x00000000d6480000,0x00000000d6680000)
 ParOldGen       total 68608K, used 46837K [0x0000000080000000, 0x0000000084300000, 0x00000000d5580000)
  object space 68608K, 68% used [0x0000000080000000,0x0000000082dbd480,0x0000000084300000)
 Metaspace       used 49489K, committed 50816K, reserved 1114112K
  class space    used 5393K, committed 6016K, reserved 1048576K
}
Event: 11.342 GC heap after
{Heap after GC invocations=38 (full 2):
 PSYoungGen      total 14336K, used 1152K [0x00000000d5580000, 0x00000000d6600000, 0x0000000100000000)
  eden space 12800K, 0% used [0x00000000d5580000,0x00000000d5580000,0x00000000d6200000)
  from space 1536K, 75% used [0x00000000d6480000,0x00000000d65a0000,0x00000000d6600000)
  to   space 1536K, 0% used [0x00000000d6200000,0x00000000d6200000,0x00000000d6380000)
 ParOldGen       total 68608K, used 48109K [0x0000000080000000, 0x0000000084300000, 0x00000000d5580000)
  object space 68608K, 70% used [0x0000000080000000,0x0000000082efb490,0x0000000084300000)
 Metaspace       used 49489K, committed 50816K, reserved 1114112K
  class space    used 5393K, committed 6016K, reserved 1048576K
}
Event: 11.436 GC heap before
{Heap before GC invocations=39 (full 2):
 PSYoungGen      total 14336K, used 13952K [0x00000000d5580000, 0x00000000d6600000, 0x0000000100000000)
  eden space 12800K, 100% used [0x00000000d5580000,0x00000000d6200000,0x00000000d6200000)
  from space 1536K, 75% used [0x00000000d6480000,0x00000000d65a0000,0x00000000d6600000)
  to   space 1536K, 0% used [0x00000000d6200000,0x00000000d6200000,0x00000000d6380000)
 ParOldGen       total 68608K, used 48109K [0x0000000080000000, 0x0000000084300000, 0x00000000d5580000)
  object space 68608K, 70% used [0x0000000080000000,0x0000000082efb490,0x0000000084300000)
 Metaspace       used 49563K, committed 50944K, reserved 1114112K
  class space    used 5405K, committed 6016K, reserved 1048576K
}
Event: 11.440 GC heap after
{Heap after GC invocations=39 (full 2):
 PSYoungGen      total 14336K, used 1253K [0x00000000d5580000, 0x00000000d6500000, 0x0000000100000000)
  eden space 12800K, 0% used [0x00000000d5580000,0x00000000d5580000,0x00000000d6200000)
  from space 1536K, 81% used [0x00000000d6200000,0x00000000d63395b8,0x00000000d6380000)
  to   space 1536K, 0% used [0x00000000d6380000,0x00000000d6380000,0x00000000d6500000)
 ParOldGen       total 68608K, used 49181K [0x0000000080000000, 0x0000000084300000, 0x00000000d5580000)
  object space 68608K, 71% used [0x0000000080000000,0x0000000083007690,0x0000000084300000)
 Metaspace       used 49563K, committed 50944K, reserved 1114112K
  class space    used 5405K, committed 6016K, reserved 1048576K
}
Event: 11.815 GC heap before
{Heap before GC invocations=40 (full 2):
 PSYoungGen      total 14336K, used 14053K [0x00000000d5580000, 0x00000000d6500000, 0x0000000100000000)
  eden space 12800K, 100% used [0x00000000d5580000,0x00000000d6200000,0x00000000d6200000)
  from space 1536K, 81% used [0x00000000d6200000,0x00000000d63395b8,0x00000000d6380000)
  to   space 1536K, 0% used [0x00000000d6380000,0x00000000d6380000,0x00000000d6500000)
 ParOldGen       total 68608K, used 49181K [0x0000000080000000, 0x0000000084300000, 0x00000000d5580000)
  object space 68608K, 71% used [0x0000000080000000,0x0000000083007690,0x0000000084300000)
 Metaspace       used 51275K, committed 52672K, reserved 1114112K
  class space    used 5626K, committed 6272K, reserved 1048576K
}
Event: 11.818 GC heap after
{Heap after GC invocations=40 (full 2):
 PSYoungGen      total 13824K, used 760K [0x00000000d5580000, 0x00000000d6480000, 0x0000000100000000)
  eden space 12800K, 0% used [0x00000000d5580000,0x00000000d5580000,0x00000000d6200000)
  from space 1024K, 74% used [0x00000000d6380000,0x00000000d643e2e8,0x00000000d6480000)
  to   space 1024K, 0% used [0x00000000d6280000,0x00000000d6280000,0x00000000d6380000)
 ParOldGen       total 68608K, used 50074K [0x0000000080000000, 0x0000000084300000, 0x00000000d5580000)
  object space 68608K, 72% used [0x0000000080000000,0x00000000830e6928,0x0000000084300000)
 Metaspace       used 51275K, committed 52672K, reserved 1114112K
  class space    used 5626K, committed 6272K, reserved 1048576K
}
Event: 12.189 GC heap before
{Heap before GC invocations=41 (full 2):
 PSYoungGen      total 13824K, used 13560K [0x00000000d5580000, 0x00000000d6480000, 0x0000000100000000)
  eden space 12800K, 100% used [0x00000000d5580000,0x00000000d6200000,0x00000000d6200000)
  from space 1024K, 74% used [0x00000000d6380000,0x00000000d643e2e8,0x00000000d6480000)
  to   space 1024K, 0% used [0x00000000d6280000,0x00000000d6280000,0x00000000d6380000)
 ParOldGen       total 68608K, used 50074K [0x0000000080000000, 0x0000000084300000, 0x00000000d5580000)
  object space 68608K, 72% used [0x0000000080000000,0x00000000830e6928,0x0000000084300000)
 Metaspace       used 51686K, committed 53056K, reserved 1114112K
  class space    used 5695K, committed 6336K, reserved 1048576K
}
Event: 12.192 GC heap after
{Heap after GC invocations=41 (full 2):
 PSYoungGen      total 13824K, used 288K [0x00000000d5580000, 0x00000000d6400000, 0x0000000100000000)
  eden space 12800K, 0% used [0x00000000d5580000,0x00000000d5580000,0x00000000d6200000)
  from space 1024K, 28% used [0x00000000d6280000,0x00000000d62c8000,0x00000000d6380000)
  to   space 512K, 0% used [0x00000000d6380000,0x00000000d6380000,0x00000000d6400000)
 ParOldGen       total 68608K, used 50700K [0x0000000080000000, 0x0000000084300000, 0x00000000d5580000)
  object space 68608K, 73% used [0x0000000080000000,0x0000000083183150,0x0000000084300000)
 Metaspace       used 51686K, committed 53056K, reserved 1114112K
  class space    used 5695K, committed 6336K, reserved 1048576K
}
Event: 12.618 GC heap before
{Heap before GC invocations=42 (full 2):
 PSYoungGen      total 13824K, used 13088K [0x00000000d5580000, 0x00000000d6400000, 0x0000000100000000)
  eden space 12800K, 100% used [0x00000000d5580000,0x00000000d6200000,0x00000000d6200000)
  from space 1024K, 28% used [0x00000000d6280000,0x00000000d62c8000,0x00000000d6380000)
  to   space 512K, 0% used [0x00000000d6380000,0x00000000d6380000,0x00000000d6400000)
 ParOldGen       total 68608K, used 50700K [0x0000000080000000, 0x0000000084300000, 0x00000000d5580000)
  object space 68608K, 73% used [0x0000000080000000,0x0000000083183150,0x0000000084300000)
 Metaspace       used 52426K, committed 53824K, reserved 1114112K
  class space    used 5765K, committed 6400K, reserved 1048576K
}
Event: 12.619 GC heap after
{Heap after GC invocations=42 (full 2):
 PSYoungGen      total 13312K, used 352K [0x00000000d5580000, 0x00000000d6400000, 0x0000000100000000)
  eden space 12800K, 0% used [0x00000000d5580000,0x00000000d5580000,0x00000000d6200000)
  from space 512K, 68% used [0x00000000d6380000,0x00000000d63d8010,0x00000000d6400000)
  to   space 512K, 0% used [0x00000000d6300000,0x00000000d6300000,0x00000000d6380000)
 ParOldGen       total 68608K, used 50844K [0x0000000080000000, 0x0000000084300000, 0x00000000d5580000)
  object space 68608K, 74% used [0x0000000080000000,0x00000000831a7150,0x0000000084300000)
 Metaspace       used 52426K, committed 53824K, reserved 1114112K
  class space    used 5765K, committed 6400K, reserved 1048576K
}
Event: 12.822 GC heap before
{Heap before GC invocations=43 (full 2):
 PSYoungGen      total 13312K, used 13152K [0x00000000d5580000, 0x00000000d6400000, 0x0000000100000000)
  eden space 12800K, 100% used [0x00000000d5580000,0x00000000d6200000,0x00000000d6200000)
  from space 512K, 68% used [0x00000000d6380000,0x00000000d63d8010,0x00000000d6400000)
  to   space 512K, 0% used [0x00000000d6300000,0x00000000d6300000,0x00000000d6380000)
 ParOldGen       total 68608K, used 50844K [0x0000000080000000, 0x0000000084300000, 0x00000000d5580000)
  object space 68608K, 74% used [0x0000000080000000,0x00000000831a7150,0x0000000084300000)
 Metaspace       used 53396K, committed 54784K, reserved 1114112K
  class space    used 5819K, committed 6464K, reserved 1048576K
}
Event: 12.825 GC heap after
{Heap after GC invocations=43 (full 2):
 PSYoungGen      total 13312K, used 495K [0x00000000d5580000, 0x00000000d6700000, 0x0000000100000000)
  eden space 12800K, 0% used [0x00000000d5580000,0x00000000d5580000,0x00000000d6200000)
  from space 512K, 96% used [0x00000000d6300000,0x00000000d637bfc8,0x00000000d6380000)
  to   space 2560K, 0% used [0x00000000d6480000,0x00000000d6480000,0x00000000d6700000)
 ParOldGen       total 68608K, used 52437K [0x0000000080000000, 0x0000000084300000, 0x00000000d5580000)
  object space 68608K, 76% used [0x0000000080000000,0x00000000833355f0,0x0000000084300000)
 Metaspace       used 53396K, committed 54784K, reserved 1114112K
  class space    used 5819K, committed 6464K, reserved 1048576K
}
Event: 12.901 GC heap before
{Heap before GC invocations=44 (full 2):
 PSYoungGen      total 13312K, used 13295K [0x00000000d5580000, 0x00000000d6700000, 0x0000000100000000)
  eden space 12800K, 100% used [0x00000000d5580000,0x00000000d6200000,0x00000000d6200000)
  from space 512K, 96% used [0x00000000d6300000,0x00000000d637bfc8,0x00000000d6380000)
  to   space 2560K, 0% used [0x00000000d6480000,0x00000000d6480000,0x00000000d6700000)
 ParOldGen       total 68608K, used 52437K [0x0000000080000000, 0x0000000084300000, 0x00000000d5580000)
  object space 68608K, 76% used [0x0000000080000000,0x00000000833355f0,0x0000000084300000)
 Metaspace       used 53412K, committed 54848K, reserved 1114112K
  class space    used 5819K, committed 6464K, reserved 1048576K
}
Event: 12.903 GC heap after
{Heap after GC invocations=44 (full 2):
 PSYoungGen      total 14336K, used 1226K [0x00000000d5580000, 0x00000000d6600000, 0x0000000100000000)
  eden space 12800K, 0% used [0x00000000d5580000,0x00000000d5580000,0x00000000d6200000)
  from space 1536K, 79% used [0x00000000d6480000,0x00000000d65b2bf8,0x00000000d6600000)
  to   space 1536K, 0% used [0x00000000d6300000,0x00000000d6300000,0x00000000d6480000)
 ParOldGen       total 68608K, used 52837K [0x0000000080000000, 0x0000000084300000, 0x00000000d5580000)
  object space 68608K, 77% used [0x0000000080000000,0x00000000833994d0,0x0000000084300000)
 Metaspace       used 53412K, committed 54848K, reserved 1114112K
  class space    used 5819K, committed 6464K, reserved 1048576K
}
Event: 12.941 GC heap before
{Heap before GC invocations=45 (full 2):
 PSYoungGen      total 14336K, used 14026K [0x00000000d5580000, 0x00000000d6600000, 0x0000000100000000)
  eden space 12800K, 100% used [0x00000000d5580000,0x00000000d6200000,0x00000000d6200000)
  from space 1536K, 79% used [0x00000000d6480000,0x00000000d65b2bf8,0x00000000d6600000)
  to   space 1536K, 0% used [0x00000000d6300000,0x00000000d6300000,0x00000000d6480000)
 ParOldGen       total 68608K, used 52837K [0x0000000080000000, 0x0000000084300000, 0x00000000d5580000)
  object space 68608K, 77% used [0x0000000080000000,0x00000000833994d0,0x0000000084300000)
 Metaspace       used 53419K, committed 54848K, reserved 1114112K
  class space    used 5819K, committed 6464K, reserved 1048576K
}
Event: 12.942 GC heap after
{Heap after GC invocations=45 (full 2):
 PSYoungGen      total 14336K, used 1126K [0x00000000d5580000, 0x00000000d6500000, 0x0000000100000000)
  eden space 12800K, 0% used [0x00000000d5580000,0x00000000d5580000,0x00000000d6200000)
  from space 1536K, 73% used [0x00000000d6300000,0x00000000d6419a20,0x00000000d6480000)
  to   space 512K, 0% used [0x00000000d6480000,0x00000000d6480000,0x00000000d6500000)
 ParOldGen       total 68608K, used 52861K [0x0000000080000000, 0x0000000084300000, 0x00000000d5580000)
  object space 68608K, 77% used [0x0000000080000000,0x000000008339f4d0,0x0000000084300000)
 Metaspace       used 53419K, committed 54848K, reserved 1114112K
  class space    used 5819K, committed 6464K, reserved 1048576K
}
Event: 13.244 GC heap before
{Heap before GC invocations=46 (full 2):
 PSYoungGen      total 14336K, used 13829K [0x00000000d5580000, 0x00000000d6500000, 0x0000000100000000)
  eden space 12800K, 99% used [0x00000000d5580000,0x00000000d61e7ab0,0x00000000d6200000)
  from space 1536K, 73% used [0x00000000d6300000,0x00000000d6419a20,0x00000000d6480000)
  to   space 512K, 0% used [0x00000000d6480000,0x00000000d6480000,0x00000000d6500000)
 ParOldGen       total 68608K, used 52861K [0x0000000080000000, 0x0000000084300000, 0x00000000d5580000)
  object space 68608K, 77% used [0x0000000080000000,0x000000008339f4d0,0x0000000084300000)
 Metaspace       used 55161K, committed 56576K, reserved 1114112K
  class space    used 5985K, committed 6656K, reserved 1048576K
}
Event: 13.246 GC heap after
{Heap after GC invocations=46 (full 2):
 PSYoungGen      total 13312K, used 480K [0x00000000d5580000, 0x00000000d6500000, 0x0000000100000000)
  eden space 12800K, 0% used [0x00000000d5580000,0x00000000d5580000,0x00000000d6200000)
  from space 512K, 93% used [0x00000000d6480000,0x00000000d64f8010,0x00000000d6500000)
  to   space 1024K, 0% used [0x00000000d6300000,0x00000000d6300000,0x00000000d6400000)
 ParOldGen       total 68608K, used 52877K [0x0000000080000000, 0x0000000084300000, 0x00000000d5580000)
  object space 68608K, 77% used [0x0000000080000000,0x00000000833a34d0,0x0000000084300000)
 Metaspace       used 55161K, committed 56576K, reserved 1114112K
  class space    used 5985K, committed 6656K, reserved 1048576K
}

Dll operation events (10 events):
Event: 0.012 Loaded shared library c:\Users\DELL\.vscode\extensions\redhat.java-1.55.0-win32-x64\jre\21.0.11-win32-x86_64\bin\java.dll
Event: 0.097 Loaded shared library c:\Users\DELL\.vscode\extensions\redhat.java-1.55.0-win32-x64\jre\21.0.11-win32-x86_64\bin\zip.dll
Event: 0.126 Loaded shared library C:\Users\DELL\.vscode\extensions\redhat.java-1.55.0-win32-x64\jre\21.0.11-win32-x86_64\bin\instrument.dll
Event: 0.132 Loaded shared library C:\Users\DELL\.vscode\extensions\redhat.java-1.55.0-win32-x64\jre\21.0.11-win32-x86_64\bin\net.dll
Event: 0.135 Loaded shared library C:\Users\DELL\.vscode\extensions\redhat.java-1.55.0-win32-x64\jre\21.0.11-win32-x86_64\bin\nio.dll
Event: 0.140 Loaded shared library C:\Users\DELL\.vscode\extensions\redhat.java-1.55.0-win32-x64\jre\21.0.11-win32-x86_64\bin\zip.dll
Event: 0.163 Loaded shared library C:\Users\DELL\.vscode\extensions\redhat.java-1.55.0-win32-x64\jre\21.0.11-win32-x86_64\bin\jimage.dll
Event: 0.266 Loaded shared library c:\Users\DELL\.vscode\extensions\redhat.java-1.55.0-win32-x64\jre\21.0.11-win32-x86_64\bin\verify.dll
Event: 1.644 Loaded shared library C:\Users\DELL\AppData\Roaming\Code\User\globalStorage\redhat.java\1.55.0\config_win\org.eclipse.equinox.launcher\org.eclipse.equinox.launcher.win32.win32.x86_64_1.3.100.v20260613-0559\eclipse_11924.dll
Event: 5.267 Loaded shared library C:\Users\DELL\AppData\Local\Temp\jna-2094529\jna439377804487747086.dll

Deoptimization events (20 events):
Event: 12.860 Thread 0x00000225df4efef0 DEOPT PACKING pc=0x0000022583528359 sp=0x000000c2a5af9660
Event: 12.860 Thread 0x00000225df4efef0 DEOPT UNPACKING pc=0x000002258a6c78e2 sp=0x000000c2a5af8ae8 mode 0
Event: 12.866 Thread 0x00000225df4efef0 DEOPT PACKING pc=0x0000022583963eb3 sp=0x000000c2a5af9cc0
Event: 12.866 Thread 0x00000225df4efef0 DEOPT UNPACKING pc=0x000002258a6c78e2 sp=0x000000c2a5af91f0 mode 0
Event: 12.875 Thread 0x00000225df4efef0 DEOPT PACKING pc=0x0000022583963eb3 sp=0x000000c2a5af9cc0
Event: 12.875 Thread 0x00000225df4efef0 DEOPT UNPACKING pc=0x000002258a6c78e2 sp=0x000000c2a5af91f0 mode 0
Event: 12.906 Thread 0x00000225df4efef0 DEOPT PACKING pc=0x0000022583963eb3 sp=0x000000c2a5af9cc0
Event: 12.906 Thread 0x00000225df4efef0 DEOPT UNPACKING pc=0x000002258a6c78e2 sp=0x000000c2a5af91f0 mode 0
Event: 12.914 Thread 0x00000225df4efef0 DEOPT PACKING pc=0x0000022583963eb3 sp=0x000000c2a5af9cc0
Event: 12.914 Thread 0x00000225df4efef0 DEOPT UNPACKING pc=0x000002258a6c78e2 sp=0x000000c2a5af91f0 mode 0
Event: 12.922 Thread 0x00000225df4efef0 DEOPT PACKING pc=0x0000022583963eb3 sp=0x000000c2a5af9cc0
Event: 12.922 Thread 0x00000225df4efef0 DEOPT UNPACKING pc=0x000002258a6c78e2 sp=0x000000c2a5af91f0 mode 0
Event: 12.928 Thread 0x00000225df4efef0 DEOPT PACKING pc=0x0000022583963eb3 sp=0x000000c2a5af9cc0
Event: 12.928 Thread 0x00000225df4efef0 DEOPT UNPACKING pc=0x000002258a6c78e2 sp=0x000000c2a5af91f0 mode 0
Event: 12.931 Thread 0x00000225df4efef0 DEOPT PACKING pc=0x0000022583963eb3 sp=0x000000c2a5af9cc0
Event: 12.931 Thread 0x00000225df4efef0 DEOPT UNPACKING pc=0x000002258a6c78e2 sp=0x000000c2a5af91f0 mode 0
Event: 12.935 Thread 0x00000225df4efef0 DEOPT PACKING pc=0x0000022583963eb3 sp=0x000000c2a5af9cc0
Event: 12.935 Thread 0x00000225df4efef0 DEOPT UNPACKING pc=0x000002258a6c78e2 sp=0x000000c2a5af91f0 mode 0
Event: 12.947 Thread 0x00000225df4efef0 DEOPT PACKING pc=0x0000022583963eb3 sp=0x000000c2a5af9cc0
Event: 12.947 Thread 0x00000225df4efef0 DEOPT UNPACKING pc=0x000002258a6c78e2 sp=0x000000c2a5af91f0 mode 0

Classes loaded (20 events):
Event: 10.243 Loading class java/nio/file/ClosedDirectoryStreamException
Event: 10.243 Loading class java/nio/file/ClosedDirectoryStreamException done
Event: 10.243 Loading class jdk/internal/jrtfs/JrtFileSystem
Event: 10.244 Loading class jdk/internal/jrtfs/JrtFileSystem done
Event: 10.245 Loading class jdk/internal/jrtfs/JrtPath
Event: 10.245 Loading class jdk/internal/jrtfs/JrtPath done
Event: 10.245 Loading class jdk/internal/jimage/ImageReader$Node
Event: 10.246 Loading class jdk/internal/jimage/ImageReader$Node done
Event: 10.259 Loading class java/nio/ByteBufferAsIntBufferL
Event: 10.259 Loading class java/nio/ByteBufferAsIntBufferL done
Event: 10.264 Loading class jdk/internal/jimage/ImageReader$Directory
Event: 10.264 Loading class jdk/internal/jimage/ImageReader$Directory done
Event: 10.669 Loading class java/nio/channels/Channels$ReadableByteChannelImpl
Event: 10.670 Loading class java/nio/channels/Channels$ReadableByteChannelImpl done
Event: 10.670 Loading class java/nio/channels/NonWritableChannelException
Event: 10.671 Loading class java/nio/channels/NonWritableChannelException done
Event: 12.086 Loading class java/util/Vector$1
Event: 12.086 Loading class java/util/Vector$1 done
Event: 13.155 Loading class java/util/Hashtable$ValueCollection
Event: 13.155 Loading class java/util/Hashtable$ValueCollection done

Classes unloaded (7 events):
Event: 5.847 Thread 0x00000225ffa12b30 Unloading class 0x00000225981af400 'java/lang/invoke/LambdaForm$MH+0x00000225981af400'
Event: 5.847 Thread 0x00000225ffa12b30 Unloading class 0x00000225981af000 'java/lang/invoke/LambdaForm$MH+0x00000225981af000'
Event: 5.847 Thread 0x00000225ffa12b30 Unloading class 0x00000225981aec00 'java/lang/invoke/LambdaForm$MH+0x00000225981aec00'
Event: 5.847 Thread 0x00000225ffa12b30 Unloading class 0x00000225981ae800 'java/lang/invoke/LambdaForm$MH+0x00000225981ae800'
Event: 5.847 Thread 0x00000225ffa12b30 Unloading class 0x00000225981ae400 'java/lang/invoke/LambdaForm$BMH+0x00000225981ae400'
Event: 5.847 Thread 0x00000225ffa12b30 Unloading class 0x00000225981ae000 'java/lang/invoke/LambdaForm$DMH+0x00000225981ae000'
Event: 5.847 Thread 0x00000225ffa12b30 Unloading class 0x00000225981acc00 'java/lang/invoke/LambdaForm$DMH+0x00000225981acc00'

Classes redefined (0 events):
No events

Internal exceptions (20 events):
Event: 9.922 Thread 0x00000225de9e1380 Exception <a 'sun/nio/fs/WindowsException'{0x00000000d5d24420}> (0x00000000d5d24420) 
thrown [s\src\hotspot\share\prims\jni.cpp, line 520]
Event: 9.922 Thread 0x00000225de9e1380 Exception <a 'sun/nio/fs/WindowsException'{0x00000000d5d27688}> (0x00000000d5d27688) 
thrown [s\src\hotspot\share\prims\jni.cpp, line 520]
Event: 9.922 Thread 0x00000225de9e1380 Exception <a 'sun/nio/fs/WindowsException'{0x00000000d5d2c8b8}> (0x00000000d5d2c8b8) 
thrown [s\src\hotspot\share\prims\jni.cpp, line 520]
Event: 9.922 Thread 0x00000225de9e1380 Exception <a 'sun/nio/fs/WindowsException'{0x00000000d5d2fab8}> (0x00000000d5d2fab8) 
thrown [s\src\hotspot\share\prims\jni.cpp, line 520]
Event: 9.922 Thread 0x00000225de9e1380 Exception <a 'sun/nio/fs/WindowsException'{0x00000000d5d32a70}> (0x00000000d5d32a70) 
thrown [s\src\hotspot\share\prims\jni.cpp, line 520]
Event: 9.923 Thread 0x00000225de9e1380 Exception <a 'sun/nio/fs/WindowsException'{0x00000000d5d359e0}> (0x00000000d5d359e0) 
thrown [s\src\hotspot\share\prims\jni.cpp, line 520]
Event: 9.923 Thread 0x00000225de9e1380 Exception <a 'sun/nio/fs/WindowsException'{0x00000000d5d39680}> (0x00000000d5d39680) 
thrown [s\src\hotspot\share\prims\jni.cpp, line 520]
Event: 9.924 Thread 0x00000225de9e1380 Exception <a 'sun/nio/fs/WindowsException'{0x00000000d5d3e3b0}> (0x00000000d5d3e3b0) 
thrown [s\src\hotspot\share\prims\jni.cpp, line 520]
Event: 10.049 Thread 0x00000225de9e1380 Exception <a 'sun/nio/fs/WindowsException'{0x00000000d61075e8}> (0x00000000d61075e8) 
thrown [s\src\hotspot\share\prims\jni.cpp, line 520]
Event: 10.049 Thread 0x00000225de9e1380 Exception <a 'sun/nio/fs/WindowsException'{0x00000000d610bbe0}> (0x00000000d610bbe0) 
thrown [s\src\hotspot\share\prims\jni.cpp, line 520]
Event: 10.050 Thread 0x00000225de9e1380 Exception <a 'sun/nio/fs/WindowsException'{0x00000000d610f3d8}> (0x00000000d610f3d8) 
thrown [s\src\hotspot\share\prims\jni.cpp, line 520]
Event: 10.051 Thread 0x00000225de9e1380 Exception <a 'sun/nio/fs/WindowsException'{0x00000000d6112e20}> (0x00000000d6112e20) 
thrown [s\src\hotspot\share\prims\jni.cpp, line 520]
Event: 10.052 Thread 0x00000225de9e1380 Exception <a 'sun/nio/fs/WindowsException'{0x00000000d6116b70}> (0x00000000d6116b70) 
thrown [s\src\hotspot\share\prims\jni.cpp, line 520]
Event: 10.053 Thread 0x00000225de9e1380 Exception <a 'sun/nio/fs/WindowsException'{0x00000000d611b080}> (0x00000000d611b080) 
thrown [s\src\hotspot\share\prims\jni.cpp, line 520]
Event: 10.053 Thread 0x00000225de9e1380 Exception <a 'sun/nio/fs/WindowsException'{0x00000000d611f298}> (0x00000000d611f298) 
thrown [s\src\hotspot\share\prims\jni.cpp, line 520]
Event: 10.054 Thread 0x00000225de9e1380 Exception <a 'sun/nio/fs/WindowsException'{0x00000000d6122f68}> (0x00000000d6122f68) 
thrown [s\src\hotspot\share\prims\jni.cpp, line 520]
Event: 10.054 Thread 0x00000225de9e1380 Exception <a 'sun/nio/fs/WindowsException'{0x00000000d6126ab8}> (0x00000000d6126ab8) 
thrown [s\src\hotspot\share\prims\jni.cpp, line 520]
Event: 10.055 Thread 0x00000225de9e1380 Exception <a 'sun/nio/fs/WindowsException'{0x00000000d612a540}> (0x00000000d612a540) 
thrown [s\src\hotspot\share\prims\jni.cpp, line 520]
Event: 10.225 Thread 0x00000225df4efef0 Implicit null exception at 0x000002258ae7e883 to 0x000002258ae7eb04
Event: 10.226 Thread 0x00000225df4efef0 Exception <a 'java/lang/NoSuchMethodError'{0x00000000d5bfd898}: 'java.lang.Object java.lang.invoke.DelegatingMethodHandle$Holder.reinvoke_L(java.lang.Object, int, long, java.lang.Object, java.lang.Object, int, java.lang.Object)'> (0x00000000d5bfd898) 
thrown [s\src\hotspot\share\interpreter\linkResolver.cpp, line 773]

ZGC Phase Switch (0 events):
No events

VM Operations (20 events):
Event: 11.337 Executing safepoint VM operation: ParallelGCFailedAllocation (Allocation Failure)
Event: 11.342 Executing safepoint VM operation: ParallelGCFailedAllocation (Allocation Failure) done
Event: 11.436 Executing safepoint VM operation: ParallelGCFailedAllocation (Allocation Failure)
Event: 11.440 Executing safepoint VM operation: ParallelGCFailedAllocation (Allocation Failure) done
Event: 11.699 Executing non-safepoint VM operation: HandshakeAllThreads (Deoptimize)
Event: 11.699 Executing non-safepoint VM operation: HandshakeAllThreads (Deoptimize) done
Event: 11.815 Executing safepoint VM operation: ParallelGCFailedAllocation (Allocation Failure)
Event: 11.818 Executing safepoint VM operation: ParallelGCFailedAllocation (Allocation Failure) done
Event: 12.189 Executing safepoint VM operation: ParallelGCFailedAllocation (Allocation Failure)
Event: 12.192 Executing safepoint VM operation: ParallelGCFailedAllocation (Allocation Failure) done
Event: 12.618 Executing safepoint VM operation: ParallelGCFailedAllocation (Allocation Failure)
Event: 12.619 Executing safepoint VM operation: ParallelGCFailedAllocation (Allocation Failure) done
Event: 12.822 Executing safepoint VM operation: ParallelGCFailedAllocation (Allocation Failure)
Event: 12.825 Executing safepoint VM operation: ParallelGCFailedAllocation (Allocation Failure) done
Event: 12.900 Executing safepoint VM operation: ParallelGCFailedAllocation (Allocation Failure)
Event: 12.903 Executing safepoint VM operation: ParallelGCFailedAllocation (Allocation Failure) done
Event: 12.941 Executing safepoint VM operation: ParallelGCFailedAllocation (Allocation Failure)
Event: 12.942 Executing safepoint VM operation: ParallelGCFailedAllocation (Allocation Failure) done
Event: 13.244 Executing safepoint VM operation: ParallelGCFailedAllocation (Allocation Failure)
Event: 13.246 Executing safepoint VM operation: ParallelGCFailedAllocation (Allocation Failure) done

Memory protections (0 events):
No events

Nmethod flushes (20 events):
Event: 7.081 Thread 0x00000225ffa12b30 flushing  nmethod 0x00000225837b0f10
Event: 7.081 Thread 0x00000225ffa12b30 flushing  nmethod 0x00000225837b1810
Event: 7.081 Thread 0x00000225ffa12b30 flushing  nmethod 0x00000225837b3210
Event: 7.081 Thread 0x00000225ffa12b30 flushing  nmethod 0x00000225837b3990
Event: 7.081 Thread 0x00000225ffa12b30 flushing  nmethod 0x00000225837b4f10
Event: 7.081 Thread 0x00000225ffa12b30 flushing  nmethod 0x00000225837b5410
Event: 7.081 Thread 0x00000225ffa12b30 flushing  nmethod 0x00000225837b5910
Event: 7.081 Thread 0x00000225ffa12b30 flushing  nmethod 0x00000225837b5d10
Event: 7.081 Thread 0x00000225ffa12b30 flushing  nmethod 0x00000225837b6890
Event: 7.081 Thread 0x00000225ffa12b30 flushing  nmethod 0x00000225837b7110
Event: 7.081 Thread 0x00000225ffa12b30 flushing  nmethod 0x00000225837b9a90
Event: 7.081 Thread 0x00000225ffa12b30 flushing  nmethod 0x00000225837c3390
Event: 7.081 Thread 0x00000225ffa12b30 flushing  nmethod 0x00000225837d3790
Event: 7.081 Thread 0x00000225ffa12b30 flushing  nmethod 0x00000225837eb690
Event: 7.081 Thread 0x00000225ffa12b30 flushing  nmethod 0x00000225837ecb10
Event: 7.081 Thread 0x00000225ffa12b30 flushing  nmethod 0x00000225837f7b10
Event: 7.081 Thread 0x00000225ffa12b30 flushing  nmethod 0x00000225837ffa10
Event: 7.081 Thread 0x00000225ffa12b30 flushing  nmethod 0x0000022583833490
Event: 7.081 Thread 0x00000225ffa12b30 flushing  nmethod 0x0000022583872d10
Event: 7.081 Thread 0x00000225ffa12b30 flushing  nmethod 0x000002258388dc90

Events (20 events):
Event: 6.902 Thread 0x00000225ff974340 Thread added: 0x00000225de9e75f0
Event: 6.902 Thread 0x00000225ff974340 Thread added: 0x00000225de9e6f60
Event: 6.933 Thread 0x00000225ff974340 Thread added: 0x00000225df4eeb40
Event: 7.210 Thread 0x00000225ff974340 Thread added: 0x00000225df4ede20
Event: 7.211 Thread 0x00000225ff974340 Thread added: 0x00000225df4efef0
Event: 7.473 Thread 0x00000225de9dffd0 Thread added: 0x00000225df4ed100
Event: 7.473 Thread 0x00000225de9dffd0 Thread added: 0x00000225df4ee4b0
Event: 7.473 Thread 0x00000225df4ed100 Thread added: 0x00000225df4ed790
Event: 7.474 Thread 0x00000225df4ee4b0 Thread added: 0x00000225df4ef1d0
Event: 7.474 Thread 0x00000225df4ed790 Thread added: 0x00000225df4ef860
Event: 7.474 Thread 0x00000225df4ef860 Thread added: 0x00000225df4eca70
Event: 7.474 Thread 0x00000225df4ef1d0 Thread added: 0x00000225df4f0580
Event: 8.169 Thread 0x0000022596b4e7c0 Thread added: 0x00000225e11ee400
Event: 8.829 Thread 0x00000225de9e1380 Thread added: 0x00000225df4f0c10
Event: 9.592 Thread 0x00000225e11ee400 Thread exited: 0x00000225e11ee400
Event: 9.600 Thread 0x00000225dee4a820 Thread exited: 0x00000225dee4a820
Event: 9.618 Thread 0x0000022596b4e7c0 Thread added: 0x00000225e1707d70
Event: 10.058 Thread 0x00000225df4f0c10 Thread exited: 0x00000225df4f0c10
Event: 12.797 Thread 0x00000225e1707d70 Thread exited: 0x00000225e1707d70
Event: 12.833 Thread 0x0000022596b4e7c0 Thread added: 0x00000225e0c46c40


Dynamic libraries:
0x00007ff7dd390000 - 0x00007ff7dd39e000 	c:\Users\DELL\.vscode\extensions\redhat.java-1.55.0-win32-x64\jre\21.0.11-win32-x86_64\bin\java.exe
0x00007ffa113c0000 - 0x00007ffa11626000 	C:\WINDOWS\SYSTEM32\ntdll.dll
0x00007ffa10ed0000 - 0x00007ffa10f99000 	C:\WINDOWS\System32\KERNEL32.DLL
0x00007ffa0e900000 - 0x00007ffa0ecff000 	C:\WINDOWS\System32\KERNELBASE.dll
0x00007ffa0ed10000 - 0x00007ffa0ee5c000 	C:\WINDOWS\System32\ucrtbase.dll
0x00007ff9f8180000 - 0x00007ff9f8198000 	c:\Users\DELL\.vscode\extensions\redhat.java-1.55.0-win32-x64\jre\21.0.11-win32-x86_64\bin\jli.dll
0x00007ff9f81a0000 - 0x00007ff9f81be000 	c:\Users\DELL\.vscode\extensions\redhat.java-1.55.0-win32-x64\jre\21.0.11-win32-x86_64\bin\VCRUNTIME140.dll
0x00007ffa0ff60000 - 0x00007ffa10126000 	C:\WINDOWS\System32\USER32.dll
0x00007ff9ee750000 - 0x00007ff9ee9e1000 	C:\WINDOWS\WinSxS\amd64_microsoft.windows.common-controls_6595b64144ccf1df_6.0.26100.8972_none_3e0da176e32f9d4b\COMCTL32.dll
0x00007ffa0ee70000 - 0x00007ffa0ee97000 	C:\WINDOWS\System32\win32u.dll
0x00007ffa10df0000 - 0x00007ffa10e99000 	C:\WINDOWS\System32\msvcrt.dll
0x00007ffa10630000 - 0x00007ffa1065b000 	C:\WINDOWS\System32\GDI32.dll
0x00007ffa0e7d0000 - 0x00007ffa0e8f9000 	C:\WINDOWS\System32\gdi32full.dll
0x00007ffa0e660000 - 0x00007ffa0e703000 	C:\WINDOWS\System32\msvcp_win.dll
0x00007ffa0faf0000 - 0x00007ffa0fb22000 	C:\WINDOWS\System32\IMM32.DLL
0x00007ff9f8170000 - 0x00007ff9f817c000 	c:\Users\DELL\.vscode\extensions\redhat.java-1.55.0-win32-x64\jre\21.0.11-win32-x86_64\bin\vcruntime140_1.dll
0x00007ff9f80e0000 - 0x00007ff9f816d000 	c:\Users\DELL\.vscode\extensions\redhat.java-1.55.0-win32-x64\jre\21.0.11-win32-x86_64\bin\msvcp140.dll
0x00007ff9820a0000 - 0x00007ff982e42000 	c:\Users\DELL\.vscode\extensions\redhat.java-1.55.0-win32-x64\jre\21.0.11-win32-x86_64\bin\server\jvm.dll
0x00007ffa0fe90000 - 0x00007ffa0ff4c000 	C:\WINDOWS\System32\ADVAPI32.dll
0x00007ffa0fc10000 - 0x00007ffa0fcba000 	C:\WINDOWS\System32\sechost.dll
0x00007ffa0f160000 - 0x00007ffa0f278000 	C:\WINDOWS\System32\RPCRT4.dll
0x00007ffa0f500000 - 0x00007ffa0f582000 	C:\WINDOWS\System32\WS2_32.dll
0x00007ffa02900000 - 0x00007ffa02936000 	C:\WINDOWS\SYSTEM32\WINMM.dll
0x00007ffa020e0000 - 0x00007ffa020eb000 	C:\WINDOWS\SYSTEM32\VERSION.dll
0x00007ffa0e430000 - 0x00007ffa0e48e000 	C:\WINDOWS\SYSTEM32\POWRPROF.dll
0x00007ffa0e410000 - 0x00007ffa0e425000 	C:\WINDOWS\SYSTEM32\UMPDC.dll
0x00007ffa0d2c0000 - 0x00007ffa0d2db000 	C:\WINDOWS\SYSTEM32\kernel.appcore.dll
0x00007ff9f80d0000 - 0x00007ff9f80da000 	c:\Users\DELL\.vscode\extensions\redhat.java-1.55.0-win32-x64\jre\21.0.11-win32-x86_64\bin\jimage.dll
0x00007ffa0bcf0000 - 0x00007ffa0bf32000 	C:\WINDOWS\SYSTEM32\DBGHELP.DLL
0x00007ffa10130000 - 0x00007ffa104b5000 	C:\WINDOWS\System32\combase.dll
0x00007ffa0fb30000 - 0x00007ffa0fc09000 	C:\WINDOWS\System32\OLEAUT32.dll
0x00007ff9e8ca0000 - 0x00007ff9e8cdb000 	C:\WINDOWS\SYSTEM32\dbgcore.DLL
0x00007ffa0eea0000 - 0x00007ffa0ef4c000 	C:\WINDOWS\System32\bcryptPrimitives.dll
0x00007ffa021c0000 - 0x00007ffa021cf000 	c:\Users\DELL\.vscode\extensions\redhat.java-1.55.0-win32-x64\jre\21.0.11-win32-x86_64\bin\instrument.dll
0x00007ff9f80a0000 - 0x00007ff9f80c0000 	c:\Users\DELL\.vscode\extensions\redhat.java-1.55.0-win32-x64\jre\21.0.11-win32-x86_64\bin\java.dll
0x00007ffa10660000 - 0x00007ffa10de8000 	C:\WINDOWS\System32\SHELL32.dll
0x00007ffa0c060000 - 0x00007ffa0c8fb000 	C:\WINDOWS\SYSTEM32\windows.storage.dll
0x00007ffa10fa0000 - 0x00007ffa11099000 	C:\WINDOWS\System32\SHCORE.dll
0x00007ffa0fd50000 - 0x00007ffa0fdb6000 	C:\WINDOWS\System32\shlwapi.dll
0x00007ffa0e4f0000 - 0x00007ffa0e519000 	C:\WINDOWS\SYSTEM32\profapi.dll
0x00007ff9f8080000 - 0x00007ff9f8098000 	c:\Users\DELL\.vscode\extensions\redhat.java-1.55.0-win32-x64\jre\21.0.11-win32-x86_64\bin\zip.dll
0x00007ff9f8070000 - 0x00007ff9f8080000 	C:\Users\DELL\.vscode\extensions\redhat.java-1.55.0-win32-x64\jre\21.0.11-win32-x86_64\bin\net.dll
0x00007ffa05f90000 - 0x00007ffa060b8000 	C:\WINDOWS\SYSTEM32\WINHTTP.dll
0x00007ffa0d870000 - 0x00007ffa0d8dc000 	C:\WINDOWS\system32\mswsock.dll
0x00007ff9aeb60000 - 0x00007ff9aeb76000 	C:\Users\DELL\.vscode\extensions\redhat.java-1.55.0-win32-x64\jre\21.0.11-win32-x86_64\bin\nio.dll
0x00007ff9f8060000 - 0x00007ff9f8070000 	c:\Users\DELL\.vscode\extensions\redhat.java-1.55.0-win32-x64\jre\21.0.11-win32-x86_64\bin\verify.dll
0x00007ff9f8f90000 - 0x00007ff9f8fd5000 	C:\Users\DELL\AppData\Roaming\Code\User\globalStorage\redhat.java\1.55.0\config_win\org.eclipse.equinox.launcher\org.eclipse.equinox.launcher.win32.win32.x86_64_1.3.100.v20260613-0559\eclipse_11924.dll
0x00007ffa0f280000 - 0x00007ffa0f419000 	C:\WINDOWS\System32\ole32.dll
0x00007ffa0db60000 - 0x00007ffa0db7b000 	C:\WINDOWS\SYSTEM32\CRYPTSP.dll
0x00007ffa0d220000 - 0x00007ffa0d259000 	C:\WINDOWS\system32\rsaenh.dll
0x00007ffa0d920000 - 0x00007ffa0d952000 	C:\WINDOWS\SYSTEM32\USERENV.dll
0x00007ffa0e4c0000 - 0x00007ffa0e4ea000 	C:\WINDOWS\SYSTEM32\bcrypt.dll
0x00007ffa0db80000 - 0x00007ffa0db8c000 	C:\WINDOWS\SYSTEM32\CRYPTBASE.dll
0x00007ffa0cd20000 - 0x00007ffa0cd53000 	C:\WINDOWS\SYSTEM32\IPHLPAPI.DLL
0x00007ffa0f5b0000 - 0x00007ffa0f5ba000 	C:\WINDOWS\System32\NSI.dll
0x00007ff9d3e60000 - 0x00007ff9d3ea9000 	C:\Users\DELL\AppData\Local\Temp\jna-2094529\jna439377804487747086.dll
0x00007ffa0fae0000 - 0x00007ffa0fae8000 	C:\WINDOWS\System32\PSAPI.DLL
0x00007ffa06110000 - 0x00007ffa0612d000 	C:\WINDOWS\SYSTEM32\dhcpcsvc6.DLL
0x00007ffa060e0000 - 0x00007ffa06105000 	C:\WINDOWS\SYSTEM32\dhcpcsvc.DLL

JVMTI agents:
c:\Users\DELL\.vscode\extensions\redhat.java-1.55.0-win32-x64\lombok\lombok-1.18.39-4050.jar path:c:\Users\DELL\.vscode\extensions\redhat.java-1.55.0-win32-x64\jre\21.0.11-win32-x86_64\bin\instrument.dll, loaded, initialized, instrumentlib options:none

dbghelp: loaded successfully - version: 4.0.5 - missing functions: none
symbol engine: initialized successfully - sym options: 0x614 - pdb path: .;c:\Users\DELL\.vscode\extensions\redhat.java-1.55.0-win32-x64\jre\21.0.11-win32-x86_64\bin;C:\WINDOWS\SYSTEM32;C:\WINDOWS\WinSxS\amd64_microsoft.windows.common-controls_6595b64144ccf1df_6.0.26100.8972_none_3e0da176e32f9d4b;c:\Users\DELL\.vscode\extensions\redhat.java-1.55.0-win32-x64\jre\21.0.11-win32-x86_64\bin\server;C:\Users\DELL\AppData\Roaming\Code\User\globalStorage\redhat.java\1.55.0\config_win\org.eclipse.equinox.launcher\org.eclipse.equinox.launcher.win32.win32.x86_64_1.3.100.v20260613-0559;C:\Users\DELL\AppData\Local\Temp\jna-2094529

VM Arguments:
jvm_args: --add-modules=ALL-SYSTEM --add-opens=java.base/java.util=ALL-UNNAMED --add-opens=java.base/java.lang=ALL-UNNAMED --add-opens=java.base/sun.nio.fs=ALL-UNNAMED -Declipse.application=org.eclipse.jdt.ls.core.id1 -Dosgi.bundles.defaultStartLevel=4 -Declipse.product=org.eclipse.jdt.ls.core.product -Djava.import.generatesMetadataFilesAtProjectRoot=false -DDetectVMInstallationsJob.disabled=true -Dfile.encoding=utf8 -XX:+UseParallelGC -XX:GCTimeRatio=4 -XX:AdaptiveSizePolicyWeight=90 -Dsun.zip.disableMemoryMapping=true -Xmx2G -Xms100m -Xlog:disable -javaagent:c:\Users\DELL\.vscode\extensions\redhat.java-1.55.0-win32-x64\lombok\lombok-1.18.39-4050.jar -XX:+HeapDumpOnOutOfMemoryError -XX:HeapDumpPath=c:\Users\DELL\AppData\Roaming\Code\User\workspaceStorage\9eb14853205e273cbd332edeb5d555d8\redhat.java -Daether.dependencyCollector.impl=bf 
java_command: c:\Users\DELL\.vscode\extensions\redhat.java-1.55.0-win32-x64\server\plugins\org.eclipse.equinox.launcher_1.7.200.v20260619-2039.jar -configuration c:\Users\DELL\AppData\Roaming\Code\User\globalStorage\redhat.java\1.55.0\config_win -data c:\Users\DELL\AppData\Roaming\Code\User\workspaceStorage\9eb14853205e273cbd332edeb5d555d8\redhat.java\jdt_ws --pipe=\\.\pipe\lsp-0b8ff77199d31cabf5a5e531170bf08a-sock
java_class_path (initial): c:\Users\DELL\.vscode\extensions\redhat.java-1.55.0-win32-x64\server\plugins\org.eclipse.equinox.launcher_1.7.200.v20260619-2039.jar
Launcher Type: SUN_STANDARD

[Global flags]
    uintx AdaptiveSizePolicyWeight                 = 90                                        {product} {command line}
     intx CICompilerCount                          = 4                                         {product} {ergonomic}
    uintx GCTimeRatio                              = 4                                         {product} {command line}
     bool HeapDumpOnOutOfMemoryError               = true                                   {manageable} {command line}
    ccstr HeapDumpPath                             = c:\Users\DELL\AppData\Roaming\Code\User\workspaceStorage\9eb14853205e273cbd332edeb5d555d8\redhat.java         {manageable} {command line}
   size_t InitialHeapSize                          = 104857600                                 {product} {command line}
   size_t MaxHeapSize                              = 2147483648                                {product} {command line}
   size_t MaxNewSize                               = 715653120                                 {product} {ergonomic}
   size_t MinHeapDeltaBytes                        = 524288                                    {product} {ergonomic}
   size_t MinHeapSize                              = 104857600                                 {product} {command line}
   size_t NewSize                                  = 34603008                                  {product} {ergonomic}
    uintx NonNMethodCodeHeapSize                   = 5839372                                {pd product} {ergonomic}
    uintx NonProfiledCodeHeapSize                  = 122909434                              {pd product} {ergonomic}
   size_t OldSize                                  = 70254592                                  {product} {ergonomic}
    uintx ProfiledCodeHeapSize                     = 122909434                              {pd product} {ergonomic}
    uintx ReservedCodeCacheSize                    = 251658240                              {pd product} {ergonomic}
     bool SegmentedCodeCache                       = true                                      {product} {ergonomic}
   size_t SoftMaxHeapSize                          = 2147483648                             {manageable} {ergonomic}
     bool UseCompressedOops                        = true                           {product lp64_product} {ergonomic}
     bool UseLargePagesIndividualAllocation        = false                                  {pd product} {ergonomic}
     bool UseParallelGC                            = true                                      {product} {command line}

Logging:
Log output configuration:
 #0: stdout all=off uptime,level,tags foldmultilines=false
 #1: stderr all=off uptime,level,tags foldmultilines=false

Release file:
JAVA_VERSION="21.0.11" 
MODULES="java.base java.compiler java.datatransfer java.xml java.prefs java.desktop java.instrument java.logging java.management java.security.sasl java.naming java.rmi java.management.rmi java.net.http java.scripting java.security.jgss java.transaction.xa java.sql java.sql.rowset java.xml.crypto java.se java.smartcardio jdk.accessibility jdk.internal.jvmstat jdk.attach jdk.charsets jdk.internal.opt jdk.zipfs jdk.compiler jdk.crypto.ec jdk.crypto.cryptoki jdk.crypto.mscapi jdk.dynalink jdk.internal.ed jdk.editpad jdk.hotspot.agent jdk.httpserver jdk.internal.le jdk.internal.vm.ci jdk.internal.vm.compiler jdk.internal.vm.compiler.management jdk.jartool jdk.javadoc jdk.jcmd jdk.management jdk.management.agent jdk.jconsole jdk.jdeps jdk.jdwp.agent jdk.jdi jdk.jfr jdk.jshell jdk.jsobject jdk.jstatd jdk.localedata jdk.management.jfr jdk.naming.dns jdk.naming.rmi jdk.net jdk.nio.mapmode jdk.random jdk.sctp jdk.security.auth jdk.security.jgss jdk.unsupported jdk.unsupported.desktop jdk.xml.dom" 

Environment Variables:
PATH=D:\flutter\bin;C:\Program Files (x86)\VMware\VMware Workstation\bin\;C:\Program Files\Common Files\Oracle\Java\javapath;C:\WINDOWS\system32;C:\WINDOWS;C:\WINDOWS\System32\Wbem;C:\WINDOWS\System32\WindowsPowerShell\v1.0\;C:\WINDOWS\System32\OpenSSH\;C:\Program Files (x86)\Microsoft SQL Server\100\Tools\Binn\;C:\Program Files\Microsoft SQL Server\100\Tools\Binn\;C:\Program Files\Microsoft SQL Server\100\DTS\Binn\;C:\Program Files\Microsoft SQL Server\150\Tools\Binn\;C:\Program Files\Microsoft SQL Server\Client SDK\ODBC\170\Tools\Binn\;C:\Program Files (x86)\Microsoft SQL Server\150\Tools\Binn\;C:\Program Files\Microsoft SQL Server\150\DTS\Binn\;C:\Program Files (x86)\Microsoft SQL Server\160\DTS\Binn\;C:\Program Files\Git\cmd;C:\ProgramData\chocolatey\bin;C:\Users\DELL\AppData\Local\nvm;C:\Users\nodejs;C:\ProgramData\ComposerSetup\bin;C:\xampp\php;C:\Program Files\Apache Software Foundation\apache-maven-3.9.15\bin;C:\Program Files\Apache Software Foundation\apache-maven-3.9.15\bin;C:\Program Files\dotnet\;C:\Users\DELL\AppData\Local\Programs\Python\Python313\Scripts\;C:\Users\DELL\AppData\Local\Programs\Python\Python313\;C:\Users\DELL\AppData\Local\Programs\Python\Python312\Scripts\;C:\Users\DELL\AppData\Local\Programs\Python\Python312\;C:\Users\DELL\AppData\Local\Microsoft\WindowsApps;C:\Users\DELL\AppData\Local\Programs\Microsoft VS Code\bin;C:\Users\DELL\AppData\Local\GitHubDesktop\bin;C:\Users\DELL\AppData\Roaming\npm;C:\Users\DELL\AppData\Local\nvm;C:\Users\nodejs;C:\Program Files\R\R-4.5.0\bin;C:\php-8.5.1;C:\Users\DELL\AppData\Roaming\Composer\vendor\bin;C:\Program Files\php-8.5.1
USERNAME=DELL
OS=Windows_NT
PROCESSOR_IDENTIFIER=Intel64 Family 6 Model 140 Stepping 1, GenuineIntel
TMP=C:\Users\DELL\AppData\Local\Temp
TEMP=C:\Users\DELL\AppData\Local\Temp




Periodic native trim disabled

---------------  S Y S T E M  ---------------

OS:
 Windows 11 , 64 bit Build 26100 (10.0.26100.9168)
OS uptime: 1 days 4:42 hours
Hyper-V role detected

CPU: total 8 (initial active 8) (4 cores per cpu, 2 threads per core) family 6 model 140 stepping 1 microcode 0xbe, cx8, cmov, fxsr, ht, mmx, 3dnowpref, sse, sse2, sse3, ssse3, sse4.1, sse4.2, popcnt, lzcnt, tsc, tscinvbit, avx, avx2, aes, erms, clmul, bmi1, bmi2, adx, avx512f, avx512dq, avx512cd, avx512bw, avx512vl, sha, fma, vzeroupper, avx512_vpopcntdq, avx512_vpclmulqdq, avx512_vaes, avx512_vnni, clflush, clflushopt, clwb, avx512_vbmi2, avx512_vbmi, hv, rdtscp, rdpid, fsrm, gfni, avx512_bitalg, f16c, cet_ibt, cet_ss, avx512_ifma
Processor Information for processor 0
  Max Mhz: 2995, Current Mhz: 2995, Mhz Limit: 2995
Processor Information for processor 1
  Max Mhz: 2995, Current Mhz: 2995, Mhz Limit: 2995
Processor Information for processor 2
  Max Mhz: 2995, Current Mhz: 1198, Mhz Limit: 2995
Processor Information for processor 3
  Max Mhz: 2995, Current Mhz: 1198, Mhz Limit: 2995
Processor Information for processor 4
  Max Mhz: 2995, Current Mhz: 2995, Mhz Limit: 2995
Processor Information for processor 5
  Max Mhz: 2995, Current Mhz: 2995, Mhz Limit: 2995
Processor Information for processor 6
  Max Mhz: 2995, Current Mhz: 1198, Mhz Limit: 2995
Processor Information for processor 7
  Max Mhz: 2995, Current Mhz: 2995, Mhz Limit: 2995

Memory: 4k page, system-wide physical 7930M (438M free)
TotalPageFile size 21847M (AvailPageFile size 87M)
current process WorkingSet (physical memory assigned to process): 253M, peak: 264M
current process commit charge ("private bytes"): 339M, peak: 351M

vm_info: OpenJDK 64-Bit Server VM (21.0.11+10-LTS) for windows-amd64 JRE (21.0.11+10-LTS), built on 2026-04-21T00:00:00Z by "admin" with MS VC++ 17.12 (VS2022)

END.
