#
# There is insufficient memory for the Java Runtime Environment to continue.
# Native memory allocation (malloc) failed to allocate 324016 bytes. Error detail: Chunk::new
# Possible reasons:
#   The system is out of physical RAM or swap space
#   This process is running with CompressedOops enabled, and the Java Heap may be blocking the growth of the native heap
# Possible solutions:
#   Reduce memory load on the system
#   Increase physical memory or swap space
#   Check if swap backing store is full
#   Decrease Java heap size (-Xmx/-Xms)
#   Decrease number of Java threads
#   Decrease Java thread stack sizes (-Xss)
#   Set larger code cache with -XX:ReservedCodeCacheSize=
#   JVM is running with Unscaled Compressed Oops mode in which the Java heap is
#     placed in the first 4GB address space. The Java Heap base address is the
#     maximum limit for the native heap growth. Please use -XX:HeapBaseMinAddress
#     to set the Java Heap base and to place the Java Heap above 4GB virtual address.
# This output file may be truncated or incomplete.
#
#  Out of Memory Error (arena.cpp:168), pid=4892, tid=14972
#
# JRE version: OpenJDK Runtime Environment Temurin-21.0.11+10 (21.0.11+10) (build 21.0.11+10-LTS)
# Java VM: OpenJDK 64-Bit Server VM Temurin-21.0.11+10 (21.0.11+10-LTS, mixed mode, sharing, tiered, compressed oops, compressed class ptrs, parallel gc, windows-amd64)
# No core dump will be written. Minidumps are not enabled by default on client versions of Windows
#

---------------  S U M M A R Y ------------

Command Line: --add-modules=ALL-SYSTEM --add-opens=java.base/java.util=ALL-UNNAMED --add-opens=java.base/java.lang=ALL-UNNAMED --add-opens=java.base/sun.nio.fs=ALL-UNNAMED -Declipse.application=org.eclipse.jdt.ls.core.id1 -Dosgi.bundles.defaultStartLevel=4 -Declipse.product=org.eclipse.jdt.ls.core.product -Djava.import.generatesMetadataFilesAtProjectRoot=false -DDetectVMInstallationsJob.disabled=true -Dfile.encoding=utf8 -XX:+UseParallelGC -XX:GCTimeRatio=4 -XX:AdaptiveSizePolicyWeight=90 -Dsun.zip.disableMemoryMapping=true -Xmx2G -Xms100m -Xlog:disable -javaagent:c:\Users\DELL\.vscode\extensions\redhat.java-1.55.0-win32-x64\lombok\lombok-1.18.39-4050.jar c:\Users\DELL\.vscode\extensions\redhat.java-1.55.0-win32-x64\server\plugins\org.eclipse.equinox.launcher_1.7.200.v20260619-2039.jar -configuration c:\Users\DELL\AppData\Roaming\Code\User\globalStorage\redhat.java\1.55.0\config_ss_win -data c:\Users\DELL\AppData\Roaming\Code\User\workspaceStorage\9eb14853205e273cbd332edeb5d555d8\redhat.java\ss_ws --pipe=\\.\pipe\lsp-be30e2f463b3adf2e8b394122950e7bf-sock

Host: 11th Gen Intel(R) Core(TM) i7-11370H @ 3.30GHz, 8 cores, 7G,  Windows 11 , 64 bit Build 26100 (10.0.26100.9168)
Time: Mon Aug 31 10:57:12 2026 Sri Lanka Standard Time elapsed time: 0.720433 seconds (0d 0h 0m 0s)

---------------  T H R E A D  ---------------

Current thread (0x00000185256c6580):  JavaThread "C2 CompilerThread0" daemon [_thread_in_native, id=14972, stack(0x000000349fe00000,0x000000349ff00000) (1024K)]


Current CompileTask:
C2:720  795       4       lombok.patcher.PatchScript::classMatches (41 bytes)

Stack: [0x000000349fe00000,0x000000349ff00000]
Native frames: (J=compiled Java code, j=interpreted, Vv=VM code, C=native code)
V  [jvm.dll+0x6d7e19]
V  [jvm.dll+0x8b5096]
V  [jvm.dll+0x8b764e]
V  [jvm.dll+0x8b7d33]
V  [jvm.dll+0x284596]
V  [jvm.dll+0xc685d]
V  [jvm.dll+0xc6da1]
V  [jvm.dll+0x3bed31]
V  [jvm.dll+0x38b2b2]
V  [jvm.dll+0x38a6fa]
V  [jvm.dll+0x24c700]
V  [jvm.dll+0x24bce0]
V  [jvm.dll+0x1cb4ae]
V  [jvm.dll+0x25baad]
V  [jvm.dll+0x25a03a]
V  [jvm.dll+0x3f868e]
V  [jvm.dll+0x85fb0d]
V  [jvm.dll+0x6d664d]
C  [ucrtbase.dll+0x2cd30]
C  [KERNEL32.DLL+0x2ccb7]
C  [ntdll.dll+0xaad6c]


---------------  P R O C E S S  ---------------

Threads class SMR info:
_java_thread_list=0x000001856c3323d0, length=12, elements={
0x000001850ec303e0, 0x00000185256a84e0, 0x000001850eced720, 0x00000185256aa6f0,
0x00000185256ae0f0, 0x00000185256b0ee0, 0x00000185256aee10, 0x00000185256c6580,
0x000001856c020830, 0x000001856c13cb30, 0x00000185256ada60, 0x00000185256ae780
}

Java Threads: ( => current thread )
  0x000001850ec303e0 JavaThread "main"                              [_thread_in_Java, id=20532, stack(0x000000349f400000,0x000000349f500000) (1024K)]
  0x00000185256a84e0 JavaThread "Reference Handler"          daemon [_thread_blocked, id=18360, stack(0x000000349f800000,0x000000349f900000) (1024K)]
  0x000001850eced720 JavaThread "Finalizer"                  daemon [_thread_blocked, id=14448, stack(0x000000349f900000,0x000000349fa00000) (1024K)]
  0x00000185256aa6f0 JavaThread "Signal Dispatcher"          daemon [_thread_blocked, id=8300, stack(0x000000349fa00000,0x000000349fb00000) (1024K)]
  0x00000185256ae0f0 JavaThread "Attach Listener"            daemon [_thread_blocked, id=19312, stack(0x000000349fb00000,0x000000349fc00000) (1024K)]
  0x00000185256b0ee0 JavaThread "Service Thread"             daemon [_thread_blocked, id=3536, stack(0x000000349fc00000,0x000000349fd00000) (1024K)]
  0x00000185256aee10 JavaThread "Monitor Deflation Thread"   daemon [_thread_blocked, id=4156, stack(0x000000349fd00000,0x000000349fe00000) (1024K)]
=>0x00000185256c6580 JavaThread "C2 CompilerThread0"         daemon [_thread_in_native, id=14972, stack(0x000000349fe00000,0x000000349ff00000) (1024K)]
  0x000001856c020830 JavaThread "C1 CompilerThread0"         daemon [_thread_in_native, id=8596, stack(0x000000349ff00000,0x00000034a0000000) (1024K)]
  0x000001856c13cb30 JavaThread "C2 CompilerThread1"         daemon [_thread_in_native, id=3636, stack(0x00000034a0000000,0x00000034a0100000) (1024K)]
  0x00000185256ada60 JavaThread "Common-Cleaner"             daemon [_thread_blocked, id=19600, stack(0x00000034a0100000,0x00000034a0200000) (1024K)]
  0x00000185256ae780 JavaThread "Notification Thread"        daemon [_thread_blocked, id=4460, stack(0x00000034a0200000,0x00000034a0300000) (1024K)]
Total: 12

Other Threads:
  0x00000185256a1d90 VMThread "VM Thread"                           [id=13228, stack(0x000000349f700000,0x000000349f800000) (1024K)]
  0x000001850ec9b930 WatcherThread "VM Periodic Task Thread"        [id=21456, stack(0x000000349f600000,0x000000349f700000) (1024K)]
  0x000001850ec4daf0 WorkerThread "GC Thread#0"                     [id=16472, stack(0x000000349f500000,0x000000349f600000) (1024K)]
Total: 3

Threads with active compile tasks:
C2 CompilerThread0  753  795       4       lombok.patcher.PatchScript::classMatches (41 bytes)
C1 CompilerThread0  753  897       3       jdk.internal.org.objectweb.asm.Attribute::putAttributes (78 bytes)
C2 CompilerThread1  753  794       4       lombok.patcher.scripts.MethodLevelPatchScript::patch (21 bytes)
Total: 3

VM state: not at safepoint (normal execution)

VM Mutex/Monitor currently owned by a thread: None

Heap address: 0x0000000080000000, size: 2048 MB, Compressed Oops mode: 32-bit

CDS archive(s) mapped at: [0x0000018526000000-0x0000018526ba0000-0x0000018526ba0000), size 12189696, SharedBaseAddress: 0x0000018526000000, ArchiveRelocationMode: 1.
Compressed class space mapped at: 0x0000018527000000-0x0000018567000000, reserved size: 1073741824
Narrow klass base: 0x0000018526000000, Narrow klass shift: 0, Narrow klass range: 0x100000000

GC Precious Log:
 CardTable entry size: 512
 CPUs: 8 total, 8 available
 Memory: 7930M
 Large Page Support: Disabled
 NUMA Support: Disabled
 Compressed Oops: Enabled (32-bit)
 Alignments: Space 512K, Generation 512K, Heap 2M
 Heap Min Capacity: 100M
 Heap Initial Capacity: 100M
 Heap Max Capacity: 2G
 Pre-touch: Disabled
 Parallel Workers: 8

Heap:
 PSYoungGen      total 29696K, used 17550K [0x00000000d5580000, 0x00000000d7680000, 0x0000000100000000)
  eden space 25600K, 68% used [0x00000000d5580000,0x00000000d66a3b60,0x00000000d6e80000)
  from space 4096K, 0% used [0x00000000d7280000,0x00000000d7280000,0x00000000d7680000)
  to   space 4096K, 0% used [0x00000000d6e80000,0x00000000d6e80000,0x00000000d7280000)
 ParOldGen       total 68608K, used 0K [0x0000000080000000, 0x0000000084300000, 0x00000000d5580000)
  object space 68608K, 0% used [0x0000000080000000,0x0000000080000000,0x0000000084300000)
 Metaspace       used 3468K, committed 3712K, reserved 1114112K
  class space    used 383K, committed 512K, reserved 1048576K

Card table byte_map: [0x000001850e600000,0x000001850ea10000] _byte_map_base: 0x000001850e200000

Marking Bits: (ParMarkBitMap*) 0x00007ffb20384460
 Begin Bits: [0x00000185210e0000, 0x00000185230e0000)
 End Bits:   [0x00000185230e0000, 0x00000185250e0000)

Polling page: 0x000001850e3f0000

Metaspace:

Usage:
  Non-class:      3.01 MB used.
      Class:    384.46 KB used.
       Both:      3.39 MB used.

Virtual space:
  Non-class space:       64.00 MB reserved,       3.12 MB (  5%) committed,  1 nodes.
      Class space:        1.00 GB reserved,     512.00 KB ( <1%) committed,  1 nodes.
             Both:        1.06 GB reserved,       3.62 MB ( <1%) committed. 

Chunk freelists:
   Non-Class:  11.45 MB
       Class:  15.47 MB
        Both:  26.93 MB

MaxMetaspaceSize: unlimited
CompressedClassSpaceSize: 1.00 GB
Initial GC threshold: 21.00 MB
Current GC threshold: 21.00 MB
CDS: on
 - commit_granule_bytes: 65536.
 - commit_granule_words: 8192.
 - virtual_space_node_default_size: 8388608.
 - enlarge_chunks_in_place: 1.
 - use_allocation_guard: 0.


Internal statistics:

num_allocs_failed_limit: 0.
num_arena_births: 170.
num_arena_deaths: 0.
num_vsnodes_births: 2.
num_vsnodes_deaths: 0.
num_space_committed: 58.
num_space_uncommitted: 0.
num_chunks_returned_to_freelist: 0.
num_chunks_taken_from_freelist: 215.
num_chunk_merges: 0.
num_chunk_splits: 140.
num_chunks_enlarged: 77.
num_inconsistent_stats: 0.

CodeHeap 'non-profiled nmethods': size=120000Kb used=312Kb max_used=312Kb free=119687Kb
 bounds [0x0000018519900000, 0x0000018519b70000, 0x0000018520e30000]
CodeHeap 'profiled nmethods': size=120000Kb used=1386Kb max_used=1386Kb free=118613Kb
 bounds [0x0000018511e30000, 0x00000185120a0000, 0x0000018519360000]
CodeHeap 'non-nmethods': size=5760Kb used=1200Kb max_used=1218Kb free=4559Kb
 bounds [0x0000018519360000, 0x00000185195d0000, 0x0000018519900000]
CodeCache: size=245760Kb, used=2898Kb, max_used=2916Kb, free=242859Kb
 total_blobs=1335, nmethods=886, adapters=356, full_count=0
Compilation: enabled, stopped_count=0, restarted_count=0

Compilation events (20 events):
Event: 0.713 Thread 0x000001856c020830  848       3       java.lang.invoke.MethodHandleStatics::dumper (4 bytes)
Event: 0.713 Thread 0x000001856c020830 nmethod 848 0x0000018511f72310 code [0x0000018511f724a0, 0x0000018511f72598]
Event: 0.713 Thread 0x000001856c020830  846       3       jdk.internal.org.objectweb.asm.MethodWriter::visitLabel (330 bytes)
Event: 0.714 Thread 0x000001856c020830 nmethod 846 0x0000018511f72610 code [0x0000018511f72860, 0x0000018511f73188]
Event: 0.715 Thread 0x000001856c020830  850       3       java.lang.invoke.InvokerBytecodeGenerator::emitPushArguments (45 bytes)
Event: 0.715 Thread 0x000001856c020830 nmethod 850 0x0000018511f73410 code [0x0000018511f73600, 0x0000018511f73b48]
Event: 0.715 Thread 0x000001856c020830  849       3       java.util.ImmutableCollections$List12::size (16 bytes)
Event: 0.716 Thread 0x000001856c020830 nmethod 849 0x0000018511f73e10 code [0x0000018511f73fc0, 0x0000018511f74150]
Event: 0.716 Thread 0x000001856c020830  851       3       jdk.internal.org.objectweb.asm.Frame::push (59 bytes)
Event: 0.716 Thread 0x000001856c020830 nmethod 851 0x0000018511f74210 code [0x0000018511f74460, 0x0000018511f74bf0]
Event: 0.716 Thread 0x000001856c020830  855       3       jdk.internal.org.objectweb.asm.SymbolTable$Entry::<init> (20 bytes)
Event: 0.717 Thread 0x000001856c020830 nmethod 855 0x0000018511f74f90 code [0x0000018511f75140, 0x0000018511f75298]
Event: 0.717 Thread 0x000001856c020830  854       3       jdk.internal.org.objectweb.asm.MethodVisitor::<init> (78 bytes)
Event: 0.717 Thread 0x000001856c020830 nmethod 854 0x0000018511f75390 code [0x0000018511f755c0, 0x0000018511f75d18]
Event: 0.717 Thread 0x000001856c020830  857       3       java.lang.invoke.MethodType::toMethodDescriptorString (28 bytes)
Event: 0.717 Thread 0x000001856c020830 nmethod 857 0x0000018511f76010 code [0x0000018511f761c0, 0x0000018511f76368]
Event: 0.717 Thread 0x000001856c020830  856       1       java.lang.Integer::intValue (5 bytes)
Event: 0.717 Thread 0x000001856c020830 nmethod 856 0x000001851994bb10 code [0x000001851994bca0, 0x000001851994bd68]
Event: 0.718 Thread 0x000001856c020830  858       1       java.lang.String::value (5 bytes)
Event: 0.718 Thread 0x000001856c020830 nmethod 858 0x000001851994be10 code [0x000001851994bfa0, 0x000001851994c068]

GC Heap History (0 events):
No events

Dll operation events (8 events):
Event: 0.011 Loaded shared library c:\Users\DELL\.vscode\extensions\redhat.java-1.55.0-win32-x64\jre\21.0.11-win32-x86_64\bin\java.dll
Event: 0.099 Loaded shared library c:\Users\DELL\.vscode\extensions\redhat.java-1.55.0-win32-x64\jre\21.0.11-win32-x86_64\bin\zip.dll
Event: 0.128 Loaded shared library C:\Users\DELL\.vscode\extensions\redhat.java-1.55.0-win32-x64\jre\21.0.11-win32-x86_64\bin\instrument.dll
Event: 0.138 Loaded shared library C:\Users\DELL\.vscode\extensions\redhat.java-1.55.0-win32-x64\jre\21.0.11-win32-x86_64\bin\net.dll
Event: 0.142 Loaded shared library C:\Users\DELL\.vscode\extensions\redhat.java-1.55.0-win32-x64\jre\21.0.11-win32-x86_64\bin\nio.dll
Event: 0.146 Loaded shared library C:\Users\DELL\.vscode\extensions\redhat.java-1.55.0-win32-x64\jre\21.0.11-win32-x86_64\bin\zip.dll
Event: 0.176 Loaded shared library C:\Users\DELL\.vscode\extensions\redhat.java-1.55.0-win32-x64\jre\21.0.11-win32-x86_64\bin\jimage.dll
Event: 0.272 Loaded shared library c:\Users\DELL\.vscode\extensions\redhat.java-1.55.0-win32-x64\jre\21.0.11-win32-x86_64\bin\verify.dll

Deoptimization events (20 events):
Event: 0.524 Thread 0x000001850ec303e0 Uncommon trap: trap_request=0xffffff45 fr.pc=0x0000018519921074 relative=0x00000000000000d4
Event: 0.524 Thread 0x000001850ec303e0 Uncommon trap: reason=unstable_if action=reinterpret pc=0x0000018519921074 method=java.net.URI.match(CJJ)Z @ 45 c2
Event: 0.524 Thread 0x000001850ec303e0 DEOPT PACKING pc=0x0000018519921074 sp=0x000000349f4fd000
Event: 0.524 Thread 0x000001850ec303e0 DEOPT UNPACKING pc=0x00000185193b6da2 sp=0x000000349f4fcf68 mode 2
Event: 0.584 Thread 0x000001850ec303e0 Uncommon trap: trap_request=0xffffff45 fr.pc=0x0000018519920ca4 relative=0x0000000000000184
Event: 0.584 Thread 0x000001850ec303e0 Uncommon trap: reason=unstable_if action=reinterpret pc=0x0000018519920ca4 method=java.lang.StringUTF16.compress([CI[BII)I @ 20 c2
Event: 0.584 Thread 0x000001850ec303e0 DEOPT PACKING pc=0x0000018519920ca4 sp=0x000000349f4fbc90
Event: 0.584 Thread 0x000001850ec303e0 DEOPT UNPACKING pc=0x00000185193b6da2 sp=0x000000349f4fbc00 mode 2
Event: 0.676 Thread 0x000001850ec303e0 Uncommon trap: trap_request=0xffffff45 fr.pc=0x000001851994752c relative=0x000000000000008c
Event: 0.676 Thread 0x000001850ec303e0 Uncommon trap: reason=unstable_if action=reinterpret pc=0x000001851994752c method=jdk.internal.misc.Unsafe.convEndian(ZI)I @ 4 c2
Event: 0.676 Thread 0x000001850ec303e0 DEOPT PACKING pc=0x000001851994752c sp=0x000000349f4fdbc0
Event: 0.676 Thread 0x000001850ec303e0 DEOPT UNPACKING pc=0x00000185193b6da2 sp=0x000000349f4fdaf0 mode 2
Event: 0.679 Thread 0x000001850ec303e0 Uncommon trap: trap_request=0xffffff45 fr.pc=0x000001851993213c relative=0x000000000000065c
Event: 0.679 Thread 0x000001850ec303e0 Uncommon trap: reason=unstable_if action=reinterpret pc=0x000001851993213c method=java.lang.AbstractStringBuilder.append(Ljava/lang/String;)Ljava/lang/AbstractStringBuilder; @ 1 c2
Event: 0.679 Thread 0x000001850ec303e0 DEOPT PACKING pc=0x000001851993213c sp=0x000000349f4fdf20
Event: 0.680 Thread 0x000001850ec303e0 DEOPT UNPACKING pc=0x00000185193b6da2 sp=0x000000349f4fdeb0 mode 2
Event: 0.680 Thread 0x000001850ec303e0 Uncommon trap: trap_request=0xffffff45 fr.pc=0x0000018519932db0 relative=0x0000000000000650
Event: 0.680 Thread 0x000001850ec303e0 Uncommon trap: reason=unstable_if action=reinterpret pc=0x0000018519932db0 method=java.lang.AbstractStringBuilder.append(Ljava/lang/String;)Ljava/lang/AbstractStringBuilder; @ 1 c2
Event: 0.680 Thread 0x000001850ec303e0 DEOPT PACKING pc=0x0000018519932db0 sp=0x000000349f4fded0
Event: 0.680 Thread 0x000001850ec303e0 DEOPT UNPACKING pc=0x00000185193b6da2 sp=0x000000349f4fdeb8 mode 2

Classes loaded (20 events):
Event: 0.684 Loading class java/util/regex/Pattern$1MatcherIterator
Event: 0.684 Loading class java/util/regex/Pattern$1MatcherIterator done
Event: 0.685 Loading class java/util/ImmutableCollections$Access
Event: 0.685 Loading class java/util/ImmutableCollections$Access done
Event: 0.685 Loading class java/util/ImmutableCollections$Access$1
Event: 0.685 Loading class jdk/internal/access/JavaUtilCollectionAccess
Event: 0.685 Loading class jdk/internal/access/JavaUtilCollectionAccess done
Event: 0.685 Loading class java/util/ImmutableCollections$Access$1 done
Event: 0.688 Loading class java/util/stream/Nodes$SpinedNodeBuilder
Event: 0.688 Loading class java/util/stream/SpinedBuffer
Event: 0.689 Loading class java/util/stream/AbstractSpinedBuffer
Event: 0.689 Loading class java/util/stream/AbstractSpinedBuffer done
Event: 0.689 Loading class java/util/stream/SpinedBuffer done
Event: 0.689 Loading class java/util/stream/Nodes$SpinedNodeBuilder done
Event: 0.696 Loading class java/lang/invoke/DirectMethodHandle$Special
Event: 0.697 Loading class java/lang/invoke/DirectMethodHandle$Special done
Event: 0.709 Loading class java/util/stream/ReduceOps$2
Event: 0.709 Loading class java/util/stream/ReduceOps$2 done
Event: 0.709 Loading class java/util/stream/ReduceOps$2ReducingSink
Event: 0.709 Loading class java/util/stream/ReduceOps$2ReducingSink done

Classes unloaded (0 events):
No events

Classes redefined (0 events):
No events

Internal exceptions (20 events):
Event: 0.225 Thread 0x000001850ec303e0 Exception <a 'java/lang/NoSuchMethodError'{0x00000000d59e8060}: 'void java.lang.invoke.DelegatingMethodHandle$Holder.reinvoke_L(java.lang.Object, java.lang.Object, java.lang.Object, int, java.lang.Object)'> (0x00000000d59e8060) 
thrown [s\src\hotspot\share\interpreter\linkResolver.cpp, line 773]
Event: 0.229 Thread 0x000001850ec303e0 Exception <a 'java/lang/NoSuchMethodError'{0x00000000d59f89b0}: 'int java.lang.invoke.DirectMethodHandle$Holder.invokeSpecial(java.lang.Object, java.lang.Object, java.lang.Object)'> (0x00000000d59f89b0) 
thrown [s\src\hotspot\share\interpreter\linkResolver.cpp, line 773]
Event: 0.231 Thread 0x000001850ec303e0 Exception <a 'java/lang/NoSuchMethodError'{0x00000000d5a04670}: 'java.lang.Object java.lang.invoke.DirectMethodHandle$Holder.invokeStatic(java.lang.Object, java.lang.Object, int)'> (0x00000000d5a04670) 
thrown [s\src\hotspot\share\interpreter\linkResolver.cpp, line 773]
Event: 0.232 Thread 0x000001850ec303e0 Exception <a 'java/lang/NoSuchMethodError'{0x00000000d5a08fc0}: 'void java.lang.invoke.DirectMethodHandle$Holder.invokeStatic(java.lang.Object, java.lang.Object, int, java.lang.Object)'> (0x00000000d5a08fc0) 
thrown [s\src\hotspot\share\interpreter\linkResolver.cpp, line 773]
Event: 0.233 Thread 0x000001850ec303e0 Exception <a 'java/lang/NoSuchMethodError'{0x00000000d5a0cb50}: 'void java.lang.invoke.DirectMethodHandle$Holder.invokeSpecial(java.lang.Object, java.lang.Object, java.lang.Object, int, java.lang.Object)'> (0x00000000d5a0cb50) 
thrown [s\src\hotspot\share\interpreter\linkResolver.cpp, line 773]
Event: 0.233 Thread 0x000001850ec303e0 Exception <a 'java/lang/NoSuchMethodError'{0x00000000d5a0ffc0}: 'void java.lang.invoke.DelegatingMethodHandle$Holder.delegate(java.lang.Object, java.lang.Object, int, java.lang.Object)'> (0x00000000d5a0ffc0) 
thrown [s\src\hotspot\share\interpreter\linkResolver.cpp, line 773]
Event: 0.302 Thread 0x000001850ec303e0 Exception <a 'java/lang/NoSuchMethodError'{0x00000000d5bcedc8}: 'void java.lang.invoke.DelegatingMethodHandle$Holder.reinvoke_L(java.lang.Object, java.lang.Object, java.lang.Object, int)'> (0x00000000d5bcedc8) 
thrown [s\src\hotspot\share\interpreter\linkResolver.cpp, line 773]
Event: 0.501 Thread 0x000001850ec303e0 Exception <a 'java/lang/NoSuchMethodError'{0x00000000d605bae0}: 'void java.lang.invoke.DirectMethodHandle$Holder.invokeVirtual(java.lang.Object, java.lang.Object)'> (0x00000000d605bae0) 
thrown [s\src\hotspot\share\interpreter\linkResolver.cpp, line 773]
Event: 0.650 Thread 0x000001850ec303e0 Exception <a 'java/lang/NoSuchMethodError'{0x00000000d64440f0}: 'void java.lang.invoke.DirectMethodHandle$Holder.invokeStatic(java.lang.Object, java.lang.Object)'> (0x00000000d64440f0) 
thrown [s\src\hotspot\share\interpreter\linkResolver.cpp, line 773]
Event: 0.656 Thread 0x000001850ec303e0 Exception <a 'java/lang/ClassNotFoundException'{0x00000000d646c1e8}: sun/net/www/protocol/c/Handler> (0x00000000d646c1e8) 
thrown [s\src\hotspot\share\classfile\systemDictionary.cpp, line 313]
Event: 0.673 Thread 0x000001850ec303e0 Exception <a 'java/io/FileNotFoundException'{0x00000000d64c92b0}> (0x00000000d64c92b0) 
thrown [s\src\hotspot\share\prims\jni.cpp, line 520]
Event: 0.674 Thread 0x000001850ec303e0 Exception <a 'java/io/FileNotFoundException'{0x00000000d64ca5d8}> (0x00000000d64ca5d8) 
thrown [s\src\hotspot\share\prims\jni.cpp, line 520]
Event: 0.674 Thread 0x000001850ec303e0 Exception <a 'java/io/FileNotFoundException'{0x00000000d64cb250}> (0x00000000d64cb250) 
thrown [s\src\hotspot\share\prims\jni.cpp, line 520]
Event: 0.674 Thread 0x000001850ec303e0 Exception <a 'java/io/FileNotFoundException'{0x00000000d64cbd90}> (0x00000000d64cbd90) 
thrown [s\src\hotspot\share\prims\jni.cpp, line 520]
Event: 0.679 Thread 0x000001850ec303e0 Implicit null exception at 0x0000018519931b24 to 0x0000018519932124
Event: 0.680 Thread 0x000001850ec303e0 Implicit null exception at 0x00000185199327a0 to 0x0000018519932d98
Event: 0.683 Thread 0x000001850ec303e0 Exception <a 'java/io/FileNotFoundException'{0x00000000d6505f20}> (0x00000000d6505f20) 
thrown [s\src\hotspot\share\prims\jni.cpp, line 520]
Event: 0.698 Thread 0x000001850ec303e0 Exception <a 'java/lang/NoSuchMethodError'{0x00000000d6541f70}: 'java.lang.Object java.lang.invoke.DirectMethodHandle$Holder.invokeInterface(java.lang.Object, java.lang.Object)'> (0x00000000d6541f70) 
thrown [s\src\hotspot\share\interpreter\linkResolver.cpp, line 773]
Event: 0.702 Thread 0x000001850ec303e0 Exception <a 'java/lang/NoSuchMethodError'{0x00000000d6555a90}: 'java.lang.Object java.lang.invoke.Invokers$Holder.invokeExact_MT(java.lang.Object, java.lang.Object, java.lang.Object, java.lang.Object, java.lang.Object, java.lang.Object)'> (0x00000000d6555a90) 
thrown [s\src\hotspot\share\interpreter\linkResolver.cpp, line 773]
Event: 0.707 Thread 0x000001850ec303e0 Exception <a 'java/lang/NoSuchMethodError'{0x00000000d656cb68}: 'int java.lang.invoke.DirectMethodHandle$Holder.invokeStatic(java.lang.Object, java.lang.Object, java.lang.Object, java.lang.Object, java.lang.Object)'> (0x00000000d656cb68) 
thrown [s\src\hotspot\share\interpreter\linkResolver.cpp, line 773]

ZGC Phase Switch (0 events):
No events

VM Operations (8 events):
Event: 0.094 Executing non-safepoint VM operation: HandshakeAllThreads (Deoptimize)
Event: 0.094 Executing non-safepoint VM operation: HandshakeAllThreads (Deoptimize) done
Event: 0.194 Executing non-safepoint VM operation: HandshakeAllThreads (Deoptimize)
Event: 0.194 Executing non-safepoint VM operation: HandshakeAllThreads (Deoptimize) done
Event: 0.619 Executing non-safepoint VM operation: HandshakeAllThreads (Deoptimize)
Event: 0.619 Executing non-safepoint VM operation: HandshakeAllThreads (Deoptimize) done
Event: 0.644 Executing non-safepoint VM operation: HandshakeAllThreads (Deoptimize)
Event: 0.644 Executing non-safepoint VM operation: HandshakeAllThreads (Deoptimize) done

Memory protections (0 events):
No events

Nmethod flushes (0 events):
No events

Events (12 events):
Event: 0.035 Thread 0x000001850ec303e0 Thread added: 0x000001850ec303e0
Event: 0.051 Thread 0x000001850ec303e0 Thread added: 0x00000185256a84e0
Event: 0.051 Thread 0x000001850ec303e0 Thread added: 0x000001850eced720
Event: 0.052 Thread 0x000001850ec303e0 Thread added: 0x00000185256aa6f0
Event: 0.052 Thread 0x000001850ec303e0 Thread added: 0x00000185256ae0f0
Event: 0.052 Thread 0x000001850ec303e0 Thread added: 0x00000185256b0ee0
Event: 0.055 Thread 0x000001850ec303e0 Thread added: 0x00000185256aee10
Event: 0.056 Thread 0x000001850ec303e0 Thread added: 0x00000185256c6580
Event: 0.056 Thread 0x000001850ec303e0 Thread added: 0x000001856c020830
Event: 0.111 Thread 0x000001856c020830 Thread added: 0x000001856c13cb30
Event: 0.133 Thread 0x000001850ec303e0 Thread added: 0x00000185256ada60
Event: 0.390 Thread 0x000001850ec303e0 Thread added: 0x00000185256ae780


Dynamic libraries:
0x00007ff680670000 - 0x00007ff68067e000 	c:\Users\DELL\.vscode\extensions\redhat.java-1.55.0-win32-x64\jre\21.0.11-win32-x86_64\bin\java.exe
0x00007ffbfb980000 - 0x00007ffbfbbe6000 	C:\WINDOWS\SYSTEM32\ntdll.dll
0x00007ffbfa8b0000 - 0x00007ffbfa979000 	C:\WINDOWS\System32\KERNEL32.DLL
0x00007ffbf9140000 - 0x00007ffbf953f000 	C:\WINDOWS\System32\KERNELBASE.dll
0x00007ffbf9550000 - 0x00007ffbf969c000 	C:\WINDOWS\System32\ucrtbase.dll
0x00007ffbe3db0000 - 0x00007ffbe3dc8000 	c:\Users\DELL\.vscode\extensions\redhat.java-1.55.0-win32-x64\jre\21.0.11-win32-x86_64\bin\jli.dll
0x00007ffbfa500000 - 0x00007ffbfa6c6000 	C:\WINDOWS\System32\USER32.dll
0x00007ffbbdca0000 - 0x00007ffbbdcbe000 	c:\Users\DELL\.vscode\extensions\redhat.java-1.55.0-win32-x64\jre\21.0.11-win32-x86_64\bin\VCRUNTIME140.dll
0x00007ffbf8e50000 - 0x00007ffbf8e77000 	C:\WINDOWS\System32\win32u.dll
0x00007ffbfaed0000 - 0x00007ffbfaefb000 	C:\WINDOWS\System32\GDI32.dll
0x00007ffbda4c0000 - 0x00007ffbda751000 	C:\WINDOWS\WinSxS\amd64_microsoft.windows.common-controls_6595b64144ccf1df_6.0.26100.8972_none_3e0da176e32f9d4b\COMCTL32.dll
0x00007ffbf8b90000 - 0x00007ffbf8cb9000 	C:\WINDOWS\System32\gdi32full.dll
0x00007ffbf8e80000 - 0x00007ffbf8f23000 	C:\WINDOWS\System32\msvcp_win.dll
0x00007ffbfb830000 - 0x00007ffbfb8d9000 	C:\WINDOWS\System32\msvcrt.dll
0x00007ffbf96b0000 - 0x00007ffbf96e2000 	C:\WINDOWS\System32\IMM32.DLL
0x00007ffbe3da0000 - 0x00007ffbe3dac000 	c:\Users\DELL\.vscode\extensions\redhat.java-1.55.0-win32-x64\jre\21.0.11-win32-x86_64\bin\vcruntime140_1.dll
0x00007ffb6f590000 - 0x00007ffb6f61d000 	c:\Users\DELL\.vscode\extensions\redhat.java-1.55.0-win32-x64\jre\21.0.11-win32-x86_64\bin\msvcp140.dll
0x00007ffb1f6c0000 - 0x00007ffb20462000 	c:\Users\DELL\.vscode\extensions\redhat.java-1.55.0-win32-x64\jre\21.0.11-win32-x86_64\bin\server\jvm.dll
0x00007ffbf9b20000 - 0x00007ffbf9bdc000 	C:\WINDOWS\System32\ADVAPI32.dll
0x00007ffbfa980000 - 0x00007ffbfaa2a000 	C:\WINDOWS\System32\sechost.dll
0x00007ffbfac90000 - 0x00007ffbfada8000 	C:\WINDOWS\System32\RPCRT4.dll
0x00007ffbfaa30000 - 0x00007ffbfaab2000 	C:\WINDOWS\System32\WS2_32.dll
0x00007ffbf89f0000 - 0x00007ffbf8a4e000 	C:\WINDOWS\SYSTEM32\POWRPROF.dll
0x00007ffbecf80000 - 0x00007ffbecfb6000 	C:\WINDOWS\SYSTEM32\WINMM.dll
0x00007ffbecd60000 - 0x00007ffbecd6b000 	C:\WINDOWS\SYSTEM32\VERSION.dll
0x00007ffbf89d0000 - 0x00007ffbf89e5000 	C:\WINDOWS\SYSTEM32\UMPDC.dll
0x00007ffbf7880000 - 0x00007ffbf789b000 	C:\WINDOWS\SYSTEM32\kernel.appcore.dll
0x00007ffbbeab0000 - 0x00007ffbbeaba000 	c:\Users\DELL\.vscode\extensions\redhat.java-1.55.0-win32-x64\jre\21.0.11-win32-x86_64\bin\jimage.dll
0x00007ffbf60e0000 - 0x00007ffbf6322000 	C:\WINDOWS\SYSTEM32\DBGHELP.DLL
0x00007ffbfa110000 - 0x00007ffbfa495000 	C:\WINDOWS\System32\combase.dll
0x00007ffbfabb0000 - 0x00007ffbfac89000 	C:\WINDOWS\System32\OLEAUT32.dll
0x00007ffbd7040000 - 0x00007ffbd707b000 	C:\WINDOWS\SYSTEM32\dbgcore.DLL
0x00007ffbf9080000 - 0x00007ffbf912c000 	C:\WINDOWS\System32\bcryptPrimitives.dll
0x00007ffbbd8c0000 - 0x00007ffbbd8cf000 	c:\Users\DELL\.vscode\extensions\redhat.java-1.55.0-win32-x64\jre\21.0.11-win32-x86_64\bin\instrument.dll
0x00007ffbaba10000 - 0x00007ffbaba30000 	c:\Users\DELL\.vscode\extensions\redhat.java-1.55.0-win32-x64\jre\21.0.11-win32-x86_64\bin\java.dll
0x00007ffbfb0a0000 - 0x00007ffbfb828000 	C:\WINDOWS\System32\SHELL32.dll
0x00007ffbf6610000 - 0x00007ffbf6eab000 	C:\WINDOWS\SYSTEM32\windows.storage.dll
0x00007ffbfadd0000 - 0x00007ffbfaec9000 	C:\WINDOWS\System32\SHCORE.dll
0x00007ffbf9ab0000 - 0x00007ffbf9b16000 	C:\WINDOWS\System32\shlwapi.dll
0x00007ffbf8ab0000 - 0x00007ffbf8ad9000 	C:\WINDOWS\SYSTEM32\profapi.dll
0x00007ffbab860000 - 0x00007ffbab878000 	c:\Users\DELL\.vscode\extensions\redhat.java-1.55.0-win32-x64\jre\21.0.11-win32-x86_64\bin\zip.dll
0x00007ffbbbac0000 - 0x00007ffbbbad0000 	C:\Users\DELL\.vscode\extensions\redhat.java-1.55.0-win32-x64\jre\21.0.11-win32-x86_64\bin\net.dll
0x00007ffbf2b90000 - 0x00007ffbf2cb8000 	C:\WINDOWS\SYSTEM32\WINHTTP.dll
0x00007ffbf7e30000 - 0x00007ffbf7e9c000 	C:\WINDOWS\system32\mswsock.dll
0x00007ffbaa600000 - 0x00007ffbaa616000 	C:\Users\DELL\.vscode\extensions\redhat.java-1.55.0-win32-x64\jre\21.0.11-win32-x86_64\bin\nio.dll
0x00007ffbb0930000 - 0x00007ffbb0940000 	c:\Users\DELL\.vscode\extensions\redhat.java-1.55.0-win32-x64\jre\21.0.11-win32-x86_64\bin\verify.dll

JVMTI agents:
c:\Users\DELL\.vscode\extensions\redhat.java-1.55.0-win32-x64\lombok\lombok-1.18.39-4050.jar path:c:\Users\DELL\.vscode\extensions\redhat.java-1.55.0-win32-x64\jre\21.0.11-win32-x86_64\bin\instrument.dll, loaded, initialized, instrumentlib options:none

dbghelp: loaded successfully - version: 4.0.5 - missing functions: none
symbol engine: initialized successfully - sym options: 0x614 - pdb path: .;c:\Users\DELL\.vscode\extensions\redhat.java-1.55.0-win32-x64\jre\21.0.11-win32-x86_64\bin;C:\WINDOWS\SYSTEM32;C:\WINDOWS\WinSxS\amd64_microsoft.windows.common-controls_6595b64144ccf1df_6.0.26100.8972_none_3e0da176e32f9d4b;c:\Users\DELL\.vscode\extensions\redhat.java-1.55.0-win32-x64\jre\21.0.11-win32-x86_64\bin\server

VM Arguments:
jvm_args: --add-modules=ALL-SYSTEM --add-opens=java.base/java.util=ALL-UNNAMED --add-opens=java.base/java.lang=ALL-UNNAMED --add-opens=java.base/sun.nio.fs=ALL-UNNAMED -Declipse.application=org.eclipse.jdt.ls.core.id1 -Dosgi.bundles.defaultStartLevel=4 -Declipse.product=org.eclipse.jdt.ls.core.product -Djava.import.generatesMetadataFilesAtProjectRoot=false -DDetectVMInstallationsJob.disabled=true -Dfile.encoding=utf8 -XX:+UseParallelGC -XX:GCTimeRatio=4 -XX:AdaptiveSizePolicyWeight=90 -Dsun.zip.disableMemoryMapping=true -Xmx2G -Xms100m -Xlog:disable -javaagent:c:\Users\DELL\.vscode\extensions\redhat.java-1.55.0-win32-x64\lombok\lombok-1.18.39-4050.jar 
java_command: c:\Users\DELL\.vscode\extensions\redhat.java-1.55.0-win32-x64\server\plugins\org.eclipse.equinox.launcher_1.7.200.v20260619-2039.jar -configuration c:\Users\DELL\AppData\Roaming\Code\User\globalStorage\redhat.java\1.55.0\config_ss_win -data c:\Users\DELL\AppData\Roaming\Code\User\workspaceStorage\9eb14853205e273cbd332edeb5d555d8\redhat.java\ss_ws --pipe=\\.\pipe\lsp-be30e2f463b3adf2e8b394122950e7bf-sock
java_class_path (initial): c:\Users\DELL\.vscode\extensions\redhat.java-1.55.0-win32-x64\server\plugins\org.eclipse.equinox.launcher_1.7.200.v20260619-2039.jar
Launcher Type: SUN_STANDARD

[Global flags]
    uintx AdaptiveSizePolicyWeight                 = 90                                        {product} {command line}
     intx CICompilerCount                          = 4                                         {product} {ergonomic}
    uintx GCTimeRatio                              = 4                                         {product} {command line}
   size_t InitialHeapSize                          = 104857600                                 {product} {command line}
   size_t MaxHeapSize                              = 2147483648                                {product} {command line}
   size_t MaxNewSize                               = 715653120                                 {product} {ergonomic}
   size_t MinHeapDeltaBytes                        = 524288                                    {product} {ergonomic}
   size_t MinHeapSize                              = 104857600                                 {product} {command line}
   size_t NewSize                                  = 34603008                                  {product} {ergonomic}
    uintx NonNMethodCodeHeapSize                   = 5839372                                {pd product} {ergonomic}
    uintx NonProfiledCodeHeapSize                  = 122909434                              {pd product} {ergonomic}
   size_t OldSize                                  = 70254592                                  {product} {ergonomic}
    uintx ProfiledCodeHeapSize                     = 122909434                              {pd product} {ergonomic}
    uintx ReservedCodeCacheSize                    = 251658240                              {pd product} {ergonomic}
     bool SegmentedCodeCache                       = true                                      {product} {ergonomic}
   size_t SoftMaxHeapSize                          = 2147483648                             {manageable} {ergonomic}
     bool UseCompressedOops                        = true                           {product lp64_product} {ergonomic}
     bool UseLargePagesIndividualAllocation        = false                                  {pd product} {ergonomic}
     bool UseParallelGC                            = true                                      {product} {command line}

Logging:
Log output configuration:
 #0: stdout all=off uptime,level,tags foldmultilines=false
 #1: stderr all=off uptime,level,tags foldmultilines=false

Release file:
JAVA_VERSION="21.0.11" 
MODULES="java.base java.compiler java.datatransfer java.xml java.prefs java.desktop java.instrument java.logging java.management java.security.sasl java.naming java.rmi java.management.rmi java.net.http java.scripting java.security.jgss java.transaction.xa java.sql java.sql.rowset java.xml.crypto java.se java.smartcardio jdk.accessibility jdk.internal.jvmstat jdk.attach jdk.charsets jdk.internal.opt jdk.zipfs jdk.compiler jdk.crypto.ec jdk.crypto.cryptoki jdk.crypto.mscapi jdk.dynalink jdk.internal.ed jdk.editpad jdk.hotspot.agent jdk.httpserver jdk.internal.le jdk.internal.vm.ci jdk.internal.vm.compiler jdk.internal.vm.compiler.management jdk.jartool jdk.javadoc jdk.jcmd jdk.management jdk.management.agent jdk.jconsole jdk.jdeps jdk.jdwp.agent jdk.jdi jdk.jfr jdk.jshell jdk.jsobject jdk.jstatd jdk.localedata jdk.management.jfr jdk.naming.dns jdk.naming.rmi jdk.net jdk.nio.mapmode jdk.random jdk.sctp jdk.security.auth jdk.security.jgss jdk.unsupported jdk.unsupported.desktop jdk.xml.dom" 

Environment Variables:
PATH=D:\flutter\bin;C:\Program Files (x86)\VMware\VMware Workstation\bin\;C:\Program Files\Common Files\Oracle\Java\javapath;C:\WINDOWS\system32;C:\WINDOWS;C:\WINDOWS\System32\Wbem;C:\WINDOWS\System32\WindowsPowerShell\v1.0\;C:\WINDOWS\System32\OpenSSH\;C:\Program Files (x86)\Microsoft SQL Server\100\Tools\Binn\;C:\Program Files\Microsoft SQL Server\100\Tools\Binn\;C:\Program Files\Microsoft SQL Server\100\DTS\Binn\;C:\Program Files\Microsoft SQL Server\150\Tools\Binn\;C:\Program Files\Microsoft SQL Server\Client SDK\ODBC\170\Tools\Binn\;C:\Program Files (x86)\Microsoft SQL Server\150\Tools\Binn\;C:\Program Files\Microsoft SQL Server\150\DTS\Binn\;C:\Program Files (x86)\Microsoft SQL Server\160\DTS\Binn\;C:\Program Files\Git\cmd;C:\ProgramData\chocolatey\bin;C:\Users\DELL\AppData\Local\nvm;C:\Users\nodejs;C:\ProgramData\ComposerSetup\bin;C:\xampp\php;C:\Program Files\Apache Software Foundation\apache-maven-3.9.15\bin;C:\Program Files\Apache Software Foundation\apache-maven-3.9.15\bin;C:\Program Files\dotnet\;C:\Users\DELL\AppData\Local\Programs\Python\Python313\Scripts\;C:\Users\DELL\AppData\Local\Programs\Python\Python313\;C:\Users\DELL\AppData\Local\Programs\Python\Python312\Scripts\;C:\Users\DELL\AppData\Local\Programs\Python\Python312\;C:\Users\DELL\AppData\Local\Microsoft\WindowsApps;C:\Users\DELL\AppData\Local\Programs\Microsoft VS Code\bin;C:\Users\DELL\AppData\Local\GitHubDesktop\bin;C:\Users\DELL\AppData\Roaming\npm;C:\Users\DELL\AppData\Local\nvm;C:\Users\nodejs;C:\Program Files\R\R-4.5.0\bin;C:\php-8.5.1;C:\Users\DELL\AppData\Roaming\Composer\vendor\bin;C:\Program Files\php-8.5.1
USERNAME=DELL
OS=Windows_NT
PROCESSOR_IDENTIFIER=Intel64 Family 6 Model 140 Stepping 1, GenuineIntel
TMP=C:\Users\DELL\AppData\Local\Temp
TEMP=C:\Users\DELL\AppData\Local\Temp




Periodic native trim disabled

---------------  S Y S T E M  ---------------

OS:
 Windows 11 , 64 bit Build 26100 (10.0.26100.9168)
OS uptime: 0 days 2:02 hours
Hyper-V role detected

CPU: total 8 (initial active 8) (4 cores per cpu, 2 threads per core) family 6 model 140 stepping 1 microcode 0xbe, cx8, cmov, fxsr, ht, mmx, 3dnowpref, sse, sse2, sse3, ssse3, sse4.1, sse4.2, popcnt, lzcnt, tsc, tscinvbit, avx, avx2, aes, erms, clmul, bmi1, bmi2, adx, avx512f, avx512dq, avx512cd, avx512bw, avx512vl, sha, fma, vzeroupper, avx512_vpopcntdq, avx512_vpclmulqdq, avx512_vaes, avx512_vnni, clflush, clflushopt, clwb, avx512_vbmi2, avx512_vbmi, hv, rdtscp, rdpid, fsrm, gfni, avx512_bitalg, f16c, cet_ibt, cet_ss, avx512_ifma
Processor Information for the first 8 processors :
  Max Mhz: 2995, Current Mhz: 2995, Mhz Limit: 2995

Memory: 4k page, system-wide physical 7930M (384M free)
TotalPageFile size 19068M (AvailPageFile size 0M)
current process WorkingSet (physical memory assigned to process): 69M, peak: 69M
current process commit charge ("private bytes"): 234M, peak: 235M

vm_info: OpenJDK 64-Bit Server VM (21.0.11+10-LTS) for windows-amd64 JRE (21.0.11+10-LTS), built on 2026-04-21T00:00:00Z by "admin" with MS VC++ 17.12 (VS2022)

END.
